ets Jul 29 2019 12:21:46

rst:0x1 (POWERON_RESET),boot:0x13 (SPI_FAST_FLASH_BOOT)
configsip: 0, SPIWP:0xee
clk_drv:0x00,q_drv:0x00,d_drv:0x00,cs0_drv:0x00,hd_drv:0x00,wp_drv:0x00
mode:DIO, clock div:2
load:0x3fff0030,len:7172
load:0x40078000,len:15540
load:0x40080400,len:4
ho 8 tail 4 room 4
load:0x40080404,len:3904
entry 0x40080640
[0;32mI (31) boot: ESP-IDF v5.2.1-dirty 2nd stage bootloader[0m
[0;32mI (31) boot: compile time May  7 2024 11:27:35[0m
[0;32mI (31) boot: Multicore bootloader[0m
[0;32mI (36) boot: chip revision: v3.1[0m
[0;32mI (40) boot.esp32: SPI Speed      : 40MHz[0m
[0;32mI (44) boot.esp32: SPI Mode       : DIO[0m
[0;32mI (49) boot.esp32: SPI Flash Size : 2MB[0m
[0;32mI (53) boot: Enabling RNG early entropy source...[0m
[0;32mI (59) boot: Partition Table:[0m
[0;32mI (62) boot: ## Label            Usage          Type ST Offset   Length[0m
[0;32mI (70) boot:  0 nvs              WiFi data        01 02 00009000 00006000[0m
[0;32mI (77) boot:  1 phy_init         RF data          01 01 0000f000 00001000[0m
[0;32mI (85) boot:  2 factory          factory app      00 00 00010000 00100000[0m
[0;32mI (92) boot:  3 storage          Unknown data     01 82 00110000 000f0000[0m
[0;32mI (100) boot: End of partition table[0m
[0;32mI (104) esp_image: segment 0: paddr=00010020 vaddr=3f400020 size=228e8h (141544) map[0m
[0;32mI (161) esp_image: segment 1: paddr=00032910 vaddr=3ffb0000 size=03bech ( 15340) load[0m
[0;32mI (167) esp_image: segment 2: paddr=00036504 vaddr=40080000 size=09b14h ( 39700) load[0m
[0;32mI (183) esp_image: segment 3: paddr=00040020 vaddr=400d0020 size=873e0h (553952) map[0m
[0;32mI (373) esp_image: segment 4: paddr=000c7408 vaddr=40089b14 size=0cb68h ( 52072) load[0m
[0;32mI (405) boot: Loaded app from partition at offset 0x10000[0m
[0;32mI (405) boot: Disabling RNG early entropy source...[0m
[0;32mI (416) cpu_start: Multicore app[0m
[0;32mI (425) cpu_start: Pro cpu start user code[0m
[0;32mI (425) cpu_start: cpu freq: 160000000 Hz[0m
[0;32mI (425) cpu_start: Application information:[0m
[0;32mI (428) cpu_start: Project name:     project-name[0m
[0;32mI (433) cpu_start: App version:      1[0m
[0;32mI (438) cpu_start: Compile time:     May  7 2024 11:27:02[0m
[0;32mI (444) cpu_start: ELF file SHA256:  eabf9a3db...[0m
[0;32mI (449) cpu_start: ESP-IDF:          v5.2.1-dirty[0m
[0;32mI (455) cpu_start: Min chip rev:     v0.0[0m
[0;32mI (459) cpu_start: Max chip rev:     v3.99 [0m
[0;32mI (464) cpu_start: Chip rev:         v3.1[0m
[0;32mI (469) heap_init: Initializing. RAM available for dynamic allocation:[0m
[0;32mI (476) heap_init: At 3FFAE6E0 len 00001920 (6 KiB): DRAM[0m
[0;32mI (482) heap_init: At 3FFB7D10 len 000282F0 (160 KiB): DRAM[0m
[0;32mI (488) heap_init: At 3FFE0440 len 00003AE0 (14 KiB): D/IRAM[0m
[0;32mI (495) heap_init: At 3FFE4350 len 0001BCB0 (111 KiB): D/IRAM[0m
[0;32mI (501) heap_init: At 4009667C len 00009984 (38 KiB): IRAM[0m
[0;32mI (509) spi_flash: detected chip: generic[0m
[0;32mI (512) spi_flash: flash io: dio[0m
[0;33mW (516) spi_flash: Detected size(4096k) larger than the size in the binary image header(2048k). Using the size in the binary image header.[0m
[0;32mI (530) main_task: Started on CPU0[0m
[0;32mI (540) main_task: Calling app_main()[0m
[0;32mI (700) SPIFFS: SPIFFS initialized successfully[0m
[0;32mI (700) SPIFFS: Partition size: total: 896321, used: 1255[0m
[0;31mE (700) SPIFFS: Failed to create new file '../filesView/hello.txt'[0m
Guru Meditation Error: Core  0 panic'ed (LoadProhibited). Exception was unhandled.

Core  0 register dump:
PC      : 0x40141090  PS      : 0x00060d30  A0      : 0x80141114  A1      : 0x3ffb9e30  
A2      : 0x00000015  A3      : 0x3ffb9ea0  A4      : 0x00000001  A5      : 0x00000015  
A6      : 0x00000000  A7      : 0x3ffafd14  A8      : 0x80141090  A9      : 0x3ffb9e10  
A10     : 0x00000000  A11     : 0x3ffb9e44  A12     : 0x00000015  A13     : 0x3ffb9eb4  
A14     : 0x00000884  A15     : 0x00000884  SAR     : 0x00000008  EXCCAUSE: 0x0000001c  
EXCVADDR: 0x00000064  LBEG    : 0x4000c2e0  LEND    : 0x4000c2f6  LCOUNT  : 0x00000000  


Backtrace: 0x4014108d:0x3ffb9e30 0x40141111:0x3ffb9e70 0x400d63b3:0x3ffb9e90 0x400d6461:0x3ffb9f40 0x400d6012:0x3ffb9fd0 0x400d5fce:0x3ffb9ff0 0x4015546f:0x3ffba010 0x40089be9:0x3ffba040




ELF file SHA256: eabf9a3db

Rebooting...
ets Jul 29 2019 12:21:46

rst:0xc (SW_CPU_RESET),boot:0x13 (SPI_FAST_FLASH_BOOT)
configsip: 0, SPIWP:0xee
clk_drv:0x00,q_drv:0x00,d_drv:0x00,cs0_drv:0x00,hd_drv:0x00,wp_drv:0x00
mode:DIO, clock div:2
load:0x3fff0030,len:7172
load:0x40078000,len:15540
load:0x40080400,len:4
ho 8 tail 4 room 4
load:0x40080404,len:3904
entry 0x40080640
[0;32mI (31) boot: ESP-IDF v5.2.1-dirty 2nd stage bootloader[0m
[0;32mI (31) boot: compile time May  7 2024 11:27:35[0m
[0;32mI (31) boot: Multicore bootloader[0m
[0;32mI (36) boot: chip revision: v3.1[0m
[0;32mI (40) boot.esp32: SPI Speed      : 40MHz[0m
[0;32mI (44) boot.esp32: SPI Mode       : DIO[0m
[0;32mI (49) boot.esp32: SPI Flash Size : 2MB[0m
[0;32mI (53) boot: Enabling RNG early entropy source...[0m
[0;32mI (59) boot: Partition Table:[0m
[0;32mI (62) boot: ## Label            Usage          Type ST Offset   Length[0m
[0;32mI (70) boot:  0 nvs              WiFi data        01 02 00009000 00006000[0m
[0;32mI (77) boot:  1 phy_init         RF data          01 01 0000f000 00001000[0m
[0;32mI (84) boot:  2 factory          factory app      00 00 00010000 00100000[0m
[0;32mI (92) boot:  3 storage          Unknown data     01 82 00110000 000f0000[0m
[0;32mI (99) boot: End of partition table[0m
[0;32mI (104) esp_image: segment 0: paddr=00010020 vaddr=3f400020 size=228e8h (141544) map[0m
[0;32mI (161) esp_image: segment 1: paddr=00032910 vaddr=3ffb0000 size=03bech ( 15340) load[0m
[0;32mI (167) esp_image: segment 2: paddr=00036504 vaddr=40080000 size=09b14h ( 39700) load[0m
[0;32mI (182) esp_image: segment 3: paddr=00040020 vaddr=400d0020 size=873e0h (553952) map[0m
[0;32mI (372) esp_image: segment 4: paddr=000c7408 vaddr=40089b14 size=0cb68h ( 52072) load[0m
[0;32mI (404) boot: Loaded app from partition at offset 0x10000[0m
[0;32mI (404) boot: Disabling RNG early entropy source...[0m
[0;32mI (416) cpu_start: Multicore app[0m
[0;32mI (425) cpu_start: Pro cpu start user code[0m
[0;32mI (425) cpu_start: cpu freq: 160000000 Hz[0m
[0;32mI (425) cpu_start: Application information:[0m
[0;32mI (428) cpu_start: Project name:     project-name[0m
[0;32mI (433) cpu_start: App version:      1[0m
[0;32mI (438) cpu_start: Compile time:     May  7 2024 11:27:02[0m
[0;32mI (444) cpu_start: ELF file SHA256:  eabf9a3db...[0m
[0;32mI (449) cpu_start: ESP-IDF:          v5.2.1-dirty[0m
[0;32mI (454) cpu_start: Min chip rev:     v0.0[0m
[0;32mI (459) cpu_start: Max chip rev:     v3.99 [0m
[0;32mI (464) cpu_start: Chip rev:         v3.1[0m
[0;32mI (469) heap_init: Initializing. RAM available for dynamic allocation:[0m
[0;32mI (476) heap_init: At 3FFAE6E0 len 00001920 (6 KiB): DRAM[0m
[0;32mI (482) heap_init: At 3FFB7D10 len 000282F0 (160 KiB): DRAM[0m
[0;32mI (488) heap_init: At 3FFE0440 len 00003AE0 (14 KiB): D/IRAM[0m
[0;32mI (495) heap_init: At 3FFE4350 len 0001BCB0 (111 KiB): D/IRAM[0m
[0;32mI (501) heap_init: At 4009667C len 00009984 (38 KiB): IRAM[0m
[0;32mI (509) spi_flash: detected chip: generic[0m
[0;32mI (512) spi_flash: flash io: dio[0m
[0;33mW (516) spi_flash: Detected size(4096k) larger than the size in the binary image header(2048k). Using the size in the binary image header.[0m
[0;32mI (530) main_task: Started on CPU0[0m
[0;32mI (540) main_task: Calling app_main()[0m
[0;32mI (700) SPIFFS: SPIFFS initialized successfully[0m
[0;32mI (700) SPIFFS: Partition size: total: 896321, used: 1255[0m
[0;31mE (700) SPIFFS: Failed to create new file '../filesView/hello.txt'[0m
Guru Meditation Error: Core  0 panic'ed (LoadProhibited). Exception was unhandled.

Core  0 register dump:
PC      : 0x40141090  PS      : 0x00060d30  A0      : 0x80141114  A1      : 0x3ffb9e30  
A2      : 0x00000015  A3      : 0x3ffb9ea0  A4      : 0x00000001  A5      : 0x00000015  
A6      : 0x00000000  A7      : 0x3ffafd14  A8      : 0x80141090  A9      : 0x3ffb9e10  
A10     : 0x00000000  A11     : 0x3ffb9e44  A12     : 0x00000015  A13     : 0x3ffb9eb4  
A14     : 0x00000884  A15     : 0x00000884  SAR     : 0x00000008  EXCCAUSE: 0x0000001c  
EXCVADDR: 0x00000064  LBEG    : 0x4000c2e0  LEND    : 0x4000c2f6  LCOUNT  : 0x00000000  


Backtrace: 0x4014108d:0x3ffb9e30 0x40141111:0x3ffb9e70 0x400d63b3:0x3ffb9e90 0x400d6461:0x3ffb9f40 0x400d6012:0x3ffb9fd0 0x400d5fce:0x3ffb9ff0 0x4015546f:0x3ffba010 0x40089be9:0x3ffba040




ELF file SHA256: eabf9a3db

Rebooting...
ets Jul 29 2019 12:21:46

rst:0xc (SW_CPU_RESET),boot:0x13 (SPI_FAST_FLASH_BOOT)
configsip: 0, SPIWP:0xee
clk_drv:0x00,q_drv:0x00,d_drv:0x00,cs0_drv:0x00,hd_drv:0x00,wp_drv:0x00
mode:DIO, clock div:2
load:0x3fff0030,len:7172
load:0x40078000,len:15540
load:0x40080400,len:4
ho 8 tail 4 room 4
load:0x40080404,len:3904
entry 0x40080640
[0;32mI (31) boot: ESP-IDF v5.2.1-dirty 2nd stage bootloader[0m
[0;32mI (31) boot: compile time May  7 2024 11:27:35[0m
[0;32mI (31) boot: Multicore bootloader[0m
[0;32mI (36) boot: chip revision: v3.1[0m
[0;32mI (40) boot.esp32: SPI Speed      : 40MHz[0m
[0;32mI (44) boot.esp32: SPI Mode       : DIO[0m
[0;32mI (49) boot.esp32: SPI Flash Size : 2MB[0m
[0;32mI (53) boot: Enabling RNG early entropy source...[0m
[0;32mI (59) boot: Partition Table:[0m
[0;32mI (62) boot: ## Label            Usage          Type ST Offset   Length[0m
[0;32mI (70) boot:  0 nvs              WiFi data        01 02 00009000 00006000[0m
[0;32mI (77) boot:  1 phy_init         RF data          01 01 0000f000 00001000[0m
[0;32mI (84) boot:  2 factory          factory app      00 00 00010000 00100000[0m
[0;32mI (92) boot:  3 storage          Unknown data     01 82 00110000 000f0000[0m
[0;32mI (99) boot: End of partition table[0m
[0;32mI (104) esp_image: segment 0: paddr=00010020 vaddr=3f400020 size=228e8h (141544) map[0m
[0;32mI (161) esp_image: segment 1: paddr=00032910 vaddr=3ffb0000 size=03bech ( 15340) load[0m
[0;32mI (167) esp_image: segment 2: paddr=00036504 vaddr=40080000 size=09b14h ( 39700) load[0m
[0;32mI (182) esp_image: segment 3: paddr=00040020 vaddr=400d0020 size=873e0h (553952) map[0m
[0;32mI (372) esp_image: segment 4: paddr=000c7408 vaddr=40089b14 size=0cb68h ( 52072) load[0m
[0;32mI (404) boot: Loaded app from partition at offset 0x10000[0m
[0;32mI (404) boot: Disabling RNG early entropy source...[0m
[0;32mI (416) cpu_start: Multicore app[0m
[0;32mI (425) cpu_start: Pro cpu start user code[0m
[0;32mI (425) cpu_start: cpu freq: 160000000 Hz[0m
[0;32mI (425) cpu_start: Application information:[0m
[0;32mI (428) cpu_start: Project name:     project-name[0m
[0;32mI (433) cpu_start: App version:      1[0m
[0;32mI (438) cpu_start: Compile time:     May  7 2024 11:27:02[0m
[0;32mI (444) cpu_start: ELF file SHA256:  eabf9a3db...[0m
[0;32mI (449) cpu_start: ESP-IDF:          v5.2.1-dirty[0m
[0;32mI (454) cpu_start: Min chip rev:     v0.0[0m
[0;32mI (459) cpu_start: Max chip rev:     v3.99 [0m
[0;32mI (464) cpu_start: Chip rev:         v3.1[0m
[0;32mI (469) heap_init: Initializing. RAM available for dynamic allocation:[0m
[0;32mI (476) heap_init: At 3FFAE6E0 len 00001920 (6 KiB): DRAM[0m
[0;32mI (482) heap_init: At 3FFB7D10 len 000282F0 (160 KiB): DRAM[0m
[0;32mI (488) heap_init: At 3FFE0440 len 00003AE0 (14 KiB): D/IRAM[0m
[0;32mI (495) heap_init: At 3FFE4350 len 0001BCB0 (111 KiB): D/IRAM[0m
[0;32mI (501) heap_init: At 4009667C len 00009984 (38 KiB): IRAM[0m
[0;32mI (509) spi_flash: detected chip: generic[0m
[0;32mI (512) spi_flash: flash io: dio[0m
[0;33mW (516) spi_flash: Detected size(4096k) larger than the size in the binary image header(2048k). Using the size in the binary image header.[0m
[0;32mI (530) main_task: Started on CPU0[0m
[0;32mI (540) main_task: Calling app_main()[0m
[0;32mI (700) SPIFFS: SPIFFS initialized successfully[0m
[0;32mI (700) SPIFFS: Partition size: total: 896321, used: 1255[0m
[0;31mE (700) SPIFFS: Failed to create new file '../filesView/hello.txt'[0m
Guru Meditation Error: Core  0 panic'ed (LoadProhibited). Exception was unhandled.

Core  0 register dump:
PC      : 0x40141090  PS      : 0x00060d30  A0      : 0x80141114  A1      : 0x3ffb9e30  
A2      : 0x00000015  A3      : 0x3ffb9ea0  A4      : 0x00000001  A5      : 0x00000015  
A6      : 0x00000000  A7      : 0x3ffafd14  A8      : 0x80141090  A9      : 0x3ffb9e10  
A10     : 0x00000000  A11     : 0x3ffb9e44  A12     : 0x00000015  A13     : 0x3ffb9eb4  
A14     : 0x00000884  A15     : 0x00000884  SAR     : 0x00000008  EXCCAUSE: 0x0000001c  
EXCVADDR: 0x00000064  LBEG    : 0x4000c2e0  LEND    : 0x4000c2f6  LCOUNT  : 0x00000000  


Backtrace: 0x4014108d:0x3ffb9e30 0x40141111:0x3ffb9e70 0x400d63b3:0x3ffb9e90 0x400d6461:0x3ffb9f40 0x400d6012:0x3ffb9fd0 0x400d5fce:0x3ffb9ff0 0x4015546f:0x3ffba010 0x40089be9:0x3ffba040




ELF file SHA256: eabf9a3db

Rebooting...
ets Jul 29 2019 12:21:46

rst:0xc (SW_CPU_RESET),boot:0x13 (SPI_FAST_FLASH_BOOT)
configsip: 0, SPIWP:0xee
clk_drv:0x00,q_drv:0x00,d_drv:0x00,cs0_drv:0x00,hd_drv:0x00,wp_drv:0x00
mode:DIO, clock div:2
load:0x3fff0030,len:7172
load:0x40078000,len:15540
load:0x40080400,len:4
ho 8 tail 4 room 4
load:0x40080404,len:3904
entry 0x40080640
[0;32mI (31) boot: ESP-IDF v5.2.1-dirty 2nd stage bootloader[0m
[0;32mI (31) boot: compile time May  7 2024 11:27:35[0m
[0;32mI (31) boot: Multicore bootloader[0m
[0;32mI (36) boot: chip revision: v3.1[0m
[0;32mI (40) boot.esp32: SPI Speed      : 40MHz[0m
[0;32mI (44) boot.esp32: SPI Mode       : DIO[0m
[0;32mI (49) boot.esp32: SPI Flash Size : 2MB[0m
[0;32mI (53) boot: Enabling RNG early entropy source...[0m
[0;32mI (59) boot: Partition Table:[0m
[0;32mI (62) boot: ## Label            Usage          Type ST Offset   Length[0m
[0;32mI (70) boot:  0 nvs              WiFi data        01 02 00009000 00006000[0m
[0;32mI (77) boot:  1 phy_init         RF data          01 01 0000f000 00001000[0m
[0;32mI (84) boot:  2 factory          factory app      00 00 00010000 00100000[0m
[0;32mI (92) boot:  3 storage          Unknown data     01 82 00110000 000f0000[0m
[0;32mI (99) boot: End of partition table[0m
[0;32mI (104) esp_image: segment 0: paddr=00010020 vaddr=3f400020 size=228e8h (141544) map[0m
[0;32mI (161) esp_image: segment 1: paddr=00032910 vaddr=3ffb0000 size=03bech ( 15340) load[0m
[0;32mI (167) esp_image: segment 2: paddr=00036504 vaddr=40080000 size=09b14h ( 39700) load[0m
[0;32mI (182) esp_image: segment 3: paddr=00040020 vaddr=400d0020 size=873e0h (553952) map[0m
[0;32mI (372) esp_image: segment 4: paddr=000c7408 vaddr=40089b14 size=0cb68h ( 52072) load[0m
[0;32mI (404) boot: Loaded app from partition at offset 0x10000[0m
[0;32mI (404) boot: Disabling RNG early entropy source...[0m
[0;32mI (416) cpu_start: Multicore app[0m
[0;32mI (425) cpu_start: Pro cpu start user code[0m
[0;32mI (425) cpu_start: cpu freq: 160000000 Hz[0m
[0;32mI (425) cpu_start: Application information:[0m
[0;32mI (428) cpu_start: Project name:     project-name[0m
[0;32mI (433) cpu_start: App version:      1[0m
[0;32mI (438) cpu_start: Compile time:     May  7 2024 11:27:02[0m
[0;32mI (444) cpu_start: ELF file SHA256:  eabf9a3db...[0m
[0;32mI (449) cpu_start: ESP-IDF:          v5.2.1-dirty[0m
[0;32mI (454) cpu_start: Min chip rev:     v0.0[0m
[0;32mI (459) cpu_start: Max chip rev:     v3.99 [0m
[0;32mI (464) cpu_start: Chip rev:         v3.1[0m
[0;32mI (469) heap_init: Initializing. RAM available for dynamic allocation:[0m
[0;32mI (476) heap_init: At 3FFAE6E0 len 00001920 (6 KiB): DRAM[0m
[0;32mI (482) heap_init: At 3FFB7D10 len 000282F0 (160 KiB): DRAM[0m
[0;32mI (488) heap_init: At 3FFE0440 len 00003AE0 (14 KiB): D/IRAM[0m
[0;32mI (495) heap_init: At 3FFE4350 len 0001BCB0 (111 KiB): D/IRAM[0m
[0;32mI (501) heap_init: At 4009667C len 00009984 (38 KiB): IRAM[0m
[0;32mI (509) spi_flash: detected chip: generic[0m
[0;32mI (512) spi_flash: flash io: dio[0m
[0;33mW (516) spi_flash: Detected size(4096k) larger than the size in the binary image header(2048k). Using the size in the binary image header.[0m
[0;32mI (530) main_task: Started on CPU0[0m
[0;32mI (540) main_task: Calling app_main()[0m
[0;32mI (700) SPIFFS: SPIFFS initialized successfully[0m
[0;32mI (700) SPIFFS: Partition size: total: 896321, used: 1255[0m
[0;31mE (700) SPIFFS: Failed to create new file '../filesView/hello.txt'[0m
Guru Meditation Error: Core  0 panic'ed (LoadProhibited). Exception was unhandled.

Core  0 register dump:
PC      : 0x40141090  PS      : 0x00060d30  A0      : 0x80141114  A1      : 0x3ffb9e30  
A2      : 0x00000015  A3      : 0x3ffb9ea0  A4      : 0x00000001  A5      : 0x00000015  
A6      : 0x00000000  A7      : 0x3ffafd14  A8      : 0x80141090  A9      : 0x3ffb9e10  
A10     : 0x00000000  A11     : 0x3ffb9e44  A12     : 0x00000015  A13     : 0x3ffb9eb4  
A14     : 0x00000884  A15     : 0x00000884  SAR     : 0x00000008  EXCCAUSE: 0x0000001c  
EXCVADDR: 0x00000064  LBEG    : 0x4000c2e0  LEND    : 0x4000c2f6  LCOUNT  : 0x00000000  


Backtrace: 0x4014108d:0x3ffb9e30 0x40141111:0x3ffb9e70 0x400d63b3:0x3ffb9e90 0x400d6461:0x3ffb9f40 0x400d6012:0x3ffb9fd0 0x400d5fce:0x3ffb9ff0 0x4015546f:0x3ffba010 0x40089be9:0x3ffba040




ELF file SHA256: eabf9a3db

Rebooting...
ets Jul 29 2019 12:21:46

rst:0xc (SW_CPU_RESET),boot:0x13 (SPI_FAST_FLASH_BOOT)
configsip: 0, SPIWP:0xee
clk_drv:0x00,q_drv:0x00,d_drv:0x00,cs0_drv:0x00,hd_drv:0x00,wp_drv:0x00
mode:DIO, clock div:2
load:0x3fff0030,len:7172
load:0x40078000,len:15540
load:0x40080400,len:4
ho 8 tail 4 room 4
load:0x40080404,len:3904
entry 0x40080640
[0;32mI (31) boot: ESP-IDF v5.2.1-dirty 2nd stage bootloader[0m
[0;32mI (31) boot: compile time May  7 2024 11:27:35[0m
[0;32mI (31) boot: Multicore bootloader[0m
[0;32mI (36) boot: chip revision: v3.1[0m
[0;32mI (40) boot.esp32: SPI Speed      : 40MHz[0m
[0;32mI (44) boot.esp32: SPI Mode       : DIO[0m
[0;32mI (49) boot.esp32: SPI Flash Size : 2MB[0m
[0;32mI (53) boot: Enabling RNG early entropy source...[0m
[0;32mI (59) boot: Partition Table:[0m
[0;32mI (62) boot: ## Label            Usage          Type ST Offset   Length[0m
[0;32mI (70) boot:  0 nvs              WiFi data        01 02 00009000 00006000[0m
[0;32mI (77) boot:  1 phy_init         RF data          01 01 0000f000 00001000[0m
[0;32mI (84) boot:  2 factory          factory app      00 00 00010000 00100000[0m
[0;32mI (92) boot:  3 storage          Unknown data     01 82 00110000 000f0000[0m
[0;32mI (99) boot: End of partition table[0m
[0;32mI (104) esp_image: segment 0: paddr=00010020 vaddr=3f400020 size=228e8h (141544) map[0m
[0;32mI (161) esp_image: segment 1: paddr=00032910 vaddr=3ffb0000 size=03bech ( 15340) load[0m
[0;32mI (167) esp_image: segment 2: paddr=00036504 vaddr=40080000 size=09b14h ( 39700) load[0m
[0;32mI (182) esp_image: segment 3: paddr=00040020 vaddr=400d0020 size=873e0h (553952) map[0m
[0;32mI (372) esp_image: segment 4: paddr=000c7408 vaddr=40089b14 size=0cb68h ( 52072) load[0m
[0;32mI (404) boot: Loaded app from partition at offset 0x10000[0m
[0;32mI (404) boot: Disabling RNG early entropy source...[0m
[0;32mI (416) cpu_start: Multicore app[0m
[0;32mI (425) cpu_start: Pro cpu start user code[0m
[0;32mI (425) cpu_start: cpu freq: 160000000 Hz[0m
[0;32mI (425) cpu_start: Application information:[0m
[0;32mI (428) cpu_start: Project name:     project-name[0m
[0;32mI (433) cpu_start: App version:      1[0m
[0;32mI (438) cpu_start: Compile time:     May  7 2024 11:27:02[0m
[0;32mI (444) cpu_start: ELF file SHA256:  eabf9a3db...[0m
[0;32mI (449) cpu_start: ESP-IDF:          v5.2.1-dirty[0m
[0;32mI (454) cpu_start: Min chip rev:     v0.0[0m
[0;32mI (459) cpu_start: Max chip rev:     v3.99 [0m
[0;32mI (464) cpu_start: Chip rev:         v3.1[0m
[0;32mI (469) heap_init: Initializing. RAM available for dynamic allocation:[0m
[0;32mI (476) heap_init: At 3FFAE6E0 len 00001920 (6 KiB): DRAM[0m
[0;32mI (482) heap_init: At 3FFB7D10 len 000282F0 (160 KiB): DRAM[0m
[0;32mI (488) heap_init: At 3FFE0440 len 00003AE0 (14 KiB): D/IRAM[0m
[0;32mI (495) heap_init: At 3FFE4350 len 0001BCB0 (111 KiB): D/IRAM[0m
[0;32mI (501) heap_init: At 4009667C len 00009984 (38 KiB): IRAM[0m
[0;32mI (509) spi_flash: detected chip: generic[0m
[0;32mI (512) spi_flash: flash io: dio[0m
[0;33mW (516) spi_flash: Detected size(4096k) larger than the size in the binary image header(2048k). Using the size in the binary image header.[0m
[0;32mI (530) main_task: Started on CPU0[0m
[0;32mI (540) main_task: Calling app_main()[0m
[0;32mI (700) SPIFFS: SPIFFS initialized successfully[0m
[0;32mI (700) SPIFFS: Partition size: total: 896321, used: 1255[0m
[0;31mE (700) SPIFFS: Failed to create new file '../filesView/hello.txt'[0m
Guru Meditation Error: Core  0 panic'ed (LoadProhibited). Exception was unhandled.

Core  0 register dump:
PC      : 0x40141090  PS      : 0x00060d30  A0      : 0x80141114  A1      : 0x3ffb9e30  
A2      : 0x00000015  A3      : 0x3ffb9ea0  A4      : 0x00000001  A5      : 0x00000015  
A6      : 0x00000000  A7      : 0x3ffafd14  A8      : 0x80141090  A9      : 0x3ffb9e10  
A10     : 0x00000000  A11     : 0x3ffb9e44  A12     : 0x00000015  A13     : 0x3ffb9eb4  
A14     : 0x00000884  A15     : 0x00000884  SAR     : 0x00000008  EXCCAUSE: 0x0000001c  
EXCVADDR: 0x00000064  LBEG    : 0x4000c2e0  LEND    : 0x4000c2f6  LCOUNT  : 0x00000000  


Backtrace: 0x4014108d:0x3ffb9e30 0x40141111:0x3ffb9e70 0x400d63b3:0x3ffb9e90 0x400d6461:0x3ffb9f40 0x400d6012:0x3ffb9fd0 0x400d5fce:0x3ffb9ff0 0x4015546f:0x3ffba010 0x40089be9:0x3ffba040




ELF file SHA256: eabf9a3db

Rebooting...
ets Jul 29 2019 12:21:46

rst:0xc (SW_CPU_RESET),boot:0x13 (SPI_FAST_FLASH_BOOT)
configsip: 0, SPIWP:0xee
clk_drv:0x00,q_drv:0x00,d_drv:0x00,cs0_drv:0x00,hd_drv:0x00,wp_drv:0x00
mode:DIO, clock div:2
load:0x3fff0030,len:7172
load:0x40078000,len:15540
load:0x40080400,len:4
ho 8 tail 4 room 4
load:0x40080404,len:3904
entry 0x40080640
[0;32mI (31) boot: ESP-IDF v5.2.1-dirty 2nd stage bootloader[0m
[0;32mI (31) boot: compile time May  7 2024 11:27:35[0m
[0;32mI (31) boot: Multicore bootloader[0m
[0;32mI (36) boot: chip revision: v3.1[0m
[0;32mI (40) boot.esp32: SPI Speed      : 40MHz[0m
[0;32mI (44) boot.esp32: SPI Mode       : DIO[0m
[0;32mI (49) boot.esp32: SPI Flash Size : 2MB[0m
[0;32mI (53) boot: Enabling RNG early entropy source...[0m
[0;32mI (59) boot: Partition Table:[0m
[0;32mI (62) boot: ## Label            Usage          Type ST Offset   Length[0m
[0;32mI (70) boot:  0 nvs              WiFi data        01 02 00009000 00006000[0m
[0;32mI (77) boot:  1 phy_init         RF data          01 01 0000f000 00001000[0m
[0;32mI (84) boot:  2 factory          factory app      00 00 00010000 00100000[0m
[0;32mI (92) boot:  3 storage          Unknown data     01 82 00110000 000f0000[0m
[0;32mI (99) boot: End of partition table[0m
[0;32mI (104) esp_image: segment 0: paddr=00010020 vaddr=3f400020 size=228e8h (141544) map[0m
[0;32mI (161) esp_image: segment 1: paddr=00032910 vaddr=3ffb0000 size=03bech ( 15340) load[0m
[0;32mI (167) esp_image: segment 2: paddr=00036504 vaddr=40080000 size=09b14h ( 39700) load[0m
[0;32mI (182) esp_image: segment 3: paddr=00040020 vaddr=400d0020 size=873e0h (553952) map[0m
[0;32mI (372) esp_image: segment 4: paddr=000c7408 vaddr=40089b14 size=0cb68h ( 52072) load[0m
[0;32mI (404) boot: Loaded app from partition at offset 0x10000[0m
[0;32mI (404) boot: Disabling RNG early entropy source...[0m
[0;32mI (416) cpu_start: Multicore app[0m
[0;32mI (425) cpu_start: Pro cpu start user code[0m
[0;32mI (425) cpu_start: cpu freq: 160000000 Hz[0m
[0;32mI (425) cpu_start: Application information:[0m
[0;32mI (428) cpu_start: Project name:     project-name[0m
[0;32mI (433) cpu_start: App version:      1[0m
[0;32mI (438) cpu_start: Compile time:     May  7 2024 11:27:02[0m
[0;32mI (444) cpu_start: ELF file SHA256:  eabf9a3db...[0m
[0;32mI (449) cpu_start: ESP-IDF:          v5.2.1-dirty[0m
[0;32mI (454) cpu_start: Min chip rev:     v0.0[0m
[0;32mI (459) cpu_start: Max chip rev:     v3.99 [0m
[0;32mI (464) cpu_start: Chip rev:         v3.1[0m
[0;32mI (469) heap_init: Initializing. RAM available for dynamic allocation:[0m
[0;32mI (476) heap_init: At 3FFAE6E0 len 00001920 (6 KiB): DRAM[0m
[0;32mI (482) heap_init: At 3FFB7D10 len 000282F0 (160 KiB): DRAM[0m
[0;32mI (488) heap_init: At 3FFE0440 len 00003AE0 (14 KiB): D/IRAM[0m
[0;32mI (495) heap_init: At 3FFE4350 len 0001BCB0 (111 KiB): D/IRAM[0m
[0;32mI (501) heap_init: At 4009667C len 00009984 (38 KiB): IRAM[0m
[0;32mI (509) spi_flash: detected chip: generic[0m
[0;32mI (512) spi_flash: flash io: dio[0m
[0;33mW (516) spi_flash: Detected size(4096k) larger than the size in the binary image header(2048k). Using the size in the binary image header.[0m
[0;32mI (530) main_task: Started on CPU0[0m
[0;32mI (540) main_task: Calling app_main()[0m
[0;32mI (700) SPIFFS: SPIFFS initialized successfully[0m
[0;32mI (700) SPIFFS: Partition size: total: 896321, used: 1255[0m
[0;31mE (700) SPIFFS: Failed to create new file '../filesView/hello.txt'[0m
Guru Meditation Error: Core  0 panic'ed (LoadProhibited). Exception was unhandled.

Core  0 register dump:
PC      : 0x40141090  PS      : 0x00060d30  A0      : 0x80141114  A1      : 0x3ffb9e30  
A2      : 0x00000015  A3      : 0x3ffb9ea0  A4      : 0x00000001  A5      : 0x00000015  
A6      : 0x00000000  A7      : 0x3ffafd14  A8      : 0x80141090  A9      : 0x3ffb9e10  
A10     : 0x00000000  A11     : 0x3ffb9e44  A12     : 0x00000015  A13     : 0x3ffb9eb4  
A14     : 0x00000884  A15     : 0x00000884  SAR     : 0x00000008  EXCCAUSE: 0x0000001c  
EXCVADDR: 0x00000064  LBEG    : 0x4000c2e0  LEND    : 0x4000c2f6  LCOUNT  : 0x00000000  


Backtrace: 0x4014108d:0x3ffb9e30 0x40141111:0x3ffb9e70 0x400d63b3:0x3ffb9e90 0x400d6461:0x3ffb9f40 0x400d6012:0x3ffb9fd0 0x400d5fce:0x3ffb9ff0 0x4015546f:0x3ffba010 0x40089be9:0x3ffba040




ELF file SHA256: eabf9a3db

Rebooting...
ets Jul 29 2019 12:21:46

rst:0xc (SW_CPU_RESET),boot:0x13 (SPI_FAST_FLASH_BOOT)
configsip: 0, SPIWP:0xee
clk_drv:0x00,q_drv:0x00,d_drv:0x00,cs0_drv:0x00,hd_drv:0x00,wp_drv:0x00
mode:DIO, clock div:2
load:0x3fff0030,len:7172
load:0x40078000,len:15540
load:0x40080400,len:4
ho 8 tail 4 room 4
load:0x40080404,len:3904
entry 0x40080640
[0;32mI (31) boot: ESP-IDF v5.2.1-dirty 2nd stage bootloader[0m
[0;32mI (31) boot: compile time May  7 2024 11:27:35[0m
[0;32mI (31) boot: Multicore bootloader[0m
[0;32mI (36) boot: chip revision: v3.1[0m
[0;32mI (40) boot.esp32: SPI Speed      : 40MHz[0m
[0;32mI (44) boot.esp32: SPI Mode       : DIO[0m
[0;32mI (49) boot.esp32: SPI Flash Size : 2MB[0m
[0;32mI (53) boot: Enabling RNG early entropy source...[0m
[0;32mI (59) boot: Partition Table:[0m
[0;32mI (62) boot: ## Label            Usage          Type ST Offset   Length[0m
[0;32mI (70) boot:  0 nvs              WiFi data        01 02 00009000 00006000[0m
[0;32mI (77) boot:  1 phy_init         RF data          01 01 0000f000 00001000[0m
[0;32mI (84) boot:  2 factory          factory app      00 00 00010000 00100000[0m
[0;32mI (92) boot:  3 storage          Unknown data     01 82 00110000 000f0000[0m
[0;32mI (99) boot: End of partition table[0m
[0;32mI (104) esp_image: segment 0: paddr=00010020 vaddr=3f400020 size=228e8h (141544) map[0m
[0;32mI (161) esp_image: segment 1: paddr=00032910 vaddr=3ffb0000 size=03bech ( 15340) load[0m
[0;32mI (167) esp_image: segment 2: paddr=00036504 vaddr=40080000 size=09b14h ( 39700) load[0m
[0;32mI (182) esp_image: segment 3: paddr=00040020 vaddr=400d0020 size=873e0h (553952) map[0m
[0;32mI (372) esp_image: segment 4: paddr=000c7408 vaddr=40089b14 size=0cb68h ( 52072) load[0m
[0;32mI (404) boot: Loaded app from partition at offset 0x10000[0m
[0;32mI (404) boot: Disabling RNG early entropy source...[0m
[0;32mI (416) cpu_start: Multicore app[0m
[0;32mI (425) cpu_start: Pro cpu start user code[0m
[0;32mI (425) cpu_start: cpu freq: 160000000 Hz[0m
[0;32mI (425) cpu_start: Application information:[0m
[0;32mI (428) cpu_start: Project name:     project-name[0m
[0;32mI (433) cpu_start: App version:      1[0m
[0;32mI (438) cpu_start: Compile time:     May  7 2024 11:27:02[0m
[0;32mI (444) cpu_start: ELF file SHA256:  eabf9a3db...[0m
[0;32mI (449) cpu_start: ESP-IDF:          v5.2.1-dirty[0m
[0;32mI (454) cpu_start: Min chip rev:     v0.0[0m
[0;32mI (459) cpu_start: Max chip rev:     v3.99 [0m
[0;32mI (464) cpu_start: Chip rev:         v3.1[0m
[0;32mI (469) heap_init: Initializing. RAM available for dynamic allocation:[0m
[0;32mI (476) heap_init: At 3FFAE6E0 len 00001920 (6 KiB): DRAM[0m
[0;32mI (482) heap_init: At 3FFB7D10 len 000282F0 (160 KiB): DRAM[0m
[0;32mI (488) heap_init: At 3FFE0440 len 00003AE0 (14 KiB): D/IRAM[0m
[0;32mI (495) heap_init: At 3FFE4350 len 0001BCB0 (111 KiB): D/IRAM[0m
[0;32mI (501) heap_init: At 4009667C len 00009984 (38 KiB): IRAM[0m
[0;32mI (509) spi_flash: detected chip: generic[0m
[0;32mI (512) spi_flash: flash io: dio[0m
[0;33mW (516) spi_flash: Detected size(4096k) larger than the size in the binary image header(2048k). Using the size in the binary image header.[0m
[0;32mI (530) main_task: Started on CPU0[0m
[0;32mI (540) main_task: Calling app_main()[0m
[0;32mI (700) SPIFFS: SPIFFS initialized successfully[0m
[0;32mI (700) SPIFFS: Partition size: total: 896321, used: 1255[0m
[0;31mE (700) SPIFFS: Failed to create new file '../filesView/hello.txt'[0m
Guru Meditation Error: Core  0 panic'ed (LoadProhibited). Exception was unhandled.

Core  0 register dump:
PC      : 0x40141090  PS      : 0x00060d30  A0      : 0x80141114  A1      : 0x3ffb9e30  
A2      : 0x00000015  A3      : 0x3ffb9ea0  A4      : 0x00000001  A5      : 0x00000015  
A6      : 0x00000000  A7      : 0x3ffafd14  A8      : 0x80141090  A9      : 0x3ffb9e10  
A10     : 0x00000000  A11     : 0x3ffb9e44  A12     : 0x00000015  A13     : 0x3ffb9eb4  
A14     : 0x00000884  A15     : 0x00000884  SAR     : 0x00000008  EXCCAUSE: 0x0000001c  
EXCVADDR: 0x00000064  LBEG    : 0x4000c2e0  LEND    : 0x4000c2f6  LCOUNT  : 0x00000000  


Backtrace: 0x4014108d:0x3ffb9e30 0x40141111:0x3ffb9e70 0x400d63b3:0x3ffb9e90 0x400d6461:0x3ffb9f40 0x400d6012:0x3ffb9fd0 0x400d5fce:0x3ffb9ff0 0x4015546f:0x3ffba010 0x40089be9:0x3ffba040




ELF file SHA256: eabf9a3db

Rebooting...
ets Jul 29 2019 12:21:46

rst:0xc (SW_CPU_RESET),boot:0x13 (SPI_FAST_FLASH_BOOT)
configsip: 0, SPIWP:0xee
clk_drv:0x00,q_drv:0x00,d_drv:0x00,cs0_drv:0x00,hd_drv:0x00,wp_drv:0x00
mode:DIO, clock div:2
load:0x3fff0030,len:7172
load:0x40078000,len:15540
load:0x40080400,len:4
ho 8 tail 4 room 4
load:0x40080404,len:3904
entry 0x40080640
[0;32mI (31) boot: ESP-IDF v5.2.1-dirty 2nd stage bootloader[0m
[0;32mI (31) boot: compile time May  7 2024 11:27:35[0m
[0;32mI (31) boot: Multicore bootloader[0m
[0;32mI (36) boot: chip revision: v3.1[0m
[0;32mI (40) boot.esp32: SPI Speed      : 40MHz[0m
[0;32mI (44) boot.esp32: SPI Mode       : DIO[0m
[0;32mI (49) boot.esp32: SPI Flash Size : 2MB[0m
[0;32mI (53) boot: Enabling RNG early entropy source...[0m
[0;32mI (59) boot: Partition Table:[0m
[0;32mI (62) boot: ## Label            Usage          Type ST Offset   Length[0m
[0;32mI (70) boot:  0 nvs              WiFi data        01 02 00009000 00006000[0m
[0;32mI (77) boot:  1 phy_init         RF data          01 01 0000f000 00001000[0m
[0;32mI (84) boot:  2 factory          factory app      00 00 00010000 00100000[0m
[0;32mI (92) boot:  3 storage          Unknown data     01 82 00110000 000f0000[0m
[0;32mI (99) boot: End of partition table[0m
[0;32mI (104) esp_image: segment 0: paddr=00010020 vaddr=3f400020 size=228e8h (141544) map[0m
[0;32mI (161) esp_image: segment 1: paddr=00032910 vaddr=3ffb0000 size=03bech ( 15340) load[0m
[0;32mI (167) esp_image: segment 2: paddr=00036504 vaddr=40080000 size=09b14h ( 39700) load[0m
[0;32mI (182) esp_image: segment 3: paddr=00040020 vaddr=400d0020 size=873e0h (553952) map[0m
[0;32mI (372) esp_image: segment 4: paddr=000c7408 vaddr=40089b14 size=0cb68h ( 52072) load[0m
[0;32mI (404) boot: Loaded app from partition at offset 0x10000[0m
[0;32mI (404) boot: Disabling RNG early entropy source...[0m
[0;32mI (416) cpu_start: Multicore app[0m
[0;32mI (425) cpu_start: Pro cpu start user code[0m
[0;32mI (425) cpu_start: cpu freq: 160000000 Hz[0m
[0;32mI (425) cpu_start: Application information:[0m
[0;32mI (428) cpu_start: Project name:     project-name[0m
[0;32mI (433) cpu_start: App version:      1[0m
[0;32mI (438) cpu_start: Compile time:     May  7 2024 11:27:02[0m
[0;32mI (444) cpu_start: ELF file SHA256:  eabf9a3db...[0m
[0;32mI (449) cpu_start: ESP-IDF:          v5.2.1-dirty[0m
[0;32mI (454) cpu_start: Min chip rev:     v0.0[0m
[0;32mI (459) cpu_start: Max chip rev:     v3.99 [0m
[0;32mI (464) cpu_start: Chip rev:         v3.1[0m
[0;32mI (469) heap_init: Initializing. RAM available for dynamic allocation:[0m
[0;32mI (476) heap_init: At 3FFAE6E0 len 00001920 (6 KiB): DRAM[0m
[0;32mI (482) heap_init: At 3FFB7D10 len 000282F0 (160 KiB): DRAM[0m
[0;32mI (488) heap_init: At 3FFE0440 len 00003AE0 (14 KiB): D/IRAM[0m
[0;32mI (495) heap_init: At 3FFE4350 len 0001BCB0 (111 KiB): D/IRAM[0m
[0;32mI (501) heap_init: At 4009667C len 00009984 (38 KiB): IRAM[0m
[0;32mI (509) spi_flash: detected chip: generic[0m
[0;32mI (512) spi_flash: flash io: dio[0m
[0;33mW (516) spi_flash: Detected size(4096k) larger than the size in the binary image header(2048k). Using the size in the binary image header.[0m
[0;32mI (530) main_task: Started on CPU0[0m
[0;32mI (540) main_task: Calling app_main()[0m
[0;32mI (700) SPIFFS: SPIFFS initialized successfully[0m
[0;32mI (700) SPIFFS: Partition size: total: 896321, used: 1255[0m
[0;31mE (700) SPIFFS: Failed to create new file '../filesView/hello.txt'[0m
Guru Meditation Error: Core  0 panic'ed (LoadProhibited). Exception was unhandled.

Core  0 register dump:
PC      : 0x40141090  PS      : 0x00060d30  A0      : 0x80141114  A1      : 0x3ffb9e30  
A2      : 0x00000015  A3      : 0x3ffb9ea0  A4      : 0x00000001  A5      : 0x00000015  
A6      : 0x00000000  A7      : 0x3ffafd14  A8      : 0x80141090  A9      : 0x3ffb9e10  
A10     : 0x00000000  A11     : 0x3ffb9e44  A12     : 0x00000015  A13     : 0x3ffb9eb4  
A14     : 0x00000884  A15     : 0x00000884  SAR     : 0x00000008  EXCCAUSE: 0x0000001c  
EXCVADDR: 0x00000064  LBEG    : 0x4000c2e0  LEND    : 0x4000c2f6  LCOUNT  : 0x00000000  


Backtrace: 0x4014108d:0x3ffb9e30 0x40141111:0x3ffb9e70 0x400d63b3:0x3ffb9e90 0x400d6461:0x3ffb9f40 0x400d6012:0x3ffb9fd0 0x400d5fce:0x3ffb9ff0 0x4015546f:0x3ffba010 0x40089be9:0x3ffba040




ELF file SHA256: eabf9a3db

Rebooting...
ets Jul 29 2019 12:21:46

rst:0xc (SW_CPU_RESET),boot:0x13 (SPI_FAST_FLASH_BOOT)
configsip: 0, SPIWP:0xee
clk_drv:0x00,q_drv:0x00,d_drv:0x00,cs0_drv:0x00,hd_drv:0x00,wp_drv:0x00
mode:DIO, clock div:2
load:0x3fff0030,len:7172
load:0x40078000,len:15540
load:0x40080400,len:4
ho 8 tail 4 room 4
load:0x40080404,len:3904
entry 0x40080640
[0;32mI (31) boot: ESP-IDF v5.2.1-dirty 2nd stage bootloader[0m
[0;32mI (31) boot: compile time May  7 2024 11:27:35[0m
[0;32mI (31) boot: Multicore bootloader[0m
[0;32mI (36) boot: chip revision: v3.1[0m
[0;32mI (40) boot.esp32: SPI Speed      : 40MHz[0m
[0;32mI (44) boot.esp32: SPI Mode       : DIO[0m
[0;32mI (49) boot.esp32: SPI Flash Size : 2MB[0m
[0;32mI (53) boot: Enabling RNG early entropy source...[0m
[0;32mI (59) boot: Partition Table:[0m
[0;32mI (62) boot: ## Label            Usage          Type ST Offset   Length[0m
[0;32mI (70) boot:  0 nvs              WiFi data        01 02 00009000 00006000[0m
[0;32mI (77) boot:  1 phy_init         RF data          01 01 0000f000 00001000[0m
[0;32mI (84) boot:  2 factory          factory app      00 00 00010000 00100000[0m
[0;32mI (92) boot:  3 storage          Unknown data     01 82 00110000 000f0000[0m
[0;32mI (99) boot: End of partition table[0m
[0;32mI (104) esp_image: segment 0: paddr=00010020 vaddr=3f400020 size=228e8h (141544) map[0m
[0;32mI (161) esp_image: segment 1: paddr=00032910 vaddr=3ffb0000 size=03bech ( 15340) load[0m
[0;32mI (167) esp_image: segment 2: paddr=00036504 vaddr=40080000 size=09b14h ( 39700) load[0m
[0;32mI (182) esp_image: segment 3: paddr=00040020 vaddr=400d0020 size=873e0h (553952) map[0m
[0;32mI (372) esp_image: segment 4: paddr=000c7408 vaddr=40089b14 size=0cb68h ( 52072) load[0m
[0;32mI (404) boot: Loaded app from partition at offset 0x10000[0m
[0;32mI (404) boot: Disabling RNG early entropy source...[0m
[0;32mI (416) cpu_start: Multicore app[0m
[0;32mI (425) cpu_start: Pro cpu start user code[0m
[0;32mI (425) cpu_start: cpu freq: 160000000 Hz[0m
[0;32mI (425) cpu_start: Application information:[0m
[0;32mI (428) cpu_start: Project name:     project-name[0m
[0;32mI (433) cpu_start: App version:      1[0m
[0;32mI (438) cpu_start: Compile time:     May  7 2024 11:27:02[0m
[0;32mI (444) cpu_start: ELF file SHA256:  eabf9a3db...[0m
[0;32mI (449) cpu_start: ESP-IDF:          v5.2.1-dirty[0m
[0;32mI (454) cpu_start: Min chip rev:     v0.0[0m
[0;32mI (459) cpu_start: Max chip rev:     v3.99 [0m
[0;32mI (464) cpu_start: Chip rev:         v3.1[0m
[0;32mI (469) heap_init: Initializing. RAM available for dynamic allocation:[0m
[0;32mI (476) heap_init: At 3FFAE6E0 len 00001920 (6 KiB): DRAM[0m
[0;32mI (482) heap_init: At 3FFB7D10 len 000282F0 (160 KiB): DRAM[0m
[0;32mI (488) heap_init: At 3FFE0440 len 00003AE0 (14 KiB): D/IRAM[0m
[0;32mI (495) heap_init: At 3FFE4350 len 0001BCB0 (111 KiB): D/IRAM[0m
[0;32mI (501) heap_init: At 4009667C len 00009984 (38 KiB): IRAM[0m
[0;32mI (509) spi_flash: detected chip: generic[0m
[0;32mI (512) spi_flash: flash io: dio[0m
[0;33mW (516) spi_flash: Detected size(4096k) larger than the size in the binary image header(2048k). Using the size in the binary image header.[0m
[0;32mI (530) main_task: Started on CPU0[0m
[0;32mI (540) main_task: Calling app_main()[0m
[0;32mI (700) SPIFFS: SPIFFS initialized successfully[0m
[0;32mI (700) SPIFFS: Partition size: total: 896321, used: 1255[0m
[0;31mE (700) SPIFFS: Failed to create new file '../filesView/hello.txt'[0m
Guru Meditation Error: Core  0 panic'ed (LoadProhibited). Exception was unhandled.

Core  0 register dump:
PC      : 0x40141090  PS      : 0x00060d30  A0      : 0x80141114  A1      : 0x3ffb9e30  
A2      : 0x00000015  A3      : 0x3ffb9ea0  A4      : 0x00000001  A5      : 0x00000015  
A6      : 0x00000000  A7      : 0x3ffafd14  A8      : 0x80141090  A9      : 0x3ffb9e10  
A10     : 0x00000000  A11     : 0x3ffb9e44  A12     : 0x00000015  A13     : 0x3ffb9eb4  
A14     : 0x00000884  A15     : 0x00000884  SAR     : 0x00000008  EXCCAUSE: 0x0000001c  
EXCVADDR: 0x00000064  LBEG    : 0x4000c2e0  LEND    : 0x4000c2f6  LCOUNT  : 0x00000000  


Backtrace: 0x4014108d:0x3ffb9e30 0x40141111:0x3ffb9e70 0x400d63b3:0x3ffb9e90 0x400d6461:0x3ffb9f40 0x400d6012:0x3ffb9fd0 0x400d5fce:0x3ffb9ff0 0x4015546f:0x3ffba010 0x40089be9:0x3ffba040




ELF file SHA256: eabf9a3db

Rebooting...
ets Jul 29 2019 12:21:46

rst:0xc (SW_CPU_RESET),boot:0x13 (SPI_FAST_FLASH_BOOT)
configsip: 0, SPIWP:0xee
clk_drv:0x00,q_drv:0x00,d_drv:0x00,cs0_drv:0x00,hd_drv:0x00,wp_drv:0x00
mode:DIO, clock div:2
load:0x3fff0030,len:7172
load:0x40078000,len:15540
load:0x40080400,len:4
ho 8 tail 4 room 4
load:0x40080404,len:3904
entry 0x40080640
[0;32mI (31) boot: ESP-IDF v5.2.1-dirty 2nd stage bootloader[0m
[0;32mI (31) boot: compile time May  7 2024 11:27:35[0m
[0;32mI (31) boot: Multicore bootloader[0m
[0;32mI (36) boot: chip revision: v3.1[0m
[0;32mI (40) boot.esp32: SPI Speed      : 40MHz[0m
[0;32mI (44) boot.esp32: SPI Mode       : DIO[0m
[0;32mI (49) boot.esp32: SPI Flash Size : 2MB[0m
[0;32mI (53) boot: Enabling RNG early entropy source...[0m
[0;32mI (59) boot: Partition Table:[0m
[0;32mI (62) boot: ## Label            Usage          Type ST Offset   Length[0m
[0;32mI (70) boot:  0 nvs              WiFi data        01 02 00009000 00006000[0m
[0;32mI (77) boot:  1 phy_init         RF data          01 01 0000f000 00001000[0m
[0;32mI (84) boot:  2 factory          factory app      00 00 00010000 00100000[0m
[0;32mI (92) boot:  3 storage          Unknown data     01 82 00110000 000f0000[0m
[0;32mI (99) boot: End of partition table[0m
[0;32mI (104) esp_image: segment 0: paddr=00010020 vaddr=3f400020 size=228e8h (141544) map[0m
[0;32mI (161) esp_image: segment 1: paddr=00032910 vaddr=3ffb0000 size=03bech ( 15340) load[0m
[0;32mI (167) esp_image: segment 2: paddr=00036504 vaddr=40080000 size=09b14h ( 39700) load[0m
[0;32mI (182) esp_image: segment 3: paddr=00040020 vaddr=400d0020 size=873e0h (553952) map[0m
[0;32mI (372) esp_image: segment 4: paddr=000c7408 vaddr=40089b14 size=0cb68h ( 52072) load[0m
[0;32mI (404) boot: Loaded app from partition at offset 0x10000[0m
[0;32mI (404) boot: Disabling RNG early entropy source...[0m
[0;32mI (416) cpu_start: Multicore app[0m
[0;32mI (425) cpu_start: Pro cpu start user code[0m
[0;32mI (425) cpu_start: cpu freq: 160000000 Hz[0m
[0;32mI (425) cpu_start: Application information:[0m
[0;32mI (428) cpu_start: Project name:     project-name[0m
[0;32mI (433) cpu_start: App version:      1[0m
[0;32mI (438) cpu_start: Compile time:     May  7 2024 11:27:02[0m
[0;32mI (444) cpu_start: ELF file SHA256:  eabf9a3db...[0m
[0;32mI (449) cpu_start: ESP-IDF:          v5.2.1-dirty[0m
[0;32mI (454) cpu_start: Min chip rev:     v0.0[0m
[0;32mI (459) cpu_start: Max chip rev:     v3.99 [0m
[0;32mI (464) cpu_start: Chip rev:         v3.1[0m
[0;32mI (469) heap_init: Initializing. RAM available for dynamic allocation:[0m
[0;32mI (476) heap_init: At 3FFAE6E0 len 00001920 (6 KiB): DRAM[0m
[0;32mI (482) heap_init: At 3FFB7D10 len 000282F0 (160 KiB): DRAM[0m
[0;32mI (488) heap_init: At 3FFE0440 len 00003AE0 (14 KiB): D/IRAM[0m
[0;32mI (495) heap_init: At 3FFE4350 len 0001BCB0 (111 KiB): D/IRAM[0m
[0;32mI (501) heap_init: At 4009667C len 00009984 (38 KiB): IRAM[0m
[0;32mI (509) spi_flash: detected chip: generic[0m
[0;32mI (512) spi_flash: flash io: dio[0m
[0;33mW (516) spi_flash: Detected size(4096k) larger than the size in the binary image header(2048k). Using the size in the binary image header.[0m
[0;32mI (530) main_task: Started on CPU0[0m
[0;32mI (540) main_task: Calling app_main()[0m
[0;32mI (700) SPIFFS: SPIFFS initialized successfully[0m
[0;32mI (700) SPIFFS: Partition size: total: 896321, used: 1255[0m
[0;31mE (700) SPIFFS: Failed to create new file '../filesView/hello.txt'[0m
Guru Meditation Error: Core  0 panic'ed (LoadProhibited). Exception was unhandled.

Core  0 register dump:
PC      : 0x40141090  PS      : 0x00060d30  A0      : 0x80141114  A1      : 0x3ffb9e30  
A2      : 0x00000015  A3      : 0x3ffb9ea0  A4      : 0x00000001  A5      : 0x00000015  
A6      : 0x00000000  A7      : 0x3ffafd14  A8      : 0x80141090  A9      : 0x3ffb9e10  
A10     : 0x00000000  A11     : 0x3ffb9e44  A12     : 0x00000015  A13     : 0x3ffb9eb4  
A14     : 0x00000884  A15     : 0x00000884  SAR     : 0x00000008  EXCCAUSE: 0x0000001c  
EXCVADDR: 0x00000064  LBEG    : 0x4000c2e0  LEND    : 0x4000c2f6  LCOUNT  : 0x00000000  


Backtrace: 0x4014108d:0x3ffb9e30 0x40141111:0x3ffb9e70 0x400d63b3:0x3ffb9e90 0x400d6461:0x3ffb9f40 0x400d6012:0x3ffb9fd0 0x400d5fce:0x3ffb9ff0 0x4015546f:0x3ffba010 0x40089be9:0x3ffba040




ELF file SHA256: eabf9a3db

Rebooting...
ets Jul 29 2019 12:21:46

rst:0xc (SW_CPU_RESET),boot:0x13 (SPI_FAST_FLASH_BOOT)
configsip: 0, SPIWP:0xee
clk_drv:0x00,q_drv:0x00,d_drv:0x00,cs0_drv:0x00,hd_drv:0x00,wp_drv:0x00
mode:DIO, clock div:2
load:0x3fff0030,len:7172
load:0x40078000,len:15540
load:0x40080400,len:4
ho 8 tail 4 room 4
load:0x40080404,len:3904
entry 0x40080640
[0;32mI (31) boot: ESP-IDF v5.2.1-dirty 2nd stage bootloader[0m
[0;32mI (31) boot: compile time May  7 2024 11:27:35[0m
[0;32mI (31) boot: Multicore bootloader[0m
[0;32mI (36) boot: chip revision: v3.1[0m
[0;32mI (40) boot.esp32: SPI Speed      : 40MHz[0m
[0;32mI (44) boot.esp32: SPI Mode       : DIO[0m
[0;32mI (49) boot.esp32: SPI Flash Size : 2MB[0m
[0;32mI (53) boot: Enabling RNG early entropy source...[0m
[0;32mI (59) boot: Partition Table:[0m
[0;32mI (62) boot: ## Label            Usage          Type ST Offset   Length[0m
[0;32mI (70) boot:  0 nvs              WiFi data        01 02 00009000 00006000[0m
[0;32mI (77) boot:  1 phy_init         RF data          01 01 0000f000 00001000[0m
[0;32mI (84) boot:  2 factory          factory app      00 00 00010000 00100000[0m
[0;32mI (92) boot:  3 storage          Unknown data     01 82 00110000 000f0000[0m
[0;32mI (99) boot: End of partition table[0m
[0;32mI (104) esp_image: segment 0: paddr=00010020 vaddr=3f400020 size=228e8h (141544) map[0m
[0;32mI (161) esp_image: segment 1: paddr=00032910 vaddr=3ffb0000 size=03bech ( 15340) load[0m
[0;32mI (167) esp_image: segment 2: paddr=00036504 vaddr=40080000 size=09b14h ( 39700) load[0m
[0;32mI (182) esp_image: segment 3: paddr=00040020 vaddr=400d0020 size=873e0h (553952) map[0m
[0;32mI (372) esp_image: segment 4: paddr=000c7408 vaddr=40089b14 size=0cb68h ( 52072) load[0m
[0;32mI (404) boot: Loaded app from partition at offset 0x10000[0m
[0;32mI (404) boot: Disabling RNG early entropy source...[0m
[0;32mI (416) cpu_start: Multicore app[0m
[0;32mI (425) cpu_start: Pro cpu start user code[0m
[0;32mI (425) cpu_start: cpu freq: 160000000 Hz[0m
[0;32mI (425) cpu_start: Application information:[0m
[0;32mI (428) cpu_start: Project name:     project-name[0m
[0;32mI (433) cpu_start: App version:      1[0m
[0;32mI (438) cpu_start: Compile time:     May  7 2024 11:27:02[0m
[0;32mI (444) cpu_start: ELF file SHA256:  eabf9a3db...[0m
[0;32mI (449) cpu_start: ESP-IDF:          v5.2.1-dirty[0m
[0;32mI (454) cpu_start: Min chip rev:     v0.0[0m
[0;32mI (459) cpu_start: Max chip rev:     v3.99 [0m
[0;32mI (464) cpu_start: Chip rev:         v3.1[0m
[0;32mI (469) heap_init: Initializing. RAM available for dynamic allocation:[0m
[0;32mI (476) heap_init: At 3FFAE6E0 len 00001920 (6 KiB): DRAM[0m
[0;32mI (482) heap_init: At 3FFB7D10 len 000282F0 (160 KiB): DRAM[0m
[0;32mI (488) heap_init: At 3FFE0440 len 00003AE0 (14 KiB): D/IRAM[0m
[0;32mI (495) heap_init: At 3FFE4350 len 0001BCB0 (111 KiB): D/IRAM[0m
[0;32mI (501) heap_init: At 4009667C len 00009984 (38 KiB): IRAM[0m
[0;32mI (509) spi_flash: detected chip: generic[0m
[0;32mI (512) spi_flash: flash io: dio[0m
[0;33mW (516) spi_flash: Detected size(4096k) larger than the size in the binary image header(2048k). Using the size in the binary image header.[0m
[0;32mI (530) main_task: Started on CPU0[0m
[0;32mI (540) main_task: Calling app_main()[0m
[0;32mI (700) SPIFFS: SPIFFS initialized successfully[0m
[0;32mI (700) SPIFFS: Partition size: total: 896321, used: 1255[0m
[0;31mE (700) SPIFFS: Failed to create new file '../filesView/hello.txt'[0m
Guru Meditation Error: Core  0 panic'ed (LoadProhibited). Exception was unhandled.

Core  0 register dump:
PC      : 0x40141090  PS      : 0x00060d30  A0      : 0x80141114  A1      : 0x3ffb9e30  
A2      : 0x00000015  A3      : 0x3ffb9ea0  A4      : 0x00000001  A5      : 0x00000015  
A6      : 0x00000000  A7      : 0x3ffafd14  A8      : 0x80141090  A9      : 0x3ffb9e10  
A10     : 0x00000000  A11     : 0x3ffb9e44  A12     : 0x00000015  A13     : 0x3ffb9eb4  
A14     : 0x00000884  A15     : 0x00000884  SAR     : 0x00000008  EXCCAUSE: 0x0000001c  
EXCVADDR: 0x00000064  LBEG    : 0x4000c2e0  LEND    : 0x4000c2f6  LCOUNT  : 0x00000000  


Backtrace: 0x4014108d:0x3ffb9e30 0x40141111:0x3ffb9e70 0x400d63b3:0x3ffb9e90 0x400d6461:0x3ffb9f40 0x400d6012:0x3ffb9fd0 0x400d5fce:0x3ffb9ff0 0x4015546f:0x3ffba010 0x40089be9:0x3ffba040




ELF file SHA256: eabf9a3db

Rebooting...
ets Jul 29 2019 12:21:46

rst:0xc (SW_CPU_RESET),boot:0x13 (SPI_FAST_FLASH_BOOT)
configsip: 0, SPIWP:0xee
clk_drv:0x00,q_drv:0x00,d_drv:0x00,cs0_drv:0x00,hd_drv:0x00,wp_drv:0x00
mode:DIO, clock div:2
load:0x3fff0030,len:7172
load:0x40078000,len:15540
load:0x40080400,len:4
ho 8 tail 4 room 4
load:0x40080404,len:3904
entry 0x40080640
[0;32mI (31) boot: ESP-IDF v5.2.1-dirty 2nd stage bootloader[0m
[0;32mI (31) boot: compile time May  7 2024 11:27:35[0m
[0;32mI (31) boot: Multicore bootloader[0m
[0;32mI (36) boot: chip revision: v3.1[0m
[0;32mI (40) boot.esp32: SPI Speed      : 40MHz[0m
[0;32mI (44) boot.esp32: SPI Mode       : DIO[0m
[0;32mI (49) boot.esp32: SPI Flash Size : 2MB[0m
[0;32mI (53) boot: Enabling RNG early entropy source...[0m
[0;32mI (59) boot: Partition Table:[0m
[0;32mI (62) boot: ## Label            Usage          Type ST Offset   Length[0m
[0;32mI (70) boot:  0 nvs              WiFi data        01 02 00009000 00006000[0m
[0;32mI (77) boot:  1 phy_init         RF data          01 01 0000f000 00001000[0m
[0;32mI (84) boot:  2 factory          factory app      00 00 00010000 00100000[0m
[0;32mI (92) boot:  3 storage          Unknown data     01 82 00110000 000f0000[0m
[0;32mI (99) boot: End of partition table[0m
[0;32mI (104) esp_image: segment 0: paddr=00010020 vaddr=3f400020 size=228e8h (141544) map[0m
[0;32mI (161) esp_image: segment 1: paddr=00032910 vaddr=3ffb0000 size=03bech ( 15340) load[0m
[0;32mI (167) esp_image: segment 2: paddr=00036504 vaddr=40080000 size=09b14h ( 39700) load[0m
[0;32mI (182) esp_image: segment 3: paddr=00040020 vaddr=400d0020 size=873e0h (553952) map[0m
[0;32mI (372) esp_image: segment 4: paddr=000c7408 vaddr=40089b14 size=0cb68h ( 52072) load[0m
[0;32mI (404) boot: Loaded app from partition at offset 0x10000[0m
[0;32mI (404) boot: Disabling RNG early entropy source...[0m
[0;32mI (416) cpu_start: Multicore app[0m
[0;32mI (425) cpu_start: Pro cpu start user code[0m
[0;32mI (425) cpu_start: cpu freq: 160000000 Hz[0m
[0;32mI (425) cpu_start: Application information:[0m
[0;32mI (428) cpu_start: Project name:     project-name[0m
[0;32mI (433) cpu_start: App version:      1[0m
[0;32mI (438) cpu_start: Compile time:     May  7 2024 11:27:02[0m
[0;32mI (444) cpu_start: ELF file SHA256:  eabf9a3db...[0m
[0;32mI (449) cpu_start: ESP-IDF:          v5.2.1-dirty[0m
[0;32mI (454) cpu_start: Min chip rev:     v0.0[0m
[0;32mI (459) cpu_start: Max chip rev:     v3.99 [0m
[0;32mI (464) cpu_start: Chip rev:         v3.1[0m
[0;32mI (469) heap_init: Initializing. RAM available for dynamic allocation:[0m
[0;32mI (476) heap_init: At 3FFAE6E0 len 00001920 (6 KiB): DRAM[0m
[0;32mI (482) heap_init: At 3FFB7D10 len 000282F0 (160 KiB): DRAM[0m
[0;32mI (488) heap_init: At 3FFE0440 len 00003AE0 (14 KiB): D/IRAM[0m
[0;32mI (495) heap_init: At 3FFE4350 len 0001BCB0 (111 KiB): D/IRAM[0m
[0;32mI (501) heap_init: At 4009667C len 00009984 (38 KiB): IRAM[0m
[0;32mI (509) spi_flash: detected chip: generic[0m
[0;32mI (512) spi_flash: flash io: dio[0m
[0;33mW (516) spi_flash: Detected size(4096k) larger than the size in the binary image header(2048k). Using the size in the binary image header.[0m
[0;32mI (530) main_task: Started on CPU0[0m
[0;32mI (540) main_task: Calling app_main()[0m
[0;32mI (700) SPIFFS: SPIFFS initialized successfully[0m
[0;32mI (700) SPIFFS: Partition size: total: 896321, used: 1255[0m
[0;31mE (700) SPIFFS: Failed to create new file '../filesView/hello.txt'[0m
Guru Meditation Error: Core  0 panic'ed (LoadProhibited). Exception was unhandled.

Core  0 register dump:
PC      : 0x40141090  PS      : 0x00060d30  A0      : 0x80141114  A1      : 0x3ffb9e30  
A2      : 0x00000015  A3      : 0x3ffb9ea0  A4      : 0x00000001  A5      : 0x00000015  
A6      : 0x00000000  A7      : 0x3ffafd14  A8      : 0x80141090  A9      : 0x3ffb9e10  
A10     : 0x00000000  A11     : 0x3ffb9e44  A12     : 0x00000015  A13     : 0x3ffb9eb4  
A14     : 0x00000884  A15     : 0x00000884  SAR     : 0x00000008  EXCCAUSE: 0x0000001c  
EXCVADDR: 0x00000064  LBEG    : 0x4000c2e0  LEND    : 0x4000c2f6  LCOUNT  : 0x00000000  


Backtrace: 0x4014108d:0x3ffb9e30 0x40141111:0x3ffb9e70 0x400d63b3:0x3ffb9e90 0x400d6461:0x3ffb9f40 0x400d6012:0x3ffb9fd0 0x400d5fce:0x3ffb9ff0 0x4015546f:0x3ffba010 0x40089be9:0x3ffba040




ELF file SHA256: eabf9a3db

Rebooting...
ets Jul 29 2019 12:21:46

rst:0xc (SW_CPU_RESET),boot:0x13 (SPI_FAST_FLASH_BOOT)
configsip: 0, SPIWP:0xee
clk_drv:0x00,q_drv:0x00,d_drv:0x00,cs0_drv:0x00,hd_drv:0x00,wp_drv:0x00
mode:DIO, clock div:2
load:0x3fff0030,len:7172
load:0x40078000,len:15540
load:0x40080400,len:4
ho 8 tail 4 room 4
load:0x40080404,len:3904
entry 0x40080640
[0;32mI (31) boot: ESP-IDF v5.2.1-dirty 2nd stage bootloader[0m
[0;32mI (31) boot: compile time May  7 2024 11:27:35[0m
[0;32mI (31) boot: Multicore bootloader[0m
[0;32mI (36) boot: chip revision: v3.1[0m
[0;32mI (40) boot.esp32: SPI Speed      : 40MHz[0m
[0;32mI (44) boot.esp32: SPI Mode       : DIO[0m
[0;32mI (49) boot.esp32: SPI Flash Size : 2MB[0m
[0;32mI (53) boot: Enabling RNG early entropy source...[0m
[0;32mI (59) boot: Partition Table:[0m
[0;32mI (62) boot: ## Label            Usage          Type ST Offset   Length[0m
[0;32mI (70) boot:  0 nvs              WiFi data        01 02 00009000 00006000[0m
[0;32mI (77) boot:  1 phy_init         RF data          01 01 0000f000 00001000[0m
[0;32mI (84) boot:  2 factory          factory app      00 00 00010000 00100000[0m
[0;32mI (92) boot:  3 storage          Unknown data     01 82 00110000 000f0000[0m
[0;32mI (99) boot: End of partition table[0m
[0;32mI (104) esp_image: segment 0: paddr=00010020 vaddr=3f400020 size=228e8h (141544) map[0m
[0;32mI (161) esp_image: segment 1: paddr=00032910 vaddr=3ffb0000 size=03bech ( 15340) load[0m
[0;32mI (167) esp_image: segment 2: paddr=00036504 vaddr=40080000 size=09b14h ( 39700) load[0m
[0;32mI (182) esp_image: segment 3: paddr=00040020 vaddr=400d0020 size=873e0h (553952) map[0m
[0;32mI (372) esp_image: segment 4: paddr=000c7408 vaddr=40089b14 size=0cb68h ( 52072) load[0m
[0;32mI (404) boot: Loaded app from partition at offset 0x10000[0m
[0;32mI (404) boot: Disabling RNG early entropy source...[0m
[0;32mI (416) cpu_start: Multicore app[0m
[0;32mI (425) cpu_start: Pro cpu start user code[0m
[0;32mI (425) cpu_start: cpu freq: 160000000 Hz[0m
[0;32mI (425) cpu_start: Application information:[0m
[0;32mI (428) cpu_start: Project name:     project-name[0m
[0;32mI (433) cpu_start: App version:      1[0m
[0;32mI (438) cpu_start: Compile time:     May  7 2024 11:27:02[0m
[0;32mI (444) cpu_start: ELF file SHA256:  eabf9a3db...[0m
[0;32mI (449) cpu_start: ESP-IDF:          v5.2.1-dirty[0m
[0;32mI (454) cpu_start: Min chip rev:     v0.0[0m
[0;32mI (459) cpu_start: Max chip rev:     v3.99 [0m
[0;32mI (464) cpu_start: Chip rev:         v3.1[0m
[0;32mI (469) heap_init: Initializing. RAM available for dynamic allocation:[0m
[0;32mI (476) heap_init: At 3FFAE6E0 len 00001920 (6 KiB): DRAM[0m
[0;32mI (482) heap_init: At 3FFB7D10 len 000282F0 (160 KiB): DRAM[0m
[0;32mI (488) heap_init: At 3FFE0440 len 00003AE0 (14 KiB): D/IRAM[0m
[0;32mI (495) heap_init: At 3FFE4350 len 0001BCB0 (111 KiB): D/IRAM[0m
[0;32mI (501) heap_init: At 4009667C len 00009984 (38 KiB): IRAM[0m
[0;32mI (509) spi_flash: detected chip: generic[0m
[0;32mI (512) spi_flash: flash io: dio[0m
[0;33mW (516) spi_flash: Detected size(4096k) larger than the size in the binary image header(2048k). Using the size in the binary image header.[0m
[0;32mI (530) main_task: Started on CPU0[0m
[0;32mI (540) main_task: Calling app_main()[0m
[0;32mI (700) SPIFFS: SPIFFS initialized successfully[0m
[0;32mI (700) SPIFFS: Partition size: total: 896321, used: 1255[0m
[0;31mE (700) SPIFFS: Failed to create new file '../filesView/hello.txt'[0m
Guru Meditation Error: Core  0 panic'ed (LoadProhibited). Exception was unhandled.

Core  0 register dump:
PC      : 0x40141090  PS      : 0x00060d30  A0      : 0x80141114  A1      : 0x3ffb9e30  
A2      : 0x00000015  A3      : 0x3ffb9ea0  A4      : 0x00000001  A5      : 0x00000015  
A6      : 0x00000000  A7      : 0x3ffafd14  A8      : 0x80141090  A9      : 0x3ffb9e10  
A10     : 0x00000000  A11     : 0x3ffb9e44  A12     : 0x00000015  A13     : 0x3ffb9eb4  
A14     : 0x00000884  A15     : 0x00000884  SAR     : 0x00000008  EXCCAUSE: 0x0000001c  
EXCVADDR: 0x00000064  LBEG    : 0x4000c2e0  LEND    : 0x4000c2f6  LCOUNT  : 0x00000000  


Backtrace: 0x4014108d:0x3ffb9e30 0x40141111:0x3ffb9e70 0x400d63b3:0x3ffb9e90 0x400d6461:0x3ffb9f40 0x400d6012:0x3ffb9fd0 0x400d5fce:0x3ffb9ff0 0x4015546f:0x3ffba010 0x40089be9:0x3ffba040




ELF file SHA256: eabf9a3db

Rebooting...
ets Jul 29 2019 12:21:46

rst:0xc (SW_CPU_RESET),boot:0x13 (SPI_FAST_FLASH_BOOT)
configsip: 0, SPIWP:0xee
clk_drv:0x00,q_drv:0x00,d_drv:0x00,cs0_drv:0x00,hd_drv:0x00,wp_drv:0x00
mode:DIO, clock div:2
load:0x3fff0030,len:7172
load:0x40078000,len:15540
load:0x40080400,len:4
ho 8 tail 4 room 4
load:0x40080404,len:3904
entry 0x40080640
[0;32mI (31) boot: ESP-IDF v5.2.1-dirty 2nd stage bootloader[0m
[0;32mI (31) boot: compile time May  7 2024 11:27:35[0m
[0;32mI (31) boot: Multicore bootloader[0m
[0;32mI (36) boot: chip revision: v3.1[0m
[0;32mI (40) boot.esp32: SPI Speed      : 40MHz[0m
[0;32mI (44) boot.esp32: SPI Mode       : DIO[0m
[0;32mI (49) boot.esp32: SPI Flash Size : 2MB[0m
[0;32mI (53) boot: Enabling RNG early entropy source...[0m
[0;32mI (59) boot: Partition Table:[0m
[0;32mI (62) boot: ## Label            Usage          Type ST Offset   Length[0m
[0;32mI (70) boot:  0 nvs              WiFi data        01 02 00009000 00006000[0m
[0;32mI (77) boot:  1 phy_init         RF data          01 01 0000f000 00001000[0m
[0;32mI (84) boot:  2 factory          factory app      00 00 00010000 00100000[0m
[0;32mI (92) boot:  3 storage          Unknown data     01 82 00110000 000f0000[0m
[0;32mI (99) boot: End of partition table[0m
[0;32mI (104) esp_image: segment 0: paddr=00010020 vaddr=3f400020 size=228e8h (141544) map[0m
[0;32mI (161) esp_image: segment 1: paddr=00032910 vaddr=3ffb0000 size=03bech ( 15340) load[0m
[0;32mI (167) esp_image: segment 2: paddr=00036504 vaddr=40080000 size=09b14h ( 39700) load[0m
[0;32mI (182) esp_image: segment 3: paddr=00040020 vaddr=400d0020 size=873e0h (553952) map[0m
[0;32mI (372) esp_image: segment 4: paddr=000c7408 vaddr=40089b14 size=0cb68h ( 52072) load[0m
[0;32mI (404) boot: Loaded app from partition at offset 0x10000[0m
[0;32mI (404) boot: Disabling RNG early entropy source...[0m
[0;32mI (416) cpu_start: Multicore app[0m
[0;32mI (425) cpu_start: Pro cpu start user code[0m
[0;32mI (425) cpu_start: cpu freq: 160000000 Hz[0m
[0;32mI (425) cpu_start: Application information:[0m
[0;32mI (428) cpu_start: Project name:     project-name[0m
[0;32mI (433) cpu_start: App version:      1[0m
[0;32mI (438) cpu_start: Compile time:     May  7 2024 11:27:02[0m
[0;32mI (444) cpu_start: ELF file SHA256:  eabf9a3db...[0m
[0;32mI (449) cpu_start: ESP-IDF:          v5.2.1-dirty[0m
[0;32mI (454) cpu_start: Min chip rev:     v0.0[0m
[0;32mI (459) cpu_start: Max chip rev:     v3.99 [0m
[0;32mI (464) cpu_start: Chip rev:         v3.1[0m
[0;32mI (469) heap_init: Initializing. RAM available for dynamic allocation:[0m
[0;32mI (476) heap_init: At 3FFAE6E0 len 00001920 (6 KiB): DRAM[0m
[0;32mI (482) heap_init: At 3FFB7D10 len 000282F0 (160 KiB): DRAM[0m
[0;32mI (488) heap_init: At 3FFE0440 len 00003AE0 (14 KiB): D/IRAM[0m
[0;32mI (495) heap_init: At 3FFE4350 len 0001BCB0 (111 KiB): D/IRAM[0m
[0;32mI (501) heap_init: At 4009667C len 00009984 (38 KiB): IRAM[0m
[0;32mI (509) spi_flash: detected chip: generic[0m
[0;32mI (512) spi_flash: flash io: dio[0m
[0;33mW (516) spi_flash: Detected size(4096k) larger than the size in the binary image header(2048k). Using the size in the binary image header.[0m
[0;32mI (530) main_task: Started on CPU0[0m
[0;32mI (540) main_task: Calling app_main()[0m
[0;32mI (700) SPIFFS: SPIFFS initialized successfully[0m
[0;32mI (700) SPIFFS: Partition size: total: 896321, used: 1255[0m
[0;31mE (700) SPIFFS: Failed to create new file '../filesView/hello.txt'[0m
Guru Meditation Error: Core  0 panic'ed (LoadProhibited). Exception was unhandled.

Core  0 register dump:
PC      : 0x40141090  PS      : 0x00060730  A0      : 0x80141114  A1      : 0x3ffb9e30  
A2      : 0x00000015  A3      : 0x3ffb9ea0  A4      : 0x00000001  A5      : 0x00000015  
A6      : 0x00000000  A7      : 0x3ffafd14  A8      : 0x80141090  A9      : 0x3ffb9e10  
A10     : 0x00000000  A11     : 0x3ffb9e44  A12     : 0x00000015  A13     : 0x3ffb9eb4  
A14     : 0x00000884  A15     : 0x00000884  SAR     : 0x00000008  EXCCAUSE: 0x0000001c  
EXCVADDR: 0x00000064  LBEG    : 0x4000c2e0  LEND    : 0x4000c2f6  LCOUNT  : 0x00000000  


Backtrace: 0x4014108d:0x3ffb9e30 0x40141111:0x3ffb9e70 0x400d63b3:0x3ffb9e90 0x400d6461:0x3ffb9f40 0x400d6012:0x3ffb9fd0 0x400d5fce:0x3ffb9ff0 0x4015546f:0x3ffba010 0x40089be9:0x3ffba040




ELF file SHA256: eabf9a3db

Rebooting...
ets Jul 29 2019 12:21:46

rst:0xc (SW_CPU_RESET),boot:0x13 (SPI_FAST_FLASH_BOOT)
configsip: 0, SPIWP:0xee
clk_drv:0x00,q_drv:0x00,d_drv:0x00,cs0_drv:0x00,hd_drv:0x00,wp_drv:0x00
mode:DIO, clock div:2
load:0x3fff0030,len:7172
load:0x40078000,len:15540
load:0x40080400,len:4
ho 8 tail 4 room 4
load:0x40080404,len:3904
entry 0x40080640
[0;32mI (31) boot: ESP-IDF v5.2.1-dirty 2nd stage bootloader[0m
[0;32mI (31) boot: compile time May  7 2024 11:27:35[0m
[0;32mI (31) boot: Multicore bootloader[0m
[0;32mI (36) boot: chip revision: v3.1[0m
[0;32mI (40) boot.esp32: SPI Speed      : 40MHz[0m
[0;32mI (44) boot.esp32: SPI Mode       : DIO[0m
[0;32mI (49) boot.esp32: SPI Flash Size : 2MB[0m
[0;32mI (53) boot: Enabling RNG early entropy source...[0m
[0;32mI (59) boot: Partition Table:[0m
[0;32mI (62) boot: ## Label            Usage          Type ST Offset   Length[0m
[0;32mI (70) boot:  0 nvs              WiFi data        01 02 00009000 00006000[0m
[0;32mI (77) boot:  1 phy_init         RF data          01 01 0000f000 00001000[0m
[0;32mI (84) boot:  2 factory          factory app      00 00 00010000 00100000[0m
[0;32mI (92) boot:  3 storage          Unknown data     01 82 00110000 000f0000[0m
[0;32mI (99) boot: End of partition table[0m
[0;32mI (104) esp_image: segment 0: paddr=00010020 vaddr=3f400020 size=228e8h (141544) map[0m
[0;32mI (161) esp_image: segment 1: paddr=00032910 vaddr=3ffb0000 size=03bech ( 15340) load[0m
[0;32mI (167) esp_image: segment 2: paddr=00036504 vaddr=40080000 size=09b14h ( 39700) load[0m
[0;32mI (182) esp_image: segment 3: paddr=00040020 vaddr=400d0020 size=873e0h (553952) map[0m
[0;32mI (372) esp_image: segment 4: paddr=000c7408 vaddr=40089b14 size=0cb68h ( 52072) load[0m
[0;32mI (404) boot: Loaded app from partition at offset 0x10000[0m
[0;32mI (404) boot: Disabling RNG early entropy source...[0m
[0;32mI (416) cpu_start: Multicore app[0m
[0;32mI (425) cpu_start: Pro cpu start user code[0m
[0;32mI (425) cpu_start: cpu freq: 160000000 Hz[0m
[0;32mI (425) cpu_start: Application information:[0m
[0;32mI (428) cpu_start: Project name:     project-name[0m
[0;32mI (433) cpu_start: App version:      1[0m
[0;32mI (438) cpu_start: Compile time:     May  7 2024 11:27:02[0m
[0;32mI (444) cpu_start: ELF file SHA256:  eabf9a3db...[0m
[0;32mI (449) cpu_start: ESP-IDF:          v5.2.1-dirty[0m
[0;32mI (454) cpu_start: Min chip rev:     v0.0[0m
[0;32mI (459) cpu_start: Max chip rev:     v3.99 [0m
[0;32mI (464) cpu_start: Chip rev:         v3.1[0m
[0;32mI (469) heap_init: Initializing. RAM available for dynamic allocation:[0m
[0;32mI (476) heap_init: At 3FFAE6E0 len 00001920 (6 KiB): DRAM[0m
[0;32mI (482) heap_init: At 3FFB7D10 len 000282F0 (160 KiB): DRAM[0m
[0;32mI (488) heap_init: At 3FFE0440 len 00003AE0 (14 KiB): D/IRAM[0m
[0;32mI (495) heap_init: At 3FFE4350 len 0001BCB0 (111 KiB): D/IRAM[0m
[0;32mI (501) heap_init: At 4009667C len 00009984 (38 KiB): IRAM[0m
[0;32mI (509) spi_flash: detected chip: generic[0m
[0;32mI (512) spi_flash: flash io: dio[0m
[0;33mW (516) spi_flash: Detected size(4096k) larger than the size in the binary image header(2048k). Using the size in the binary image header.[0m
[0;32mI (530) main_task: Started on CPU0[0m
[0;32mI (540) main_task: Calling app_main()[0m
[0;32mI (700) SPIFFS: SPIFFS initialized successfully[0m
[0;32mI (700) SPIFFS: Partition size: total: 896321, used: 1255[0m
[0;31mE (700) SPIFFS: Failed to create new file '../filesView/hello.txt'[0m
Guru Meditation Error: Core  0 panic'ed (LoadProhibited). Exception was unhandled.

Core  0 register dump:
PC      : 0x40141090  PS      : 0x00060d30  A0      : 0x80141114  A1      : 0x3ffb9e30  
A2      : 0x00000015  A3      : 0x3ffb9ea0  A4      : 0x00000001  A5      : 0x00000015  
A6      : 0x00000000  A7      : 0x3ffafd14  A8      : 0x80141090  A9      : 0x3ffb9e10  
A10     : 0x00000000  A11     : 0x3ffb9e44  A12     : 0x00000015  A13     : 0x3ffb9eb4  
A14     : 0x00000884  A15     : 0x00000884  SAR     : 0x00000008  EXCCAUSE: 0x0000001c  
EXCVADDR: 0x00000064  LBEG    : 0x4000c2e0  LEND    : 0x4000c2f6  LCOUNT  : 0x00000000  


Backtrace: 0x4014108d:0x3ffb9e30 0x40141111:0x3ffb9e70 0x400d63b3:0x3ffb9e90 0x400d6461:0x3ffb9f40 0x400d6012:0x3ffb9fd0 0x400d5fce:0x3ffb9ff0 0x4015546f:0x3ffba010 0x40089be9:0x3ffba040




ELF file SHA256: eabf9a3db

Rebooting...
ets Jul 29 2019 12:21:46

rst:0xc (SW_CPU_RESET),boot:0x13 (SPI_FAST_FLASH_BOOT)
configsip: 0, SPIWP:0xee
clk_drv:0x00,q_drv:0x00,d_drv:0x00,cs0_drv:0x00,hd_drv:0x00,wp_drv:0x00
mode:DIO, clock div:2
load:0x3fff0030,len:7172
load:0x40078000,len:15540
load:0x40080400,len:4
ho 8 tail 4 room 4
load:0x40080404,len:3904
entry 0x40080640
[0;32mI (31) boot: ESP-IDF v5.2.1-dirty 2nd stage bootloader[0m
[0;32mI (31) boot: compile time May  7 2024 11:27:35[0m
[0;32mI (31) boot: Multicore bootloader[0m
[0;32mI (36) boot: chip revision: v3.1[0m
[0;32mI (40) boot.esp32: SPI Speed      : 40MHz[0m
[0;32mI (44) boot.esp32: SPI Mode       : DIO[0m
[0;32mI (49) boot.esp32: SPI Flash Size : 2MB[0m
[0;32mI (53) boot: Enabling RNG early entropy source...[0m
[0;32mI (59) boot: Partition Table:[0m
[0;32mI (62) boot: ## Label            Usage          Type ST Offset   Length[0m
[0;32mI (70) boot:  0 nvs              WiFi data        01 02 00009000 00006000[0m
[0;32mI (77) boot:  1 phy_init         RF data          01 01 0000f000 00001000[0m
[0;32mI (84) boot:  2 factory          factory app      00 00 00010000 00100000[0m
[0;32mI (92) boot:  3 storage          Unknown data     01 82 00110000 000f0000[0m
[0;32mI (99) boot: End of partition table[0m
[0;32mI (104) esp_image: segment 0: paddr=00010020 vaddr=3f400020 size=228e8h (141544) map[0m
[0;32mI (161) esp_image: segment 1: paddr=00032910 vaddr=3ffb0000 size=03bech ( 15340) load[0m
[0;32mI (167) esp_image: segment 2: paddr=00036504 vaddr=40080000 size=09b14h ( 39700) load[0m
[0;32mI (182) esp_image: segment 3: paddr=00040020 vaddr=400d0020 size=873e0h (553952) map[0m
[0;32mI (372) esp_image: segment 4: paddr=000c7408 vaddr=40089b14 size=0cb68h ( 52072) load[0m
[0;32mI (404) boot: Loaded app from partition at offset 0x10000[0m
[0;32mI (404) boot: Disabling RNG early entropy source...[0m
[0;32mI (416) cpu_start: Multicore app[0m
[0;32mI (425) cpu_start: Pro cpu start user code[0m
[0;32mI (425) cpu_start: cpu freq: 160000000 Hz[0m
[0;32mI (425) cpu_start: Application information:[0m
[0;32mI (428) cpu_start: Project name:     project-name[0m
[0;32mI (433) cpu_start: App version:      1[0m
[0;32mI (438) cpu_start: Compile time:     May  7 2024 11:27:02[0m
[0;32mI (444) cpu_start: ELF file SHA256:  eabf9a3db...[0m
[0;32mI (449) cpu_start: ESP-IDF:          v5.2.1-dirty[0m
[0;32mI (454) cpu_start: Min chip rev:     v0.0[0m
[0;32mI (459) cpu_start: Max chip rev:     v3.99 [0m
[0;32mI (464) cpu_start: Chip rev:         v3.1[0m
[0;32mI (469) heap_init: Initializing. RAM available for dynamic allocation:[0m
[0;32mI (476) heap_init: At 3FFAE6E0 len 00001920 (6 KiB): DRAM[0m
[0;32mI (482) heap_init: At 3FFB7D10 len 000282F0 (160 KiB): DRAM[0m
[0;32mI (488) heap_init: At 3FFE0440 len 00003AE0 (14 KiB): D/IRAM[0m
[0;32mI (495) heap_init: At 3FFE4350 len 0001BCB0 (111 KiB): D/IRAM[0m
[0;32mI (501) heap_init: At 4009667C len 00009984 (38 KiB): IRAM[0m
[0;32mI (509) spi_flash: detected chip: generic[0m
[0;32mI (512) spi_flash: flash io: dio[0m
[0;33mW (516) spi_flash: Detected size(4096k) larger than the size in the binary image header(2048k). Using the size in the binary image header.[0m
[0;32mI (530) main_task: Started on CPU0[0m
[0;32mI (540) main_task: Calling app_main()[0m
[0;32mI (700) SPIFFS: SPIFFS initialized successfully[0m
[0;32mI (700) SPIFFS: Partition size: total: 896321, used: 1255[0m
[0;31mE (700) SPIFFS: Failed to create new file '../filesView/hello.txt'[0m
Guru Meditation Error: Core  0 panic'ed (LoadProhibited). Exception was unhandled.

Core  0 register dump:
PC      : 0x40141090  PS      : 0x00060d30  A0      : 0x80141114  A1      : 0x3ffb9e30  
A2      : 0x00000015  A3      : 0x3ffb9ea0  A4      : 0x00000001  A5      : 0x00000015  
A6      : 0x00000000  A7      : 0x3ffafd14  A8      : 0x80141090  A9      : 0x3ffb9e10  
A10     : 0x00000000  A11     : 0x3ffb9e44  A12     : 0x00000015  A13     : 0x3ffb9eb4  
A14     : 0x00000884  A15     : 0x00000884  SAR     : 0x00000008  EXCCAUSE: 0x0000001c  
EXCVADDR: 0x00000064  LBEG    : 0x4000c2e0  LEND    : 0x4000c2f6  LCOUNT  : 0x00000000  


Backtrace: 0x4014108d:0x3ffb9e30 0x40141111:0x3ffb9e70 0x400d63b3:0x3ffb9e90 0x400d6461:0x3ffb9f40 0x400d6012:0x3ffb9fd0 0x400d5fce:0x3ffb9ff0 0x4015546f:0x3ffba010 0x40089be9:0x3ffba040




ELF file SHA256: eabf9a3db

Rebooting...
ets Jul 29 2019 12:21:46

rst:0xc (SW_CPU_RESET),boot:0x13 (SPI_FAST_FLASH_BOOT)
configsip: 0, SPIWP:0xee
clk_drv:0x00,q_drv:0x00,d_drv:0x00,cs0_drv:0x00,hd_drv:0x00,wp_drv:0x00
mode:DIO, clock div:2
load:0x3fff0030,len:7172
load:0x40078000,len:15540
load:0x40080400,len:4
ho 8 tail 4 room 4
load:0x40080404,len:3904
entry 0x40080640
[0;32mI (31) boot: ESP-IDF v5.2.1-dirty 2nd stage bootloader[0m
[0;32mI (31) boot: compile time May  7 2024 11:27:35[0m
[0;32mI (31) boot: Multicore bootloader[0m
[0;32mI (36) boot: chip revision: v3.1[0m
[0;32mI (40) boot.esp32: SPI Speed      : 40MHz[0m
[0;32mI (44) boot.esp32: SPI Mode       : DIO[0m
[0;32mI (49) boot.esp32: SPI Flash Size : 2MB[0m
[0;32mI (53) boot: Enabling RNG early entropy source...[0m
[0;32mI (59) boot: Partition Table:[0m
[0;32mI (62) boot: ## Label            Usage          Type ST Offset   Length[0m
[0;32mI (70) boot:  0 nvs              WiFi data        01 02 00009000 00006000[0m
[0;32mI (77) boot:  1 phy_init         RF data          01 01 0000f000 00001000[0m
[0;32mI (84) boot:  2 factory          factory app      00 00 00010000 00100000[0m
[0;32mI (92) boot:  3 storage          Unknown data     01 82 00110000 000f0000[0m
[0;32mI (99) boot: End of partition table[0m
[0;32mI (104) esp_image: segment 0: paddr=00010020 vaddr=3f400020 size=228e8h (141544) map[0m
[0;32mI (161) esp_image: segment 1: paddr=00032910 vaddr=3ffb0000 size=03bech ( 15340) load[0m
[0;32mI (167) esp_image: segment 2: paddr=00036504 vaddr=40080000 size=09b14h ( 39700) load[0m
[0;32mI (182) esp_image: segment 3: paddr=00040020 vaddr=400d0020 size=873e0h (553952) map[0m
[0;32mI (372) esp_image: segment 4: paddr=000c7408 vaddr=40089b14 size=0cb68h ( 52072) load[0m
[0;32mI (404) boot: Loaded app from partition at offset 0x10000[0m
[0;32mI (404) boot: Disabling RNG early entropy source...[0m
[0;32mI (416) cpu_start: Multicore app[0m
[0;32mI (425) cpu_start: Pro cpu start user code[0m
[0;32mI (425) cpu_start: cpu freq: 160000000 Hz[0m
[0;32mI (425) cpu_start: Application information:[0m
[0;32mI (428) cpu_start: Project name:     project-name[0m
[0;32mI (433) cpu_start: App version:      1[0m
[0;32mI (438) cpu_start: Compile time:     May  7 2024 11:27:02[0m
[0;32mI (444) cpu_start: ELF file SHA256:  eabf9a3db...[0m
[0;32mI (449) cpu_start: ESP-IDF:          v5.2.1-dirty[0m
[0;32mI (454) cpu_start: Min chip rev:     v0.0[0m
[0;32mI (459) cpu_start: Max chip rev:     v3.99 [0m
[0;32mI (464) cpu_start: Chip rev:         v3.1[0m
[0;32mI (469) heap_init: Initializing. RAM available for dynamic allocation:[0m
[0;32mI (476) heap_init: At 3FFAE6E0 len 00001920 (6 KiB): DRAM[0m
[0;32mI (482) heap_init: At 3FFB7D10 len 000282F0 (160 KiB): DRAM[0m
[0;32mI (488) heap_init: At 3FFE0440 len 00003AE0 (14 KiB): D/IRAM[0m
[0;32mI (495) heap_init: At 3FFE4350 len 0001BCB0 (111 KiB): D/IRAM[0m
[0;32mI (501) heap_init: At 4009667C len 00009984 (38 KiB): IRAM[0m
[0;32mI (509) spi_flash: detected chip: generic[0m
[0;32mI (512) spi_flash: flash io: dio[0m
[0;33mW (516) spi_flash: Detected size(4096k) larger than the size in the binary image header(2048k). Using the size in the binary image header.[0m
[0;32mI (530) main_task: Started on CPU0[0m
[0;32mI (540) main_task: Calling app_main()[0m
[0;32mI (700) SPIFFS: SPIFFS initialized successfully[0m
[0;32mI (700) SPIFFS: Partition size: total: 896321, used: 1255[0m
[0;31mE (700) SPIFFS: Failed to create new file '../filesView/hello.txt'[0m
Guru Meditation Error: Core  0 panic'ed (LoadProhibited). Exception was unhandled.

Core  0 register dump:
PC      : 0x40141090  PS      : 0x00060d30  A0      : 0x80141114  A1      : 0x3ffb9e30  
A2      : 0x00000015  A3      : 0x3ffb9ea0  A4      : 0x00000001  A5      : 0x00000015  
A6      : 0x00000000  A7      : 0x3ffafd14  A8      : 0x80141090  A9      : 0x3ffb9e10  
A10     : 0x00000000  A11     : 0x3ffb9e44  A12     : 0x00000015  A13     : 0x3ffb9eb4  
A14     : 0x00000884  A15     : 0x00000884  SAR     : 0x00000008  EXCCAUSE: 0x0000001c  
EXCVADDR: 0x00000064  LBEG    : 0x4000c2e0  LEND    : 0x4000c2f6  LCOUNT  : 0x00000000  


Backtrace: 0x4014108d:0x3ffb9e30 0x40141111:0x3ffb9e70 0x400d63b3:0x3ffb9e90 0x400d6461:0x3ffb9f40 0x400d6012:0x3ffb9fd0 0x400d5fce:0x3ffb9ff0 0x4015546f:0x3ffba010 0x40089be9:0x3ffba040




ELF file SHA256: eabf9a3db

Rebooting...
ets Jul 29 2019 12:21:46

rst:0xc (SW_CPU_RESET),boot:0x13 (SPI_FAST_FLASH_BOOT)
configsip: 0, SPIWP:0xee
clk_drv:0x00,q_drv:0x00,d_drv:0x00,cs0_drv:0x00,hd_drv:0x00,wp_drv:0x00
mode:DIO, clock div:2
load:0x3fff0030,len:7172
load:0x40078000,len:15540
load:0x40080400,len:4
ho 8 tail 4 room 4
load:0x40080404,len:3904
entry 0x40080640
[0;32mI (31) boot: ESP-IDF v5.2.1-dirty 2nd stage bootloader[0m
[0;32mI (31) boot: compile time May  7 2024 11:27:35[0m
[0;32mI (31) boot: Multicore bootloader[0m
[0;32mI (36) boot: chip revision: v3.1[0m
[0;32mI (40) boot.esp32: SPI Speed      : 40MHz[0m
[0;32mI (44) boot.esp32: SPI Mode       : DIO[0m
[0;32mI (49) boot.esp32: SPI Flash Size : 2MB[0m
[0;32mI (53) boot: Enabling RNG early entropy source...[0m
[0;32mI (59) boot: Partition Table:[0m
[0;32mI (62) boot: ## Label            Usage          Type ST Offset   Length[0m
[0;32mI (70) boot:  0 nvs              WiFi data        01 02 00009000 00006000[0m
[0;32mI (77) boot:  1 phy_init         RF data          01 01 0000f000 00001000[0m
[0;32mI (84) boot:  2 factory          factory app      00 00 00010000 00100000[0m
[0;32mI (92) boot:  3 storage          Unknown data     01 82 00110000 000f0000[0m
[0;32mI (99) boot: End of partition table[0m
[0;32mI (104) esp_image: segment 0: paddr=00010020 vaddr=3f400020 size=228e8h (141544) map[0m
[0;32mI (161) esp_image: segment 1: paddr=00032910 vaddr=3ffb0000 size=03bech ( 15340) load[0m
[0;32mI (167) esp_image: segment 2: paddr=00036504 vaddr=40080000 size=09b14h ( 39700) load[0m
[0;32mI (182) esp_image: segment 3: paddr=00040020 vaddr=400d0020 size=873e0h (553952) map[0m
[0;32mI (372) esp_image: segment 4: paddr=000c7408 vaddr=40089b14 size=0cb68h ( 52072) load[0m
[0;32mI (404) boot: Loaded app from partition at offset 0x10000[0m
[0;32mI (404) boot: Disabling RNG early entropy source...[0m
[0;32mI (416) cpu_start: Multicore app[0m
[0;32mI (425) cpu_start: Pro cpu start user code[0m
[0;32mI (425) cpu_start: cpu freq: 160000000 Hz[0m
[0;32mI (425) cpu_start: Application information:[0m
[0;32mI (428) cpu_start: Project name:     project-name[0m
[0;32mI (433) cpu_start: App version:      1[0m
[0;32mI (438) cpu_start: Compile time:     May  7 2024 11:27:02[0m
[0;32mI (444) cpu_start: ELF file SHA256:  eabf9a3db...[0m
[0;32mI (449) cpu_start: ESP-IDF:          v5.2.1-dirty[0m
[0;32mI (454) cpu_start: Min chip rev:     v0.0[0m
[0;32mI (459) cpu_start: Max chip rev:     v3.99 [0m
[0;32mI (464) cpu_start: Chip rev:         v3.1[0m
[0;32mI (469) heap_init: Initializing. RAM available for dynamic allocation:[0m
[0;32mI (476) heap_init: At 3FFAE6E0 len 00001920 (6 KiB): DRAM[0m
[0;32mI (482) heap_init: At 3FFB7D10 len 000282F0 (160 KiB): DRAM[0m
[0;32mI (488) heap_init: At 3FFE0440 len 00003AE0 (14 KiB): D/IRAM[0m
[0;32mI (495) heap_init: At 3FFE4350 len 0001BCB0 (111 KiB): D/IRAM[0m
[0;32mI (501) heap_init: At 4009667C len 00009984 (38 KiB): IRAM[0m
[0;32mI (509) spi_flash: detected chip: generic[0m
[0;32mI (512) spi_flash: flash io: dio[0m
[0;33mW (516) spi_flash: Detected size(4096k) larger than the size in the binary image header(2048k). Using the size in the binary image header.[0m
[0;32mI (530) main_task: Started on CPU0[0m
[0;32mI (540) main_task: Calling app_main()[0m
[0;32mI (700) SPIFFS: SPIFFS initialized successfully[0m
[0;32mI (700) SPIFFS: Partition size: total: 896321, used: 1255[0m
[0;31mE (700) SPIFFS: Failed to create new file '../filesView/hello.txt'[0m
Guru Meditation Error: Core  0 panic'ed (LoadProhibited). Exception was unhandled.

Core  0 register dump:
PC      : 0x40141090  PS      : 0x00060730  A0      : 0x80141114  A1      : 0x3ffb9e30  
A2      : 0x00000015  A3      : 0x3ffb9ea0  A4      : 0x00000001  A5      : 0x00000015  
A6      : 0x00000000  A7      : 0x3ffafd14  A8      : 0x80141090  A9      : 0x3ffb9e10  
A10     : 0x00000000  A11     : 0x3ffb9e44  A12     : 0x00000015  A13     : 0x3ffb9eb4  
A14     : 0x00000884  A15     : 0x00000884  SAR     : 0x00000008  EXCCAUSE: 0x0000001c  
EXCVADDR: 0x00000064  LBEG    : 0x4000c2e0  LEND    : 0x4000c2f6  LCOUNT  : 0x00000000  


Backtrace: 0x4014108d:0x3ffb9e30 0x40141111:0x3ffb9e70 0x400d63b3:0x3ffb9e90 0x400d6461:0x3ffb9f40 0x400d6012:0x3ffb9fd0 0x400d5fce:0x3ffb9ff0 0x4015546f:0x3ffba010 0x40089be9:0x3ffba040




ELF file SHA256: eabf9a3db

Rebooting...
ets Jul 29 2019 12:21:46

rst:0xc (SW_CPU_RESET),boot:0x13 (SPI_FAST_FLASH_BOOT)
configsip: 0, SPIWP:0xee
clk_drv:0x00,q_drv:0x00,d_drv:0x00,cs0_drv:0x00,hd_drv:0x00,wp_drv:0x00
mode:DIO, clock div:2
load:0x3fff0030,len:7172
load:0x40078000,len:15540
load:0x40080400,len:4
ho 8 tail 4 room 4
load:0x40080404,len:3904
entry 0x40080640
[0;32mI (31) boot: ESP-IDF v5.2.1-dirty 2nd stage bootloader[0m
[0;32mI (31) boot: compile time May  7 2024 11:27:35[0m
[0;32mI (31) boot: Multicore bootloader[0m
[0;32mI (36) boot: chip revision: v3.1[0m
[0;32mI (40) boot.esp32: SPI Speed      : 40MHz[0m
[0;32mI (44) boot.esp32: SPI Mode       : DIO[0m
[0;32mI (49) boot.esp32: SPI Flash Size : 2MB[0m
[0;32mI (53) boot: Enabling RNG early entropy source...[0m
[0;32mI (59) boot: Partition Table:[0m
[0;32mI (62) boot: ## Label            Usage          Type ST Offset   Length[0m
[0;32mI (70) boot:  0 nvs              WiFi data        01 02 00009000 00006000[0m
[0;32mI (77) boot:  1 phy_init         RF data          01 01 0000f000 00001000[0m
[0;32mI (84) boot:  2 factory          factory app      00 00 00010000 00100000[0m
[0;32mI (92) boot:  3 storage          Unknown data     01 82 00110000 000f0000[0m
[0;32mI (99) boot: End of partition table[0m
[0;32mI (104) esp_image: segment 0: paddr=00010020 vaddr=3f400020 size=228e8h (141544) map[0m
[0;32mI (161) esp_image: segment 1: paddr=00032910 vaddr=3ffb0000 size=03bech ( 15340) load[0m
[0;32mI (167) esp_image: segment 2: paddr=00036504 vaddr=40080000 size=09b14h ( 39700) load[0m
[0;32mI (182) esp_image: segment 3: paddr=00040020 vaddr=400d0020 size=873e0h (553952) map[0m
[0;32mI (372) esp_image: segment 4: paddr=000c7408 vaddr=40089b14 size=0cb68h ( 52072) load[0m
[0;32mI (404) boot: Loaded app from partition at offset 0x10000[0m
[0;32mI (404) boot: Disabling RNG early entropy source...[0m
[0;32mI (416) cpu_start: Multicore app[0m
[0;32mI (425) cpu_start: Pro cpu start user code[0m
[0;32mI (425) cpu_start: cpu freq: 160000000 Hz[0m
[0;32mI (425) cpu_start: Application information:[0m
[0;32mI (428) cpu_start: Project name:     project-name[0m
[0;32mI (433) cpu_start: App version:      1[0m
[0;32mI (438) cpu_start: Compile time:     May  7 2024 11:27:02[0m
[0;32mI (444) cpu_start: ELF file SHA256:  eabf9a3db...[0m
[0;32mI (449) cpu_start: ESP-IDF:          v5.2.1-dirty[0m
[0;32mI (454) cpu_start: Min chip rev:     v0.0[0m
[0;32mI (459) cpu_start: Max chip rev:     v3.99 [0m
[0;32mI (464) cpu_start: Chip rev:         v3.1[0m
[0;32mI (469) heap_init: Initializing. RAM available for dynamic allocation:[0m
[0;32mI (476) heap_init: At 3FFAE6E0 len 00001920 (6 KiB): DRAM[0m
[0;32mI (482) heap_init: At 3FFB7D10 len 000282F0 (160 KiB): DRAM[0m
[0;32mI (488) heap_init: At 3FFE0440 len 00003AE0 (14 KiB): D/IRAM[0m
[0;32mI (495) heap_init: At 3FFE4350 len 0001BCB0 (111 KiB): D/IRAM[0m
[0;32mI (501) heap_init: At 4009667C len 00009984 (38 KiB): IRAM[0m
[0;32mI (509) spi_flash: detected chip: generic[0m
[0;32mI (512) spi_flash: flash io: dio[0m
[0;33mW (516) spi_flash: Detected size(4096k) larger than the size in the binary image header(2048k). Using the size in the binary image header.[0m
[0;32mI (530) main_task: Started on CPU0[0m
[0;32mI (540) main_task: Calling app_main()[0m
[0;32mI (700) SPIFFS: SPIFFS initialized successfully[0m
[0;32mI (700) SPIFFS: Partition size: total: 896321, used: 1255[0m
[0;31mE (700) SPIFFS: Failed to create new file '../filesView/hello.txt'[0m
Guru Meditation Error: Core  0 panic'ed (LoadProhibited). Exception was unhandled.

Core  0 register dump:
PC      : 0x40141090  PS      : 0x00060d30  A0      : 0x80141114  A1      : 0x3ffb9e30  
A2      : 0x00000015  A3      : 0x3ffb9ea0  A4      : 0x00000001  A5      : 0x00000015  
A6      : 0x00000000  A7      : 0x3ffafd14  A8      : 0x80141090  A9      : 0x3ffb9e10  
A10     : 0x00000000  A11     : 0x3ffb9e44  A12     : 0x00000015  A13     : 0x3ffb9eb4  
A14     : 0x00000884  A15     : 0x00000884  SAR     : 0x00000008  EXCCAUSE: 0x0000001c  
EXCVADDR: 0x00000064  LBEG    : 0x4000c2e0  LEND    : 0x4000c2f6  LCOUNT  : 0x00000000  


Backtrace: 0x4014108d:0x3ffb9e30 0x40141111:0x3ffb9e70 0x400d63b3:0x3ffb9e90 0x400d6461:0x3ffb9f40 0x400d6012:0x3ffb9fd0 0x400d5fce:0x3ffb9ff0 0x4015546f:0x3ffba010 0x40089be9:0x3ffba040




ELF file SHA256: eabf9a3db

Rebooting...
ets Jul 29 2019 12:21:46

rst:0xc (SW_CPU_RESET),boot:0x13 (SPI_FAST_FLASH_BOOT)
configsip: 0, SPIWP:0xee
clk_drv:0x00,q_drv:0x00,d_drv:0x00,cs0_drv:0x00,hd_drv:0x00,wp_drv:0x00
mode:DIO, clock div:2
load:0x3fff0030,len:7172
load:0x40078000,len:15540
load:0x40080400,len:4
ho 8 tail 4 room 4
load:0x40080404,len:3904
entry 0x40080640
[0;32mI (31) boot: ESP-IDF v5.2.1-dirty 2nd stage bootloader[0m
[0;32mI (31) boot: compile time May  7 2024 11:27:35[0m
[0;32mI (31) boot: Multicore bootloader[0m
[0;32mI (36) boot: chip revision: v3.1[0m
[0;32mI (40) boot.esp32: SPI Speed      : 40MHz[0m
[0;32mI (44) boot.esp32: SPI Mode       : DIO[0m
[0;32mI (49) boot.esp32: SPI Flash Size : 2MB[0m
[0;32mI (53) boot: Enabling RNG early entropy source...[0m
[0;32mI (59) boot: Partition Table:[0m
[0;32mI (62) boot: ## Label            Usage          Type ST Offset   Length[0m
[0;32mI (70) boot:  0 nvs              WiFi data        01 02 00009000 00006000[0m
[0;32mI (77) boot:  1 phy_init         RF data          01 01 0000f000 00001000[0m
[0;32mI (84) boot:  2 factory          factory app      00 00 00010000 00100000[0m
[0;32mI (92) boot:  3 storage          Unknown data     01 82 00110000 000f0000[0m
[0;32mI (99) boot: End of partition table[0m
[0;32mI (104) esp_image: segment 0: paddr=00010020 vaddr=3f400020 size=228e8h (141544) map[0m
[0;32mI (161) esp_image: segment 1: paddr=00032910 vaddr=3ffb0000 size=03bech ( 15340) load[0m
[0;32mI (167) esp_image: segment 2: paddr=00036504 vaddr=40080000 size=09b14h ( 39700) load[0m
[0;32mI (182) esp_image: segment 3: paddr=00040020 vaddr=400d0020 size=873e0h (553952) map[0m
[0;32mI (372) esp_image: segment 4: paddr=000c7408 vaddr=40089b14 size=0cb68h ( 52072) load[0m
[0;32mI (404) boot: Loaded app from partition at offset 0x10000[0m
[0;32mI (404) boot: Disabling RNG early entropy source...[0m
[0;32mI (416) cpu_start: Multicore app[0m
[0;32mI (425) cpu_start: Pro cpu start user code[0m
[0;32mI (425) cpu_start: cpu freq: 160000000 Hz[0m
[0;32mI (425) cpu_start: Application information:[0m
[0;32mI (428) cpu_start: Project name:     project-name[0m
[0;32mI (433) cpu_start: App version:      1[0m
[0;32mI (438) cpu_start: Compile time:     May  7 2024 11:27:02[0m
[0;32mI (444) cpu_start: ELF file SHA256:  eabf9a3db...[0m
[0;32mI (449) cpu_start: ESP-IDF:          v5.2.1-dirty[0m
[0;32mI (454) cpu_start: Min chip rev:     v0.0[0m
[0;32mI (459) cpu_start: Max chip rev:     v3.99 [0m
[0;32mI (464) cpu_start: Chip rev:         v3.1[0m
[0;32mI (469) heap_init: Initializing. RAM available for dynamic allocation:[0m
[0;32mI (476) heap_init: At 3FFAE6E0 len 00001920 (6 KiB): DRAM[0m
[0;32mI (482) heap_init: At 3FFB7D10 len 000282F0 (160 KiB): DRAM[0m
[0;32mI (488) heap_init: At 3FFE0440 len 00003AE0 (14 KiB): D/IRAM[0m
[0;32mI (495) heap_init: At 3FFE4350 len 0001BCB0 (111 KiB): D/IRAM[0m
[0;32mI (501) heap_init: At 4009667C len 00009984 (38 KiB): IRAM[0m
[0;32mI (509) spi_flash: detected chip: generic[0m
[0;32mI (512) spi_flash: flash io: dio[0m
[0;33mW (516) spi_flash: Detected size(4096k) larger than the size in the binary image header(2048k). Using the size in the binary image header.[0m
[0;32mI (530) main_task: Started on CPU0[0m
[0;32mI (540) main_task: Calling app_main()[0m
[0;32mI (700) SPIFFS: SPIFFS initialized successfully[0m
[0;32mI (700) SPIFFS: Partition size: total: 896321, used: 1255[0m
[0;31mE (700) SPIFFS: Failed to create new file '../filesView/hello.txt'[0m
Guru Meditation Error: Core  0 panic'ed (LoadProhibited). Exception was unhandled.

Core  0 register dump:
PC      : 0x40141090  PS      : 0x00060d30  A0      : 0x80141114  A1      : 0x3ffb9e30  
A2      : 0x00000015  A3      : 0x3ffb9ea0  A4      : 0x00000001  A5      : 0x00000015  
A6      : 0x00000000  A7      : 0x3ffafd14  A8      : 0x80141090  A9      : 0x3ffb9e10  
A10     : 0x00000000  A11     : 0x3ffb9e44  A12     : 0x00000015  A13     : 0x3ffb9eb4  
A14     : 0x00000884  A15     : 0x00000884  SAR     : 0x00000008  EXCCAUSE: 0x0000001c  
EXCVADDR: 0x00000064  LBEG    : 0x4000c2e0  LEND    : 0x4000c2f6  LCOUNT  : 0x00000000  


Backtrace: 0x4014108d:0x3ffb9e30 0x40141111:0x3ffb9e70 0x400d63b3:0x3ffb9e90 0x400d6461:0x3ffb9f40 0x400d6012:0x3ffb9fd0 0x400d5fce:0x3ffb9ff0 0x4015546f:0x3ffba010 0x40089be9:0x3ffba040




ELF file SHA256: eabf9a3db

Rebooting...
ets Jul 29 2019 12:21:46

rst:0xc (SW_CPU_RESET),boot:0x13 (SPI_FAST_FLASH_BOOT)
configsip: 0, SPIWP:0xee
clk_drv:0x00,q_drv:0x00,d_drv:0x00,cs0_drv:0x00,hd_drv:0x00,wp_drv:0x00
mode:DIO, clock div:2
load:0x3fff0030,len:7172
load:0x40078000,len:15540
load:0x40080400,len:4
ho 8 tail 4 room 4
load:0x40080404,len:3904
entry 0x40080640
[0;32mI (31) boot: ESP-IDF v5.2.1-dirty 2nd stage bootloader[0m
[0;32mI (31) boot: compile time May  7 2024 11:27:35[0m
[0;32mI (31) boot: Multicore bootloader[0m
[0;32mI (36) boot: chip revision: v3.1[0m
[0;32mI (40) boot.esp32: SPI Speed      : 40MHz[0m
[0;32mI (44) boot.esp32: SPI Mode       : DIO[0m
[0;32mI (49) boot.esp32: SPI Flash Size : 2MB[0m
[0;32mI (53) boot: Enabling RNG early entropy source...[0m
[0;32mI (59) boot: Partition Table:[0m
[0;32mI (62) boot: ## Label            Usage          Type ST Offset   Length[0m
[0;32mI (70) boot:  0 nvs              WiFi data        01 02 00009000 00006000[0m
[0;32mI (77) boot:  1 phy_init         RF data          01 01 0000f000 00001000[0m
[0;32mI (84) boot:  2 factory          factory app      00 00 00010000 00100000[0m
[0;32mI (92) boot:  3 storage          Unknown data     01 82 00110000 000f0000[0m
[0;32mI (99) boot: End of partition table[0m
[0;32mI (104) esp_image: segment 0: paddr=00010020 vaddr=3f400020 size=228e8h (141544) map[0m
[0;32mI (161) esp_image: segment 1: paddr=00032910 vaddr=3ffb0000 size=03bech ( 15340) load[0m
[0;32mI (167) esp_image: segment 2: paddr=00036504 vaddr=40080000 size=09b14h ( 39700) load[0m
[0;32mI (182) esp_image: segment 3: paddr=00040020 vaddr=400d0020 size=873e0h (553952) map[0m
[0;32mI (372) esp_image: segment 4: paddr=000c7408 vaddr=40089b14 size=0cb68h ( 52072) load[0m
[0;32mI (404) boot: Loaded app from partition at offset 0x10000[0m
[0;32mI (404) boot: Disabling RNG early entropy source...[0m
[0;32mI (416) cpu_start: Multicore app[0m
[0;32mI (425) cpu_start: Pro cpu start user code[0m
[0;32mI (425) cpu_start: cpu freq: 160000000 Hz[0m
[0;32mI (425) cpu_start: Application information:[0m
[0;32mI (428) cpu_start: Project name:     project-name[0m
[0;32mI (433) cpu_start: App version:      1[0m
[0;32mI (438) cpu_start: Compile time:     May  7 2024 11:27:02[0m
[0;32mI (444) cpu_start: ELF file SHA256:  eabf9a3db...[0m
[0;32mI (449) cpu_start: ESP-IDF:          v5.2.1-dirty[0m
[0;32mI (454) cpu_start: Min chip rev:     v0.0[0m
[0;32mI (459) cpu_start: Max chip rev:     v3.99 [0m
[0;32mI (464) cpu_start: Chip rev:         v3.1[0m
[0;32mI (469) heap_init: Initializing. RAM available for dynamic allocation:[0m
[0;32mI (476) heap_init: At 3FFAE6E0 len 00001920 (6 KiB): DRAM[0m
[0;32mI (482) heap_init: At 3FFB7D10 len 000282F0 (160 KiB): DRAM[0m
[0;32mI (488) heap_init: At 3FFE0440 len 00003AE0 (14 KiB): D/IRAM[0m
[0;32mI (495) heap_init: At 3FFE4350 len 0001BCB0 (111 KiB): D/IRAM[0m
[0;32mI (501) heap_init: At 4009667C len 00009984 (38 KiB): IRAM[0m
[0;32mI (509) spi_flash: detected chip: generic[0m
[0;32mI (512) spi_flash: flash io: dio[0m
[0;33mW (516) spi_flash: Detected size(4096k) larger than the size in the binary image header(2048k). Using the size in the binary image header.[0m
[0;32mI (530) main_task: Started on CPU0[0m
[0;32mI (540) main_task: Calling app_main()[0m
[0;32mI (700) SPIFFS: SPIFFS initialized successfully[0m
[0;32mI (700) SPIFFS: Partition size: total: 896321, used: 1255[0m
[0;31mE (700) SPIFFS: Failed to create new file '../filesView/hello.txt'[0m
Guru Meditation Error: Core  0 panic'ed (LoadProhibited). Exception was unhandled.

Core  0 register dump:
PC      : 0x40141090  PS      : 0x00060d30  A0      : 0x80141114  A1      : 0x3ffb9e30  
A2      : 0x00000015  A3      : 0x3ffb9ea0  A4      : 0x00000001  A5      : 0x00000015  
A6      : 0x00000000  A7      : 0x3ffafd14  A8      : 0x80141090  A9      : 0x3ffb9e10  
A10     : 0x00000000  A11     : 0x3ffb9e44  A12     : 0x00000015  A13     : 0x3ffb9eb4  
A14     : 0x00000884  A15     : 0x00000884  SAR     : 0x00000008  EXCCAUSE: 0x0000001c  
EXCVADDR: 0x00000064  LBEG    : 0x4000c2e0  LEND    : 0x4000c2f6  LCOUNT  : 0x00000000  


Backtrace: 0x4014108d:0x3ffb9e30 0x40141111:0x3ffb9e70 0x400d63b3:0x3ffb9e90 0x400d6461:0x3ffb9f40 0x400d6012:0x3ffb9fd0 0x400d5fce:0x3ffb9ff0 0x4015546f:0x3ffba010 0x40089be9:0x3ffba040




ELF file SHA256: eabf9a3db

Rebooting...
ets Jul 29 2019 12:21:46

rst:0xc (SW_CPU_RESET),boot:0x13 (SPI_FAST_FLASH_BOOT)
configsip: 0, SPIWP:0xee
clk_drv:0x00,q_drv:0x00,d_drv:0x00,cs0_drv:0x00,hd_drv:0x00,wp_drv:0x00
mode:DIO, clock div:2
load:0x3fff0030,len:7172
load:0x40078000,len:15540
load:0x40080400,len:4
ho 8 tail 4 room 4
load:0x40080404,len:3904
entry 0x40080640
[0;32mI (31) boot: ESP-IDF v5.2.1-dirty 2nd stage bootloader[0m
[0;32mI (31) boot: compile time May  7 2024 11:27:35[0m
[0;32mI (31) boot: Multicore bootloader[0m
[0;32mI (36) boot: chip revision: v3.1[0m
[0;32mI (40) boot.esp32: SPI Speed      : 40MHz[0m
[0;32mI (44) boot.esp32: SPI Mode       : DIO[0m
[0;32mI (49) boot.esp32: SPI Flash Size : 2MB[0m
[0;32mI (53) boot: Enabling RNG early entropy source...[0m
[0;32mI (59) boot: Partition Table:[0m
[0;32mI (62) boot: ## Label            Usage          Type ST Offset   Length[0m
[0;32mI (70) boot:  0 nvs              WiFi data        01 02 00009000 00006000[0m
[0;32mI (77) boot:  1 phy_init         RF data          01 01 0000f000 00001000[0m
[0;32mI (84) boot:  2 factory          factory app      00 00 00010000 00100000[0m
[0;32mI (92) boot:  3 storage          Unknown data     01 82 00110000 000f0000[0m
[0;32mI (99) boot: End of partition table[0m
[0;32mI (104) esp_image: segment 0: paddr=00010020 vaddr=3f400020 size=228e8h (141544) map[0m
[0;32mI (161) esp_image: segment 1: paddr=00032910 vaddr=3ffb0000 size=03bech ( 15340) load[0m
[0;32mI (167) esp_image: segment 2: paddr=00036504 vaddr=40080000 size=09b14h ( 39700) load[0m
[0;32mI (182) esp_image: segment 3: paddr=00040020 vaddr=400d0020 size=873e0h (553952) map[0m
[0;32mI (372) esp_image: segment 4: paddr=000c7408 vaddr=40089b14 size=0cb68h ( 52072) load[0m
[0;32mI (404) boot: Loaded app from partition at offset 0x10000[0m
[0;32mI (404) boot: Disabling RNG early entropy source...[0m
[0;32mI (416) cpu_start: Multicore app[0m
[0;32mI (425) cpu_start: Pro cpu start user code[0m
[0;32mI (425) cpu_start: cpu freq: 160000000 Hz[0m
[0;32mI (425) cpu_start: Application information:[0m
[0;32mI (428) cpu_start: Project name:     project-name[0m
[0;32mI (433) cpu_start: App version:      1[0m
[0;32mI (438) cpu_start: Compile time:     May  7 2024 11:27:02[0m
[0;32mI (444) cpu_start: ELF file SHA256:  eabf9a3db...[0m
[0;32mI (449) cpu_start: ESP-IDF:          v5.2.1-dirty[0m
[0;32mI (454) cpu_start: Min chip rev:     v0.0[0m
[0;32mI (459) cpu_start: Max chip rev:     v3.99 [0m
[0;32mI (464) cpu_start: Chip rev:         v3.1[0m
[0;32mI (469) heap_init: Initializing. RAM available for dynamic allocation:[0m
[0;32mI (476) heap_init: At 3FFAE6E0 len 00001920 (6 KiB): DRAM[0m
[0;32mI (482) heap_init: At 3FFB7D10 len 000282F0 (160 KiB): DRAM[0m
[0;32mI (488) heap_init: At 3FFE0440 len 00003AE0 (14 KiB): D/IRAM[0m
[0;32mI (495) heap_init: At 3FFE4350 len 0001BCB0 (111 KiB): D/IRAM[0m
[0;32mI (501) heap_init: At 4009667C len 00009984 (38 KiB): IRAM[0m
[0;32mI (509) spi_flash: detected chip: generic[0m
[0;32mI (512) spi_flash: flash io: dio[0m
[0;33mW (516) spi_flash: Detected size(4096k) larger than the size in the binary image header(2048k). Using the size in the binary image header.[0m
[0;32mI (530) main_task: Started on CPU0[0m
[0;32mI (540) main_task: Calling app_main()[0m
[0;32mI (700) SPIFFS: SPIFFS initialized successfully[0m
[0;32mI (700) SPIFFS: Partition size: total: 896321, used: 1255[0m
[0;31mE (700) SPIFFS: Failed to create new file '../filesView/hello.txt'[0m
Guru Meditation Error: Core  0 panic'ed (LoadProhibited). Exception was unhandled.

Core  0 register dump:
PC      : 0x40141090  PS      : 0x00060d30  A0      : 0x80141114  A1      : 0x3ffb9e30  
A2      : 0x00000015  A3      : 0x3ffb9ea0  A4      : 0x00000001  A5      : 0x00000015  
A6      : 0x00000000  A7      : 0x3ffafd14  A8      : 0x80141090  A9      : 0x3ffb9e10  
A10     : 0x00000000  A11     : 0x3ffb9e44  A12     : 0x00000015  A13     : 0x3ffb9eb4  
A14     : 0x00000884  A15     : 0x00000884  SAR     : 0x00000008  EXCCAUSE: 0x0000001c  
EXCVADDR: 0x00000064  LBEG    : 0x4000c2e0  LEND    : 0x4000c2f6  LCOUNT  : 0x00000000  


Backtrace: 0x4014108d:0x3ffb9e30 0x40141111:0x3ffb9e70 0x400d63b3:0x3ffb9e90 0x400d6461:0x3ffb9f40 0x400d6012:0x3ffb9fd0 0x400d5fce:0x3ffb9ff0 0x4015546f:0x3ffba010 0x40089be9:0x3ffba040




ELF file SHA256: eabf9a3db

Rebooting...
ets Jul 29 2019 12:21:46

rst:0xc (SW_CPU_RESET),boot:0x13 (SPI_FAST_FLASH_BOOT)
configsip: 0, SPIWP:0xee
clk_drv:0x00,q_drv:0x00,d_drv:0x00,cs0_drv:0x00,hd_drv:0x00,wp_drv:0x00
mode:DIO, clock div:2
load:0x3fff0030,len:7172
load:0x40078000,len:15540
load:0x40080400,len:4
ho 8 tail 4 room 4
load:0x40080404,len:3904
entry 0x40080640
[0;32mI (31) boot: ESP-IDF v5.2.1-dirty 2nd stage bootloader[0m
[0;32mI (31) boot: compile time May  7 2024 11:27:35[0m
[0;32mI (31) boot: Multicore bootloader[0m
[0;32mI (36) boot: chip revision: v3.1[0m
[0;32mI (40) boot.esp32: SPI Speed      : 40MHz[0m
[0;32mI (44) boot.esp32: SPI Mode       : DIO[0m
[0;32mI (49) boot.esp32: SPI Flash Size : 2MB[0m
[0;32mI (53) boot: Enabling RNG early entropy source...[0m
[0;32mI (59) boot: Partition Table:[0m
[0;32mI (62) boot: ## Label            Usage          Type ST Offset   Length[0m
[0;32mI (70) boot:  0 nvs              WiFi data        01 02 00009000 00006000[0m
[0;32mI (77) boot:  1 phy_init         RF data          01 01 0000f000 00001000[0m
[0;32mI (84) boot:  2 factory          factory app      00 00 00010000 00100000[0m
[0;32mI (92) boot:  3 storage          Unknown data     01 82 00110000 000f0000[0m
[0;32mI (99) boot: End of partition table[0m
[0;32mI (104) esp_image: segment 0: paddr=00010020 vaddr=3f400020 size=228e8h (141544) map[0m
[0;32mI (161) esp_image: segment 1: paddr=00032910 vaddr=3ffb0000 size=03bech ( 15340) load[0m
[0;32mI (167) esp_image: segment 2: paddr=00036504 vaddr=40080000 size=09b14h ( 39700) load[0m
[0;32mI (182) esp_image: segment 3: paddr=00040020 vaddr=400d0020 size=873e0h (553952) map[0m
[0;32mI (372) esp_image: segment 4: paddr=000c7408 vaddr=40089b14 size=0cb68h ( 52072) load[0m
[0;32mI (404) boot: Loaded app from partition at offset 0x10000[0m
[0;32mI (404) boot: Disabling RNG early entropy source...[0m
[0;32mI (416) cpu_start: Multicore app[0m
[0;32mI (425) cpu_start: Pro cpu start user code[0m
[0;32mI (425) cpu_start: cpu freq: 160000000 Hz[0m
[0;32mI (425) cpu_start: Application information:[0m
[0;32mI (428) cpu_start: Project name:     project-name[0m
[0;32mI (433) cpu_start: App version:      1[0m
[0;32mI (438) cpu_start: Compile time:     May  7 2024 11:27:02[0m
[0;32mI (444) cpu_start: ELF file SHA256:  eabf9a3db...[0m
[0;32mI (449) cpu_start: ESP-IDF:          v5.2.1-dirty[0m
[0;32mI (454) cpu_start: Min chip rev:     v0.0[0m
[0;32mI (459) cpu_start: Max chip rev:     v3.99 [0m
[0;32mI (464) cpu_start: Chip rev:         v3.1[0m
[0;32mI (469) heap_init: Initializing. RAM available for dynamic allocation:[0m
[0;32mI (476) heap_init: At 3FFAE6E0 len 00001920 (6 KiB): DRAM[0m
[0;32mI (482) heap_init: At 3FFB7D10 len 000282F0 (160 KiB): DRAM[0m
