ets Jul 29 2019 12:21:46

rst:0x1 (POWERON_RESET),boot:0x13 (SPI_FAST_FLASH_BOOT)
configsip: 0, SPIWP:0xee
clk_drv:0x00,q_drv:0x00,d_drv:0x00,cs0_drv:0x00,hd_drv:0x00,wp_drv:0x00
mode:DIO, clock div:2
load:0x3fff0030,len:7172
load:0x40078000,len:15540
load:0x40080400,len:4
ho 8 tail 4 room 4
load:0x40080404,len:3904
entry 0x40080640
[0;32mI (31) boot: ESP-IDF v5.2.1-dirty 2nd stage bootloader[0m
[0;32mI (31) boot: compile time May  7 2024 11:27:35[0m
[0;32mI (31) boot: Multicore bootloader[0m
[0;32mI (36) boot: chip revision: v3.1[0m
[0;32mI (40) boot.esp32: SPI Speed      : 40MHz[0m
[0;32mI (44) boot.esp32: SPI Mode       : DIO[0m
[0;32mI (49) boot.esp32: SPI Flash Size : 2MB[0m
[0;32mI (53) boot: Enabling RNG early entropy source...[0m
[0;32mI (59) boot: Partition Table:[0m
[0;32mI (62) boot: ## Label            Usage          Type ST Offset   Length[0m
[0;32mI (70) boot:  0 nvs              WiFi data        01 02 00009000 00006000[0m
[0;32mI (77) boot:  1 phy_init         RF data          01 01 0000f000 00001000[0m
[0;32mI (85) boot:  2 factory          factory app      00 00 00010000 00100000[0m
[0;32mI (92) boot:  3 storage          Unknown data     01 82 00110000 000f0000[0m
[0;32mI (100) boot: End of partition table[0m
[0;32mI (104) esp_image: segment 0: paddr=00010020 vaddr=3f400020 size=25860h (153696) map[0m
[0;32mI (165) esp_image: segment 1: paddr=00035888 vaddr=3ffb0000 size=03bech ( 15340) load[0m
[0;32mI (171) esp_image: segment 2: paddr=0003947c vaddr=40080000 size=06b9ch ( 27548) load[0m
[0;32mI (182) esp_image: segment 3: paddr=00040020 vaddr=400d0020 size=92694h (599700) map[0m
[0;32mI (388) esp_image: segment 4: paddr=000d26bc vaddr=40086b9c size=0fae0h ( 64224) load[0m
[0;32mI (424) boot: Loaded app from partition at offset 0x10000[0m
[0;32mI (424) boot: Disabling RNG early entropy source...[0m
[0;32mI (436) cpu_start: Multicore app[0m
[0;32mI (445) cpu_start: Pro cpu start user code[0m
[0;32mI (445) cpu_start: cpu freq: 160000000 Hz[0m
[0;32mI (445) cpu_start: Application information:[0m
[0;32mI (448) cpu_start: Project name:     project-name[0m
[0;32mI (453) cpu_start: App version:      1[0m
[0;32mI (458) cpu_start: Compile time:     May  8 2024 04:05:34[0m
[0;32mI (464) cpu_start: ELF file SHA256:  5d5180031...[0m
[0;32mI (469) cpu_start: ESP-IDF:          v5.2.1-dirty[0m
[0;32mI (474) cpu_start: Min chip rev:     v0.0[0m
[0;32mI (479) cpu_start: Max chip rev:     v3.99 [0m
[0;32mI (484) cpu_start: Chip rev:         v3.1[0m
[0;32mI (489) heap_init: Initializing. RAM available for dynamic allocation:[0m
[0;32mI (496) heap_init: At 3FFAE6E0 len 00001920 (6 KiB): DRAM[0m
[0;32mI (502) heap_init: At 3FFB8118 len 00027EE8 (159 KiB): DRAM[0m
[0;32mI (508) heap_init: At 3FFE0440 len 00003AE0 (14 KiB): D/IRAM[0m
[0;32mI (515) heap_init: At 3FFE4350 len 0001BCB0 (111 KiB): D/IRAM[0m
[0;32mI (521) heap_init: At 4009667C len 00009984 (38 KiB): IRAM[0m
[0;32mI (529) spi_flash: detected chip: generic[0m
[0;32mI (532) spi_flash: flash io: dio[0m
[0;33mW (536) spi_flash: Detected size(4096k) larger than the size in the binary image header(2048k). Using the size in the binary image header.[0m
[0;32mI (550) main_task: Started on CPU0[0m
[0;32mI (560) main_task: Calling app_main()[0m
[0;32mI (670) SPIFFS: SPIFFS initialized successfully[0m
[0;32mI (670) SPIFFS: Partition size: total: 896321, used: 1757[0m
[0;32mI (770) SPIFFS: Content successfully written to file '/spiffs/ssid.txt'[0m
[0;32mI (770) SPIFFS: Content successfully written to file '/spiffs/password.txt'[0m
[0;32mI (770) SPIFFS: Content successfully written to file '/spiffs/topic.txt'[0m
[0;32mI (780) SPIFFS: file is empty '/spiffs/ssid.txt'[0m
[0;32mI (780) SPIFFS: file is empty '/spiffs/password.txt'[0m
[0;32mI (790) SPIFFS: file is empty '/spiffs/topic.txt'[0m
[0;32mI (790) main: file is empty[0m
I (810) wifi:wifi driver task: 3ffc0c9c, prio:23, stack:6656, core=0
I (840) wifi:wifi firmware version: a9f5b59
I (840) wifi:wifi certification version: v7.0
I (840) wifi:config NVS flash: enabled
I (840) wifi:config nano formating: disabled
I (840) wifi:Init data frame dynamic rx buffer num: 32
I (850) wifi:Init static rx mgmt buffer num: 5
I (850) wifi:Init management short buffer num: 32
I (850) wifi:Init dynamic tx buffer num: 32
I (860) wifi:Init static rx buffer size: 1600
I (860) wifi:Init static rx buffer num: 10
I (870) wifi:Init dynamic rx buffer num: 32
[0;32mI (870) wifi_init: rx ba win: 6[0m
[0;32mI (870) wifi_init: tcpip mbox: 32[0m
[0;32mI (880) wifi_init: udp mbox: 6[0m
[0;32mI (880) wifi_init: tcp mbox: 6[0m
[0;32mI (890) wifi_init: tcp tx win: 5760[0m
[0;32mI (890) wifi_init: tcp rx win: 5760[0m
[0;32mI (890) wifi_init: tcp mss: 1440[0m
[0;32mI (900) wifi_init: WiFi IRAM OP enabled[0m
[0;32mI (900) wifi_init: WiFi RX IRAM OP enabled[0m
[0;32mI (920) phy_init: phy_version 4791,2c4672b,Dec 20 2023,16:06:06[0m
I (1000) wifi:mode : softAP (fc:b4:67:74:52:95)
I (1110) wifi:Total power save buffer number: 16
I (1110) wifi:Init max length of beacon: 752/752
I (1110) wifi:Init max length of beacon: 752/752
[0;32mI (1120) wifi softAP: wifi_init_softap finished. SSID:ESP password:12345678 channel:1[0m
[0;32mI (1120) esp_netif_lwip: DHCP server started on interface WIFI_AP_DEF with IP: 192.168.4.1[0m

List of files in the directory:
[0;32mI (1140) file action: foo.txt[0m
[0;32mI (1140) file action: hello.txt[0m
[0;32mI (1160) file action: ssid.txt[0m
[0;32mI (1160) file action: password.txt[0m
[0;32mI (1160) file action: topic.txt[0m
[0;32mI (1190) html action: Starting server on port: '80'[0m
[0;32mI (1200) html action: Registering URI handlers[0m
[0;32mI (1200) main_task: Returned from app_main()[0m
I (16370) wifi:new:<1,0>, old:<1,1>, ap:<1,1>, sta:<255,255>, prof:1
I (16370) wifi:station: 02:64:85:52:eb:59 join, AID=1, bgn, 20
[0;32mI (16410) wifi softAP: station 02:64:85:52:eb:59 join, AID=1[0m
I (16590) wifi:<ba-add>idx:2 (ifx:1, 02:64:85:52:eb:59), tid:0, ssn:2, winSize:64
[0;32mI (16620) esp_netif_lwip: DHCP server assigned IP to a client, IP is: 192.168.4.2[0m
ï¿½ï¿½ï¿½ï¿½ï¿½ï¿½ï¿½ï¿½ï¿½ï¿½ï¿½ï¿½ï¿½ï¿½ï¿½ï¿½ï¿½ï¿½ï¿½ï¿½ï¿½ï¿½ï¿½ï¿½ï¿½ï¿½ï¿½ï¿½ï¿½ï¿½ï¿½ï¿½ï¿½ï¿½ï¿½ï¿½ï¿½ï¿½ï¿½ï¿½ï¿½ï¿½ï¿½ï¿½ï¿½ï¿½ï¿½ï¿½ï¿½ï¿½ï¿½ï¿½ï¿½ï¿½ï¿½ï¿½ï¿½ï¿½ï¿½ï¿½ï¿½ï¿½ï¿½ï¿½0;32mI (18860) html action: 12 - v - C[0m
[0;32mI (18880) SPIFFS: Content successfully written to file '/spiffs/ssid.txt'[0m
[0;32mI (18880) SPIFFS: Content successfully written to file '/spiffs/password.txt'[0m
[0;32mI (18890) SPIFFS: Content successfully written to file '/spiffs/topic.txt'[0m
ssid: 12
pass: v
topic: C

assert failed: heap_caps_free heap_caps.c:392 (heap != NULL && "free() target pointer is outside heap areas")


Backtrace: 0x400817d2:0x3ffcb550 0x400890dd:0x3ffcb570 0x400909d1:0x3ffcb590 0x400820e3:0x3ffcb6b0 0x400d6cff:0x3ffcb6d0 0x400e7731:0x3ffcbb00 0x400e7f3d:0x3ffcbb40 0x400e7fdc:0x3ffcbbd0 0x400e6ef0:0x3ffcbbf0 0x400e6178:0x3ffcbc10 0x4015a6db:0x3ffcbc30 0x400e686e:0x3ffcbc50 0x400e68d6:0x3ffcbca0 0x40089be9:0x3ffcbcc0




ELF file SHA256: 5d5180031

Rebooting...
ets Jul 29 2019 12:21:46

rst:0xc (SW_CPU_RESET),boot:0x13 (SPI_FAST_FLASH_BOOT)
configsip: 0, SPIWP:0xee
clk_drv:0x00,q_drv:0x00,d_drv:0x00,cs0_drv:0x00,hd_drv:0x00,wp_drv:0x00
mode:DIO, clock div:2
load:0x3fff0030,len:7172
load:0x40078000,len:15540
load:0x40080400,len:4
ho 8 tail 4 room 4
load:0x40080404,len:3904
entry 0x40080640
[0;32mI (31) boot: ESP-IDF v5.2.1-dirty 2nd stage bootloader[0m
[0;32mI (31) boot: compile time May  7 2024 11:27:35[0m
[0;32mI (31) boot: Multicore bootloader[0m
[0;32mI (36) boot: chip revision: v3.1[0m
[0;32mI (40) boot.esp32: SPI Speed      : 40MHz[0m
[0;32mI (44) boot.esp32: SPI Mode       : DIO[0m
[0;32mI (49) boot.esp32: SPI Flash Size : 2MB[0m
[0;32mI (53) boot: Enabling RNG early entropy source...[0m
[0;32mI (59) boot: Partition Table:[0m
[0;32mI (62) boot: ## Label            Usage          Type ST Offset   Length[0m
[0;32mI (70) boot:  0 nvs              WiFi data        01 02 00009000 00006000[0m
[0;32mI (77) boot:  1 phy_init         RF data          01 01 0000f000 00001000[0m
[0;32mI (84) boot:  2 factory          factory app      00 00 00010000 00100000[0m
[0;32mI (92) boot:  3 storage          Unknown data     01 82 00110000 000f0000[0m
[0;32mI (99) boot: End of partition table[0m
[0;32mI (104) esp_image: segment 0: paddr=00010020 vaddr=3f400020 size=25860h (153696) map[0m
[0;32mI (165) esp_image: segment 1: paddr=00035888 vaddr=3ffb0000 size=03bech ( 15340) load[0m
[0;32mI (171) esp_image: segment 2: paddr=0003947c vaddr=40080000 size=06b9ch ( 27548) load[0m
[0;32mI (182) esp_image: segment 3: paddr=00040020 vaddr=400d0020 size=92694h (599700) map[0m
[0;32mI (388) esp_image: segment 4: paddr=000d26bc vaddr=40086b9c size=0fae0h ( 64224) load[0m
[0;32mI (424) boot: Loaded app from partition at offset 0x10000[0m
[0;32mI (424) boot: Disabling RNG early entropy source...[0m
[0;32mI (436) cpu_start: Multicore app[0m
[0;32mI (445) cpu_start: Pro cpu start user code[0m
[0;32mI (445) cpu_start: cpu freq: 160000000 Hz[0m
[0;32mI (445) cpu_start: Application information:[0m
[0;32mI (448) cpu_start: Project name:     project-name[0m
[0;32mI (453) cpu_start: App version:      1[0m
[0;32mI (457) cpu_start: Compile time:     May  8 2024 04:05:34[0m
[0;32mI (464) cpu_start: ELF file SHA256:  5d5180031...[0m
[0;32mI (469) cpu_start: ESP-IDF:          v5.2.1-dirty[0m
[0;32mI (474) cpu_start: Min chip rev:     v0.0[0m
[0;32mI (479) cpu_start: Max chip rev:     v3.99 [0m
[0;32mI (484) cpu_start: Chip rev:         v3.1[0m
[0;32mI (489) heap_init: Initializing. RAM available for dynamic allocation:[0m
[0;32mI (496) heap_init: At 3FFAE6E0 len 00001920 (6 KiB): DRAM[0m
[0;32mI (502) heap_init: At 3FFB8118 len 00027EE8 (159 KiB): DRAM[0m
[0;32mI (508) heap_init: At 3FFE0440 len 00003AE0 (14 KiB): D/IRAM[0m
[0;32mI (514) heap_init: At 3FFE4350 len 0001BCB0 (111 KiB): D/IRAM[0m
[0;32mI (521) heap_init: At 4009667C len 00009984 (38 KiB): IRAM[0m
[0;32mI (529) spi_flash: detected chip: generic[0m
[0;32mI (532) spi_flash: flash io: dio[0m
[0;33mW (536) spi_flash: Detected size(4096k) larger than the size in the binary image header(2048k). Using the size in the binary image header.[0m
[0;32mI (550) main_task: Started on CPU0[0m
[0;32mI (560) main_task: Calling app_main()[0m
[0;32mI (670) SPIFFS: SPIFFS initialized successfully[0m
[0;32mI (670) SPIFFS: Partition size: total: 896321, used: 2510[0m
[0;32mI (780) SPIFFS: Content successfully written to file '/spiffs/ssid.txt'[0m
[0;32mI (780) SPIFFS: Content successfully written to file '/spiffs/password.txt'[0m
[0;32mI (790) SPIFFS: Content successfully written to file '/spiffs/topic.txt'[0m
[0;32mI (790) SPIFFS: file is empty '/spiffs/ssid.txt'[0m
[0;32mI (800) SPIFFS: file is empty '/spiffs/password.txt'[0m
[0;32mI (800) SPIFFS: file is empty '/spiffs/topic.txt'[0m
[0;32mI (810) main: file is empty[0m
I (820) wifi:wifi driver task: 3ffc0c9c, prio:23, stack:6656, core=0
I (850) wifi:wifi firmware version: a9f5b59
I (850) wifi:wifi certification version: v7.0
I (850) wifi:config NVS flash: enabled
I (850) wifi:config nano formating: disabled
I (850) wifi:Init data frame dynamic rx buffer num: 32
I (860) wifi:Init static rx mgmt buffer num: 5
I (860) wifi:Init management short buffer num: 32
I (860) wifi:Init dynamic tx buffer num: 32
I (870) wifi:Init static rx buffer size: 1600
I (870) wifi:Init static rx buffer num: 10
I (880) wifi:Init dynamic rx buffer num: 32
[0;32mI (880) wifi_init: rx ba win: 6[0m
[0;32mI (880) wifi_init: tcpip mbox: 32[0m
[0;32mI (890) wifi_init: udp mbox: 6[0m
[0;32mI (890) wifi_init: tcp mbox: 6[0m
[0;32mI (900) wifi_init: tcp tx win: 5760[0m
[0;32mI (900) wifi_init: tcp rx win: 5760[0m
[0;32mI (900) wifi_init: tcp mss: 1440[0m
[0;32mI (910) wifi_init: WiFi IRAM OP enabled[0m
[0;32mI (910) wifi_init: WiFi RX IRAM OP enabled[0m
[0;32mI (930) phy_init: phy_version 4791,2c4672b,Dec 20 2023,16:06:06[0m
I (1010) wifi:mode : softAP (fc:b4:67:74:52:95)
I (1120) wifi:Total power save buffer number: 16
I (1120) wifi:Init max length of beacon: 752/752
I (1120) wifi:Init max length of beacon: 752/752
[0;32mI (1130) wifi softAP: wifi_init_softap finished. SSID:ESP password:12345678 channel:1[0m
[0;32mI (1130) esp_netif_lwip: DHCP server started on interface WIFI_AP_DEF with IP: 192.168.4.1[0m

List of files in the directory:
[0;32mI (1150) file action: foo.txt[0m
[0;32mI (1150) file action: hello.txt[0m
[0;32mI (1170) file action: ssid.txt[0m
[0;32mI (1170) file action: password.txt[0m
[0;32mI (1180) file action: topic.txt[0m
[0;32mI (1210) html action: Starting server on port: '80'[0m
[0;32mI (1210) html action: Registering URI handlers[0m
[0;32mI (1210) main_task: Returned from app_main()[0m
I (4310) wifi:new:<1,0>, old:<1,1>, ap:<1,1>, sta:<255,255>, prof:1
I (4320) wifi:station: 02:64:85:52:eb:59 join, AID=1, bgn, 20
I (4320) wifi:station: 02:64:85:52:eb:59 leave, AID = 1, bss_flags is 134242, bss:0x3ffb94cc
I (4320) wifi:new:<1,0>, old:<1,0>, ap:<1,1>, sta:<255,255>, prof:1
I (6010) wifi:new:<1,0>, old:<1,0>, ap:<1,1>, sta:<255,255>, prof:1
I (6010) wifi:station: 02:64:85:52:eb:59 join, AID=1, bgn, 20
[0;32mI (6030) wifi softAP: station 02:64:85:52:eb:59 join, AID=1[0m
[0;32mI (6220) esp_netif_lwip: DHCP server assigned IP to a client, IP is: 192.168.4.2[0m
I (6510) wifi:<ba-add>idx:2 (ifx:1, 02:64:85:52:eb:59), tid:0, ssn:2, winSize:64
I (33550) wifi:<ba-add>idx:3 (ifx:1, 02:64:85:52:eb:59), tid:1, ssn:0, winSize:64
