ets Jul 29 2019 12:21:46

rst:0x1 (POWERON_RESET),boot:0x13 (SPI_FAST_FLASH_BOOT)
configsip: 0, SPIWP:0xee
clk_drv:0x00,q_drv:0x00,d_drv:0x00,cs0_drv:0x00,hd_drv:0x00,wp_drv:0x00
mode:DIO, clock div:2
load:0x3fff0030,len:7172
load:0x40078000,len:15540
load:0x40080400,len:4
ho 8 tail 4 room 4
load:0x40080404,len:3904
entry 0x40080640
[0;32mI (31) boot: ESP-IDF v5.2.1-dirty 2nd stage bootloader[0m
[0;32mI (31) boot: compile time May  7 2024 11:27:35[0m
[0;32mI (31) boot: Multicore bootloader[0m
[0;32mI (36) boot: chip revision: v3.1[0m
[0;32mI (40) boot.esp32: SPI Speed      : 40MHz[0m
[0;32mI (44) boot.esp32: SPI Mode       : DIO[0m
[0;32mI (49) boot.esp32: SPI Flash Size : 2MB[0m
[0;32mI (53) boot: Enabling RNG early entropy source...[0m
[0;32mI (59) boot: Partition Table:[0m
[0;32mI (62) boot: ## Label            Usage          Type ST Offset   Length[0m
[0;32mI (70) boot:  0 nvs              WiFi data        01 02 00009000 00006000[0m
[0;32mI (77) boot:  1 phy_init         RF data          01 01 0000f000 00001000[0m
[0;32mI (85) boot:  2 factory          factory app      00 00 00010000 00100000[0m
[0;32mI (92) boot:  3 storage          Unknown data     01 82 00110000 000f0000[0m
[0;32mI (100) boot: End of partition table[0m
[0;32mI (104) esp_image: segment 0: paddr=00010020 vaddr=3f400020 size=25860h (153696) map[0m
[0;32mI (165) esp_image: segment 1: paddr=00035888 vaddr=3ffb0000 size=03bech ( 15340) load[0m
[0;32mI (171) esp_image: segment 2: paddr=0003947c vaddr=40080000 size=06b9ch ( 27548) load[0m
[0;32mI (182) esp_image: segment 3: paddr=00040020 vaddr=400d0020 size=92690h (599696) map[0m
[0;32mI (388) esp_image: segment 4: paddr=000d26b8 vaddr=40086b9c size=0fae0h ( 64224) load[0m
[0;32mI (424) boot: Loaded app from partition at offset 0x10000[0m
[0;32mI (424) boot: Disabling RNG early entropy source...[0m
[0;32mI (436) cpu_start: Multicore app[0m
[0;32mI (445) cpu_start: Pro cpu start user code[0m
[0;32mI (445) cpu_start: cpu freq: 160000000 Hz[0m
[0;32mI (445) cpu_start: Application information:[0m
[0;32mI (448) cpu_start: Project name:     project-name[0m
[0;32mI (453) cpu_start: App version:      1[0m
[0;32mI (458) cpu_start: Compile time:     May  8 2024 04:05:34[0m
[0;32mI (464) cpu_start: ELF file SHA256:  a90f0ced6...[0m
[0;32mI (469) cpu_start: ESP-IDF:          v5.2.1-dirty[0m
[0;32mI (475) cpu_start: Min chip rev:     v0.0[0m
[0;32mI (479) cpu_start: Max chip rev:     v3.99 [0m
[0;32mI (484) cpu_start: Chip rev:         v3.1[0m
[0;32mI (489) heap_init: Initializing. RAM available for dynamic allocation:[0m
[0;32mI (496) heap_init: At 3FFAE6E0 len 00001920 (6 KiB): DRAM[0m
[0;32mI (502) heap_init: At 3FFB8118 len 00027EE8 (159 KiB): DRAM[0m
[0;32mI (508) heap_init: At 3FFE0440 len 00003AE0 (14 KiB): D/IRAM[0m
[0;32mI (515) heap_init: At 3FFE4350 len 0001BCB0 (111 KiB): D/IRAM[0m
[0;32mI (521) heap_init: At 4009667C len 00009984 (38 KiB): IRAM[0m
[0;32mI (529) spi_flash: detected chip: generic[0m
[0;32mI (532) spi_flash: flash io: dio[0m
[0;33mW (536) spi_flash: Detected size(4096k) larger than the size in the binary image header(2048k). Using the size in the binary image header.[0m
[0;32mI (550) main_task: Started on CPU0[0m
[0;32mI (560) main_task: Calling app_main()[0m
[0;32mI (670) SPIFFS: SPIFFS initialized successfully[0m
[0;32mI (670) SPIFFS: Partition size: total: 896321, used: 2259[0m
[0;32mI (740) SPIFFS: Content successfully written to file '/spiffs/ssid.txt'[0m
[0;32mI (740) SPIFFS: file is empty '/spiffs/ssid.txt'[0m
[0;32mI (800) SPIFFS: Content successfully written to file '/spiffs/password.txt'[0m
[0;32mI (800) SPIFFS: file is empty '/spiffs/password.txt'[0m
[0;32mI (800) main: file is empty[0m
[0;32mI (810) SPIFFS: Content successfully written to file '/spiffs/topic.txt'[0m
[0;31mE (810) FreeRTOS: FreeRTOS Task "reset_file_task" should not return, Aborting now![0m

abort() was called at PC 0x40089c07 on core 0


Backtrace: 0x400817d2:0x3ffbd290 0x400890dd:0x3ffbd2b0 0x40090895:0x3ffbd2d0 0x40089c07:0x3ffbd340




ELF file SHA256: a90f0ced6

Rebooting...
ets Jul 29 2019 12:21:46

rst:0xc (SW_CPU_RESET),boot:0x13 (SPI_FAST_FLASH_BOOT)
configsip: 0, SPIWP:0xee
clk_drv:0x00,q_drv:0x00,d_drv:0x00,cs0_drv:0x00,hd_drv:0x00,wp_drv:0x00
mode:DIO, clock div:2
load:0x3fff0030,len:7172
load:0x40078000,len:15540
load:0x40080400,len:4
ho 8 tail 4 room 4
load:0x40080404,len:3904
entry 0x40080640
[0;32mI (31) boot: ESP-IDF v5.2.1-dirty 2nd stage bootloader[0m
[0;32mI (31) boot: compile time May  7 2024 11:27:35[0m
[0;32mI (31) boot: Multicore bootloader[0m
[0;32mI (36) boot: chip revision: v3.1[0m
[0;32mI (40) boot.esp32: SPI Speed      : 40MHz[0m
[0;32mI (44) boot.esp32: SPI Mode       : DIO[0m
[0;32mI (49) boot.esp32: SPI Flash Size : 2MB[0m
[0;32mI (53) boot: Enabling RNG early entropy source...[0m
[0;32mI (59) boot: Partition Table:[0m
[0;32mI (62) boot: ## Label            Usage          Type ST Offset   Length[0m
[0;32mI (70) boot:  0 nvs              WiFi data        01 02 00009000 00006000[0m
[0;32mI (77) boot:  1 phy_init         RF data          01 01 0000f000 00001000[0m
[0;32mI (84) boot:  2 factory          factory app      00 00 00010000 00100000[0m
[0;32mI (92) boot:  3 storage          Unknown data     01 82 00110000 000f0000[0m
[0;32mI (99) boot: End of partition table[0m
[0;32mI (104) esp_image: segment 0: paddr=00010020 vaddr=3f400020 size=25860h (153696) map[0m
[0;32mI (165) esp_image: segment 1: paddr=00035888 vaddr=3ffb0000 size=03bech ( 15340) load[0m
[0;32mI (171) esp_image: segment 2: paddr=0003947c vaddr=40080000 size=06b9ch ( 27548) load[0m
[0;32mI (182) esp_image: segment 3: paddr=00040020 vaddr=400d0020 size=92690h (599696) map[0m
[0;32mI (388) esp_image: segment 4: paddr=000d26b8 vaddr=40086b9c size=0fae0h ( 64224) load[0m
[0;32mI (424) boot: Loaded app from partition at offset 0x10000[0m
[0;32mI (424) boot: Disabling RNG early entropy source...[0m
[0;32mI (436) cpu_start: Multicore app[0m
[0;32mI (445) cpu_start: Pro cpu start user code[0m
[0;32mI (445) cpu_start: cpu freq: 160000000 Hz[0m
[0;32mI (445) cpu_start: Application information:[0m
[0;32mI (448) cpu_start: Project name:     project-name[0m
[0;32mI (453) cpu_start: App version:      1[0m
[0;32mI (457) cpu_start: Compile time:     May  8 2024 04:05:34[0m
[0;32mI (464) cpu_start: ELF file SHA256:  a90f0ced6...[0m
[0;32mI (469) cpu_start: ESP-IDF:          v5.2.1-dirty[0m
[0;32mI (474) cpu_start: Min chip rev:     v0.0[0m
[0;32mI (479) cpu_start: Max chip rev:     v3.99 [0m
[0;32mI (484) cpu_start: Chip rev:         v3.1[0m
[0;32mI (489) heap_init: Initializing. RAM available for dynamic allocation:[0m
[0;32mI (496) heap_init: At 3FFAE6E0 len 00001920 (6 KiB): DRAM[0m
[0;32mI (502) heap_init: At 3FFB8118 len 00027EE8 (159 KiB): DRAM[0m
[0;32mI (508) heap_init: At 3FFE0440 len 00003AE0 (14 KiB): D/IRAM[0m
[0;32mI (514) heap_init: At 3FFE4350 len 0001BCB0 (111 KiB): D/IRAM[0m
[0;32mI (521) heap_init: At 4009667C len 00009984 (38 KiB): IRAM[0m
[0;32mI (529) spi_flash: detected chip: generic[0m
[0;32mI (532) spi_flash: flash io: dio[0m
[0;33mW (536) spi_flash: Detected size(4096k) larger than the size in the binary image header(2048k). Using the size in the binary image header.[0m
[0;32mI (550) main_task: Started on CPU0[0m
[0;32mI (560) main_task: Calling app_main()[0m
[0;32mI (670) SPIFFS: SPIFFS initialized successfully[0m
[0;32mI (670) SPIFFS: Partition size: total: 896321, used: 1757[0m
[0;32mI (740) SPIFFS: Content successfully written to file '/spiffs/ssid.txt'[0m
[0;32mI (740) SPIFFS: file is empty '/spiffs/ssid.txt'[0m
[0;32mI (800) SPIFFS: Content successfully written to file '/spiffs/password.txt'[0m
[0;32mI (800) SPIFFS: file is empty '/spiffs/password.txt'[0m
[0;32mI (800) SPIFFS: file is empty '/spiffs/topic.txt'[0m
[0;32mI (800) main: file is empty[0m
[0;32mI (810) SPIFFS: Content successfully written to file '/spiffs/topic.txt'[0m
[0;31mE (820) FreeRTOS: FreeRTOS Task "reset_file_task" should not return, Aborting now![0m

abort() was called at PC 0x40089c07 on core 0


Backtrace: 0x400817d2:0x3ffbd290 0x400890dd:0x3ffbd2b0 0x40090895:0x3ffbd2d0 0x40089c07:0x3ffbd340




ELF file SHA256: a90f0ced6

Rebooting...
ets Jul 29 2019 12:21:46

rst:0xc (SW_CPU_RESET),boot:0x13 (SPI_FAST_FLASH_BOOT)
configsip: 0, SPIWP:0xee
clk_drv:0x00,q_drv:0x00,d_drv:0x00,cs0_drv:0x00,hd_drv:0x00,wp_drv:0x00
mode:DIO, clock div:2
load:0x3fff0030,len:7172
load:0x40078000,len:15540
load:0x40080400,len:4
ho 8 tail 4 room 4
load:0x40080404,len:3904
entry 0x40080640
[0;32mI (31) boot: ESP-IDF v5.2.1-dirty 2nd stage bootloader[0m
[0;32mI (31) boot: compile time May  7 2024 11:27:35[0m
[0;32mI (31) boot: Multicore bootloader[0m
[0;32mI (36) boot: chip revision: v3.1[0m
[0;32mI (40) boot.esp32: SPI Speed      : 40MHz[0m
[0;32mI (44) boot.esp32: SPI Mode       : DIO[0m
[0;32mI (49) boot.esp32: SPI Flash Size : 2MB[0m
[0;32mI (53) boot: Enabling RNG early entropy source...[0m
[0;32mI (59) boot: Partition Table:[0m
[0;32mI (62) boot: ## Label            Usage          Type ST Offset   Length[0m
[0;32mI (70) boot:  0 nvs              WiFi data        01 02 00009000 00006000[0m
[0;32mI (77) boot:  1 phy_init         RF data          01 01 0000f000 00001000[0m
[0;32mI (84) boot:  2 factory          factory app      00 00 00010000 00100000[0m
[0;32mI (92) boot:  3 storage          Unknown data     01 82 00110000 000f0000[0m
[0;32mI (99) boot: End of partition table[0m
[0;32mI (104) esp_image: segment 0: paddr=00010020 vaddr=3f400020 size=25860h (153696) map[0m
[0;32mI (165) esp_image: segment 1: paddr=00035888 vaddr=3ffb0000 size=03bech ( 15340) load[0m
[0;32mI (171) esp_image: segment 2: paddr=0003947c vaddr=40080000 size=06b9ch ( 27548) load[0m
[0;32mI (182) esp_image: segment 3: paddr=00040020 vaddr=400d0020 size=92690h (599696) map[0m
[0;32mI (388) esp_image: segment 4: paddr=000d26b8 vaddr=40086b9c size=0fae0h ( 64224) load[0m
[0;32mI (424) boot: Loaded app from partition at offset 0x10000[0m
[0;32mI (424) boot: Disabling RNG early entropy source...[0m
[0;32mI (436) cpu_start: Multicore app[0m
[0;32mI (445) cpu_start: Pro cpu start user code[0m
[0;32mI (445) cpu_start: cpu freq: 160000000 Hz[0m
[0;32mI (445) cpu_start: Application information:[0m
[0;32mI (448) cpu_start: Project name:     project-name[0m
[0;32mI (453) cpu_start: App version:      1[0m
[0;32mI (458) cpu_start: Compile time:     May  8 2024 04:05:34[0m
[0;32mI (464) cpu_start: ELF file SHA256:  a90f0ced6...[0m
[0;32mI (469) cpu_start: ESP-IDF:          v5.2.1-dirty[0m
[0;32mI (474) cpu_start: Min chip rev:     v0.0[0m
[0;32mI (479) cpu_start: Max chip rev:     v3.99 [0m
[0;32mI (484) cpu_start: Chip rev:         v3.1[0m
[0;32mI (489) heap_init: Initializing. RAM available for dynamic allocation:[0m
[0;32mI (496) heap_init: At 3FFAE6E0 len 00001920 (6 KiB): DRAM[0m
[0;32mI (502) heap_init: At 3FFB8118 len 00027EE8 (159 KiB): DRAM[0m
[0;32mI (508) heap_init: At 3FFE0440 len 00003AE0 (14 KiB): D/IRAM[0m
[0;32mI (514) heap_init: At 3FFE4350 len 0001BCB0 (111 KiB): D/IRAM[0m
[0;32mI (521) heap_init: At 4009667C len 00009984 (38 KiB): IRAM[0m
[0;32mI (529) spi_flash: detected chip: generic[0m
[0;32mI (532) spi_flash: flash io: dio[0m
[0;33mW (536) spi_flash: Detected size(4096k) larger than the size in the binary image header(2048k). Using the size in the binary image header.[0m
[0;32mI (550) main_task: Started on CPU0[0m
[0;32mI (560) main_task: Calling app_main()[0m
[0;32mI (670) SPIFFS: SPIFFS initialized successfully[0m
[0;32mI (670) SPIFFS: Partition size: total: 896321, used: 1757[0m
[0;32mI (740) SPIFFS: Content successfully written to file '/spiffs/ssid.txt'[0m
[0;32mI (740) SPIFFS: file is empty '/spiffs/ssid.txt'[0m
[0;32mI (800) SPIFFS: Content successfully written to file '/spiffs/password.txt'[0m
[0;32mI (800) SPIFFS: file is empty '/spiffs/password.txt'[0m
[0;32mI (800) SPIFFS: file is empty '/spiffs/topic.txt'[0m
[0;32mI (800) main: file is empty[0m
[0;32mI (810) SPIFFS: Content successfully written to file '/spiffs/topic.txt'[0m
[0;31mE (820) FreeRTOS: FreeRTOS Task "reset_file_task" should not return, Aborting now![0m

abort() was called at PC 0x40089c07 on core 0


Backtrace: 0x400817d2:0x3ffbd290 0x400890dd:0x3ffbd2b0 0x40090895:0x3ffbd2d0 0x40089c07:0x3ffbd340




ELF file SHA256: a90f0ced6

Rebooting...
ets Jul 29 2019 12:21:46

rst:0xc (SW_CPU_RESET),boot:0x13 (SPI_FAST_FLASH_BOOT)
configsip: 0, SPIWP:0xee
clk_drv:0x00,q_drv:0x00,d_drv:0x00,cs0_drv:0x00,hd_drv:0x00,wp_drv:0x00
mode:DIO, clock div:2
load:0x3fff0030,len:7172
load:0x40078000,len:15540
load:0x40080400,len:4
ho 8 tail 4 room 4
load:0x40080404,len:3904
entry 0x40080640
[0;32mI (31) boot: ESP-IDF v5.2.1-dirty 2nd stage bootloader[0m
[0;32mI (31) boot: compile time May  7 2024 11:27:35[0m
[0;32mI (31) boot: Multicore bootloader[0m
[0;32mI (36) boot: chip revision: v3.1[0m
[0;32mI (40) boot.esp32: SPI Speed      : 40MHz[0m
[0;32mI (44) boot.esp32: SPI Mode       : DIO[0m
[0;32mI (49) boot.esp32: SPI Flash Size : 2MB[0m
[0;32mI (53) boot: Enabling RNG early entropy source...[0m
[0;32mI (59) boot: Partition Table:[0m
[0;32mI (62) boot: ## Label            Usage          Type ST Offset   Length[0m
[0;32mI (70) boot:  0 nvs              WiFi data        01 02 00009000 00006000[0m
[0;32mI (77) boot:  1 phy_init         RF data          01 01 0000f000 00001000[0m
[0;32mI (84) boot:  2 factory          factory app      00 00 00010000 00100000[0m
[0;32mI (92) boot:  3 storage          Unknown data     01 82 00110000 000f0000[0m
[0;32mI (99) boot: End of partition table[0m
[0;32mI (104) esp_image: segment 0: paddr=00010020 vaddr=3f400020 size=25860h (153696) map[0m
[0;32mI (165) esp_image: segment 1: paddr=00035888 vaddr=3ffb0000 size=03bech ( 15340) load[0m
[0;32mI (171) esp_image: segment 2: paddr=0003947c vaddr=40080000 size=06b9ch ( 27548) load[0m
[0;32mI (182) esp_image: segment 3: paddr=00040020 vaddr=400d0020 size=92690h (599696) map[0m
[0;32mI (388) esp_image: segment 4: paddr=000d26b8 vaddr=40086b9c size=0fae0h ( 64224) load[0m
[0;32mI (424) boot: Loaded app from partition at offset 0x10000[0m
[0;32mI (424) boot: Disabling RNG early entropy source...[0m
[0;32mI (436) cpu_start: Multicore app[0m
[0;32mI (445) cpu_start: Pro cpu start user code[0m
[0;32mI (445) cpu_start: cpu freq: 160000000 Hz[0m
[0;32mI (445) cpu_start: Application information:[0m
[0;32mI (448) cpu_start: Project name:     project-name[0m
[0;32mI (453) cpu_start: App version:      1[0m
[0;32mI (457) cpu_start: Compile time:     May  8 2024 04:05:34[0m
[0;32mI (464) cpu_start: ELF file SHA256:  a90f0ced6...[0m
[0;32mI (469) cpu_start: ESP-IDF:          v5.2.1-dirty[0m
[0;32mI (474) cpu_start: Min chip rev:     v0.0[0m
[0;32mI (479) cpu_start: Max chip rev:     v3.99 [0m
[0;32mI (484) cpu_start: Chip rev:         v3.1[0m
[0;32mI (489) heap_init: Initializing. RAM available for dynamic allocation:[0m
[0;32mI (496) heap_init: At 3FFAE6E0 len 00001920 (6 KiB): DRAM[0m
[0;32mI (502) heap_init: At 3FFB8118 len 00027EE8 (159 KiB): DRAM[0m
[0;32mI (508) heap_init: At 3FFE0440 len 00003AE0 (14 KiB): D/IRAM[0m
[0;32mI (514) heap_init: At 3FFE4350 len 0001BCB0 (111 KiB): D/IRAM[0m
[0;32mI (521) heap_init: At 4009667C len 00009984 (38 KiB): IRAM[0m
[0;32mI (529) spi_flash: detected chip: generic[0m
[0;32mI (532) spi_flash: flash io: dio[0m
[0;33mW (536) spi_flash: Detected size(4096k) larger than the size in the binary image header(2048k). Using the size in the binary image header.[0m
[0;32mI (550) main_task: Started on CPU0[0m
[0;32mI (560) main_task: Calling app_main()[0m
[0;32mI (670) SPIFFS: SPIFFS initialized successfully[0m
[0;32mI (670) SPIFFS: Partition size: total: 896321, used: 1757[0m
[0;32mI (740) SPIFFS: Content successfully written to file '/spiffs/ssid.txt'[0m
[0;32mI (740) SPIFFS: file is empty '/spiffs/ssid.txt'[0m
[0;32mI (800) SPIFFS: Content successfully written to file '/spiffs/password.txt'[0m
[0;32mI (800) SPIFFS: file is empty '/spiffs/password.txt'[0m
[0;32mI (800) SPIFFS: file is empty '/spiffs/topic.txt'[0m
[0;32mI (800) main: file is empty[0m
[0;32mI (810) SPIFFS: Content successfully written to file '/spiffs/topic.txt'[0m
[0;31mE (820) FreeRTOS: FreeRTOS Task "reset_file_task" should not return, Aborting now![0m

abort() was called at PC 0x40089c07 on core 0


Backtrace: 0x400817d2:0x3ffbd290 0x400890dd:0x3ffbd2b0 0x40090895:0x3ffbd2d0 0x40089c07:0x3ffbd340




ELF file SHA256: a90f0ced6

Rebooting...
ets Jul 29 2019 12:21:46

rst:0xc (SW_CPU_RESET),boot:0x13 (SPI_FAST_FLASH_BOOT)
configsip: 0, SPIWP:0xee
clk_drv:0x00,q_drv:0x00,d_drv:0x00,cs0_drv:0x00,hd_drv:0x00,wp_drv:0x00
mode:DIO, clock div:2
load:0x3fff0030,len:7172
load:0x40078000,len:15540
load:0x40080400,len:4
ho 8 tail 4 room 4
load:0x40080404,len:3904
entry 0x40080640
[0;32mI (31) boot: ESP-IDF v5.2.1-dirty 2nd stage bootloader[0m
[0;32mI (31) boot: compile time May  7 2024 11:27:35[0m
[0;32mI (31) boot: Multicore bootloader[0m
[0;32mI (36) boot: chip revision: v3.1[0m
[0;32mI (40) boot.esp32: SPI Speed      : 40MHz[0m
[0;32mI (44) boot.esp32: SPI Mode       : DIO[0m
[0;32mI (49) boot.esp32: SPI Flash Size : 2MB[0m
[0;32mI (53) boot: Enabling RNG early entropy source...[0m
[0;32mI (59) boot: Partition Table:[0m
[0;32mI (62) boot: ## Label            Usage          Type ST Offset   Length[0m
[0;32mI (70) boot:  0 nvs              WiFi data        01 02 00009000 00006000[0m
[0;32mI (77) boot:  1 phy_init         RF data          01 01 0000f000 00001000[0m
[0;32mI (84) boot:  2 factory          factory app      00 00 00010000 00100000[0m
[0;32mI (92) boot:  3 storage          Unknown data     01 82 00110000 000f0000[0m
[0;32mI (99) boot: End of partition table[0m
[0;32mI (104) esp_image: segment 0: paddr=00010020 vaddr=3f400020 size=25860h (153696) map[0m
[0;32mI (165) esp_image: segment 1: paddr=00035888 vaddr=3ffb0000 size=03bech ( 15340) load[0m
[0;32mI (171) esp_image: segment 2: paddr=0003947c vaddr=40080000 size=06b9ch ( 27548) load[0m
[0;32mI (182) esp_image: segment 3: paddr=00040020 vaddr=400d0020 size=92690h (599696) map[0m
[0;32mI (388) esp_image: segment 4: paddr=000d26b8 vaddr=40086b9c size=0fae0h ( 64224) load[0m
[0;32mI (424) boot: Loaded app from partition at offset 0x10000[0m
[0;32mI (424) boot: Disabling RNG early entropy source...[0m
[0;32mI (436) cpu_start: Multicore app[0m
[0;32mI (445) cpu_start: Pro cpu start user code[0m
[0;32mI (445) cpu_start: cpu freq: 160000000 Hz[0m
[0;32mI (445) cpu_start: Application information:[0m
[0;32mI (448) cpu_start: Project name:     project-name[0m
[0;32mI (453) cpu_start: App version:      1[0m
[0;32mI (458) cpu_start: Compile time:     May  8 2024 04:05:34[0m
[0;32mI (464) cpu_start: ELF file SHA256:  a90f0ced6...[0m
[0;32mI (469) cpu_start: ESP-IDF:          v5.2.1-dirty[0m
[0;32mI (474) cpu_start: Min chip rev:     v0.0[0m
[0;32mI (479) cpu_start: Max chip rev:     v3.99 [0m
[0;32mI (484) cpu_start: Chip rev:         v3.1[0m
[0;32mI (489) heap_init: Initializing. RAM available for dynamic allocation:[0m
[0;32mI (496) heap_init: At 3FFAE6E0 len 00001920 (6 KiB): DRAM[0m
[0;32mI (502) heap_init: At 3FFB8118 len 00027EE8 (159 KiB): DRAM[0m
[0;32mI (508) heap_init: At 3FFE0440 len 00003AE0 (14 KiB): D/IRAM[0m
[0;32mI (514) heap_init: At 3FFE4350 len 0001BCB0 (111 KiB): D/IRAM[0m
[0;32mI (521) heap_init: At 4009667C len 00009984 (38 KiB): IRAM[0m
[0;32mI (529) spi_flash: detected chip: generic[0m
[0;32mI (532) spi_flash: flash io: dio[0m
[0;33mW (536) spi_flash: Detected size(4096k) larger than the size in the binary image header(2048k). Using the size in the binary image header.[0m
[0;32mI (550) main_task: Started on CPU0[0m
[0;32mI (560) main_task: Calling app_main()[0m
[0;32mI (670) SPIFFS: SPIFFS initialized successfully[0m
[0;32mI (670) SPIFFS: Partition size: total: 896321, used: 1757[0m
[0;32mI (740) SPIFFS: Content successfully written to file '/spiffs/ssid.txt'[0m
[0;32mI (740) SPIFFS: file is empty '/spiffs/ssid.txt'[0m
[0;32mI (800) SPIFFS: Content successfully written to file '/spiffs/password.txt'[0m
[0;32mI (800) SPIFFS: file is empty '/spiffs/password.txt'[0m
[0;32mI (800) SPIFFS: file is empty '/spiffs/topic.txt'[0m
[0;32mI (800) main: file is empty[0m
[0;32mI (810) SPIFFS: Content successfully written to file '/spiffs/topic.txt'[0m
[0;31mE (820) FreeRTOS: FreeRTOS Task "reset_file_task" should not return, Aborting now![0m

abort() was called at PC 0x40089c07 on core 0


Backtrace: 0x400817d2:0x3ffbd290 0x400890dd:0x3ffbd2b0 0x40090895:0x3ffbd2d0 0x40089c07:0x3ffbd340




ELF file SHA256: a90f0ced6

Rebooting...
ets Jul 29 2019 12:21:46

rst:0xc (SW_CPU_RESET),boot:0x13 (SPI_FAST_FLASH_BOOT)
configsip: 0, SPIWP:0xee
clk_drv:0x00,q_drv:0x00,d_drv:0x00,cs0_drv:0x00,hd_drv:0x00,wp_drv:0x00
mode:DIO, clock div:2
load:0x3fff0030,len:7172
load:0x40078000,len:15540
load:0x40080400,len:4
ho 8 tail 4 room 4
load:0x40080404,len:3904
entry 0x40080640
[0;32mI (31) boot: ESP-IDF v5.2.1-dirty 2nd stage bootloader[0m
[0;32mI (31) boot: compile time May  7 2024 11:27:35[0m
[0;32mI (31) boot: Multicore bootloader[0m
[0;32mI (36) boot: chip revision: v3.1[0m
[0;32mI (40) boot.esp32: SPI Speed      : 40MHz[0m
[0;32mI (44) boot.esp32: SPI Mode       : DIO[0m
[0;32mI (49) boot.esp32: SPI Flash Size : 2MB[0m
[0;32mI (53) boot: Enabling RNG early entropy source...[0m
[0;32mI (59) boot: Partition Table:[0m
[0;32mI (62) boot: ## Label            Usage          Type ST Offset   Length[0m
[0;32mI (70) boot:  0 nvs              WiFi data        01 02 00009000 00006000[0m
[0;32mI (77) boot:  1 phy_init         RF data          01 01 0000f000 00001000[0m
[0;32mI (84) boot:  2 factory          factory app      00 00 00010000 00100000[0m
[0;32mI (92) boot:  3 storage          Unknown data     01 82 00110000 000f0000[0m
[0;32mI (99) boot: End of partition table[0m
[0;32mI (104) esp_image: segment 0: paddr=00010020 vaddr=3f400020 size=25860h (153696) map[0m
[0;32mI (165) esp_image: segment 1: paddr=00035888 vaddr=3ffb0000 size=03bech ( 15340) load[0m
[0;32mI (171) esp_image: segment 2: paddr=0003947c vaddr=40080000 size=06b9ch ( 27548) load[0m
[0;32mI (182) esp_image: segment 3: paddr=00040020 vaddr=400d0020 size=92690h (599696) map[0m
[0;32mI (388) esp_image: segment 4: paddr=000d26b8 vaddr=40086b9c size=0fae0h ( 64224) load[0m
[0;32mI (424) boot: Loaded app from partition at offset 0x10000[0m
[0;32mI (424) boot: Disabling RNG early entropy source...[0m
[0;32mI (436) cpu_start: Multicore app[0m
[0;32mI (445) cpu_start: Pro cpu start user code[0m
[0;32mI (445) cpu_start: cpu freq: 160000000 Hz[0m
[0;32mI (445) cpu_start: Application information:[0m
[0;32mI (448) cpu_start: Project name:     project-name[0m
[0;32mI (453) cpu_start: App version:      1[0m
[0;32mI (457) cpu_start: Compile time:     May  8 2024 04:05:34[0m
[0;32mI (464) cpu_start: ELF file SHA256:  a90f0ced6...[0m
[0;32mI (469) cpu_start: ESP-IDF:          v5.2.1-dirty[0m
[0;32mI (474) cpu_start: Min chip rev:     v0.0[0m
[0;32mI (479) cpu_start: Max chip rev:     v3.99 [0m
[0;32mI (484) cpu_start: Chip rev:         v3.1[0m
[0;32mI (489) heap_init: Initializing. RAM available for dynamic allocation:[0m
[0;32mI (496) heap_init: At 3FFAE6E0 len 00001920 (6 KiB): DRAM[0m
[0;32mI (502) heap_init: At 3FFB8118 len 00027EE8 (159 KiB): DRAM[0m
[0;32mI (508) heap_init: At 3FFE0440 len 00003AE0 (14 KiB): D/IRAM[0m
[0;32mI (514) heap_init: At 3FFE4350 len 0001BCB0 (111 KiB): D/IRAM[0m
[0;32mI (521) heap_init: At 4009667C len 00009984 (38 KiB): IRAM[0m
[0;32mI (529) spi_flash: detected chip: generic[0m
[0;32mI (532) spi_flash: flash io: dio[0m
[0;33mW (536) spi_flash: Detected size(4096k) larger than the size in the binary image header(2048k). Using the size in the binary image header.[0m
[0;32mI (550) main_task: Started on CPU0[0m
[0;32mI (560) main_task: Calling app_main()[0m
[0;32mI (670) SPIFFS: SPIFFS initialized successfully[0m
[0;32mI (670) SPIFFS: Partition size: total: 896321, used: 1757[0m
[0;32mI (740) SPIFFS: Content successfully written to file '/spiffs/ssid.txt'[0m
[0;32mI (740) SPIFFS: file is empty '/spiffs/ssid.txt'[0m
[0;32mI (800) SPIFFS: Content successfully written to file '/spiffs/password.txt'[0m
[0;32mI (800) SPIFFS: file is empty '/spiffs/password.txt'[0m
[0;32mI (800) SPIFFS: file is empty '/spiffs/topic.txt'[0m
[0;32mI (800) main: file is empty[0m
[0;32mI (810) SPIFFS: Content successfully written to file '/spiffs/topic.txt'[0m
[0;31mE (820) FreeRTOS: FreeRTOS Task "reset_file_task" should not return, Aborting now![0m

abort() was called at PC 0x40089c07 on core 0


Backtrace: 0x400817d2:0x3ffbd290 0x400890dd:0x3ffbd2b0 0x40090895:0x3ffbd2d0 0x40089c07:0x3ffbd340




ELF file SHA256: a90f0ced6

Rebooting...
ets Jul 29 2019 12:21:46

rst:0xc (SW_CPU_RESET),boot:0x13 (SPI_FAST_FLASH_BOOT)
configsip: 0, SPIWP:0xee
clk_drv:0x00,q_drv:0x00,d_drv:0x00,cs0_drv:0x00,hd_drv:0x00,wp_drv:0x00
mode:DIO, clock div:2
load:0x3fff0030,len:7172
load:0x40078000,len:15540
load:0x40080400,len:4
ho 8 tail 4 room 4
load:0x40080404,len:3904
entry 0x40080640
[0;32mI (31) boot: ESP-IDF v5.2.1-dirty 2nd stage bootloader[0m
[0;32mI (31) boot: compile time May  7 2024 11:27:35[0m
[0;32mI (31) boot: Multicore bootloader[0m
[0;32mI (36) boot: chip revision: v3.1[0m
[0;32mI (40) boot.esp32: SPI Speed      : 40MHz[0m
[0;32mI (44) boot.esp32: SPI Mode       : DIO[0m
[0;32mI (49) boot.esp32: SPI Flash Size : 2MB[0m
[0;32mI (53) boot: Enabling RNG early entropy source...[0m
[0;32mI (59) boot: Partition Table:[0m
[0;32mI (62) boot: ## Label            Usage          Type ST Offset   Length[0m
[0;32mI (70) boot:  0 nvs              WiFi data        01 02 00009000 00006000[0m
[0;32mI (77) boot:  1 phy_init         RF data          01 01 0000f000 00001000[0m
[0;32mI (84) boot:  2 factory          factory app      00 00 00010000 00100000[0m
[0;32mI (92) boot:  3 storage          Unknown data     01 82 00110000 000f0000[0m
[0;32mI (99) boot: End of partition table[0m
[0;32mI (104) esp_image: segment 0: paddr=00010020 vaddr=3f400020 size=25860h (153696) map[0m
[0;32mI (165) esp_image: segment 1: paddr=00035888 vaddr=3ffb0000 size=03bech ( 15340) load[0m
[0;32mI (171) esp_image: segment 2: paddr=0003947c vaddr=40080000 size=06b9ch ( 27548) load[0m
[0;32mI (182) esp_image: segment 3: paddr=00040020 vaddr=400d0020 size=92690h (599696) map[0m
[0;32mI (388) esp_image: segment 4: paddr=000d26b8 vaddr=40086b9c size=0fae0h ( 64224) load[0m
[0;32mI (424) boot: Loaded app from partition at offset 0x10000[0m
[0;32mI (424) boot: Disabling RNG early entropy source...[0m
[0;32mI (436) cpu_start: Multicore app[0m
[0;32mI (445) cpu_start: Pro cpu start user code[0m
[0;32mI (445) cpu_start: cpu freq: 160000000 Hz[0m
[0;32mI (445) cpu_start: Application information:[0m
[0;32mI (448) cpu_start: Project name:     project-name[0m
[0;32mI (453) cpu_start: App version:      1[0m
[0;32mI (457) cpu_start: Compile time:     May  8 2024 04:05:34[0m
[0;32mI (464) cpu_start: ELF file SHA256:  a90f0ced6...[0m
[0;32mI (469) cpu_start: ESP-IDF:          v5.2.1-dirty[0m
[0;32mI (474) cpu_start: Min chip rev:     v0.0[0m
[0;32mI (479) cpu_start: Max chip rev:     v3.99 [0m
[0;32mI (484) cpu_start: Chip rev:         v3.1[0m
[0;32mI (489) heap_init: Initializing. RAM available for dynamic allocation:[0m
[0;32mI (496) heap_init: At 3FFAE6E0 len 00001920 (6 KiB): DRAM[0m
[0;32mI (502) heap_init: At 3FFB8118 len 00027EE8 (159 KiB): DRAM[0m
[0;32mI (508) heap_init: At 3FFE0440 len 00003AE0 (14 KiB): D/IRAM[0m
[0;32mI (514) heap_init: At 3FFE4350 len 0001BCB0 (111 KiB): D/IRAM[0m
[0;32mI (521) heap_init: At 4009667C len 00009984 (38 KiB): IRAM[0m
[0;32mI (529) spi_flash: detected chip: generic[0m
[0;32mI (532) spi_flash: flash io: dio[0m
[0;33mW (536) spi_flash: Detected size(4096k) larger than the size in the binary image header(2048k). Using the size in the binary image header.[0m
[0;32mI (550) main_task: Started on CPU0[0m
[0;32mI (560) main_task: Calling app_main()[0m
[0;32mI (670) SPIFFS: SPIFFS initialized successfully[0m
[0;32mI (670) SPIFFS: Partition size: total: 896321, used: 1757[0m
[0;32mI (740) SPIFFS: Content successfully written to file '/spiffs/ssid.txt'[0m
[0;32mI (740) SPIFFS: file is empty '/spiffs/ssid.txt'[0m
[0;32mI (800) SPIFFS: Content successfully written to file '/spiffs/password.txt'[0m
[0;32mI (800) SPIFFS: file is empty '/spiffs/password.txt'[0m
[0;32mI (800) SPIFFS: file is empty '/spiffs/topic.txt'[0m
[0;32mI (800) main: file is empty[0m
[0;32mI (810) SPIFFS: Content successfully written to file '/spiffs/topic.txt'[0m
[0;31mE (820) FreeRTOS: FreeRTOS Task "reset_file_task" should not return, Aborting now![0m

abort() was called at PC 0x40089c07 on core 0


Backtrace: 0x400817d2:0x3ffbd290 0x400890dd:0x3ffbd2b0 0x40090895:0x3ffbd2d0 0x40089c07:0x3ffbd340




ELF file SHA256: a90f0ced6

Rebooting...
ets Jul 29 2019 12:21:46

rst:0xc (SW_CPU_RESET),boot:0x13 (SPI_FAST_FLASH_BOOT)
configsip: 0, SPIWP:0xee
clk_drv:0x00,q_drv:0x00,d_drv:0x00,cs0_drv:0x00,hd_drv:0x00,wp_drv:0x00
mode:DIO, clock div:2
load:0x3fff0030,len:7172
load:0x40078000,len:15540
load:0x40080400,len:4
ho 8 tail 4 room 4
load:0x40080404,len:3904
entry 0x40080640
[0;32mI (31) boot: ESP-IDF v5.2.1-dirty 2nd stage bootloader[0m
[0;32mI (31) boot: compile time May  7 2024 11:27:35[0m
[0;32mI (31) boot: Multicore bootloader[0m
[0;32mI (36) boot: chip revision: v3.1[0m
[0;32mI (40) boot.esp32: SPI Speed      : 40MHz[0m
[0;32mI (44) boot.esp32: SPI Mode       : DIO[0m
[0;32mI (49) boot.esp32: SPI Flash Size : 2MB[0m
[0;32mI (53) boot: Enabling RNG early entropy source...[0m
[0;32mI (59) boot: Partition Table:[0m
[0;32mI (62) boot: ## Label            Usage          Type ST Offset   Length[0m
[0;32mI (70) boot:  0 nvs              WiFi data        01 02 00009000 00006000[0m
[0;32mI (77) boot:  1 phy_init         RF data          01 01 0000f000 00001000[0m
[0;32mI (84) boot:  2 factory          factory app      00 00 00010000 00100000[0m
[0;32mI (92) boot:  3 storage          Unknown data     01 82 00110000 000f0000[0m
[0;32mI (99) boot: End of partition table[0m
[0;32mI (104) esp_image: segment 0: paddr=00010020 vaddr=3f400020 size=25860h (153696) map[0m
[0;32mI (165) esp_image: segment 1: paddr=00035888 vaddr=3ffb0000 size=03bech ( 15340) load[0m
[0;32mI (171) esp_image: segment 2: paddr=0003947c vaddr=40080000 size=06b9ch ( 27548) load[0m
[0;32mI (182) esp_image: segment 3: paddr=00040020 vaddr=400d0020 size=92690h (599696) map[0m
[0;32mI (388) esp_image: segment 4: paddr=000d26b8 vaddr=40086b9c size=0fae0h ( 64224) load[0m
[0;32mI (424) boot: Loaded app from partition at offset 0x10000[0m
[0;32mI (424) boot: Disabling RNG early entropy source...[0m
[0;32mI (436) cpu_start: Multicore app[0m
[0;32mI (445) cpu_start: Pro cpu start user code[0m
[0;32mI (445) cpu_start: cpu freq: 160000000 Hz[0m
[0;32mI (445) cpu_start: Application information:[0m
[0;32mI (448) cpu_start: Project name:     project-name[0m
[0;32mI (453) cpu_start: App version:      1[0m
[0;32mI (457) cpu_start: Compile time:     May  8 2024 04:05:34[0m
[0;32mI (464) cpu_start: ELF file SHA256:  a90f0ced6...[0m
[0;32mI (469) cpu_start: ESP-IDF:          v5.2.1-dirty[0m
[0;32mI (474) cpu_start: Min chip rev:     v0.0[0m
[0;32mI (479) cpu_start: Max chip rev:     v3.99 [0m
[0;32mI (484) cpu_start: Chip rev:         v3.1[0m
[0;32mI (489) heap_init: Initializing. RAM available for dynamic allocation:[0m
[0;32mI (496) heap_init: At 3FFAE6E0 len 00001920 (6 KiB): DRAM[0m
[0;32mI (502) heap_init: At 3FFB8118 len 00027EE8 (159 KiB): DRAM[0m
[0;32mI (508) heap_init: At 3FFE0440 len 00003AE0 (14 KiB): D/IRAM[0m
[0;32mI (514) heap_init: At 3FFE4350 len 0001BCB0 (111 KiB): D/IRAM[0m
[0;32mI (521) heap_init: At 4009667C len 00009984 (38 KiB): IRAM[0m
[0;32mI (529) spi_flash: detected chip: generic[0m
[0;32mI (532) spi_flash: flash io: dio[0m
[0;33mW (536) spi_flash: Detected size(4096k) larger than the size in the binary image header(2048k). Using the size in the binary image header.[0m
[0;32mI (550) main_task: Started on CPU0[0m
[0;32mI (560) main_task: Calling app_main()[0m
[0;32mI (670) SPIFFS: SPIFFS initialized successfully[0m
[0;32mI (670) SPIFFS: Partition size: total: 896321, used: 1757[0m
[0;32mI (740) SPIFFS: Content successfully written to file '/spiffs/ssid.txt'[0m
[0;32mI (740) SPIFFS: file is empty '/spiffs/ssid.txt'[0m
[0;32mI (800) SPIFFS: Content successfully written to file '/spiffs/password.txt'[0m
[0;32mI (800) SPIFFS: file is empty '/spiffs/password.txt'[0m
[0;32mI (800) SPIFFS: file is empty '/spiffs/topic.txt'[0m
[0;32mI (800) main: file is empty[0m
[0;32mI (810) SPIFFS: Content successfully written to file '/spiffs/topic.txt'[0m
[0;31mE (820) FreeRTOS: FreeRTOS Task "reset_file_task" should not return, Aborting now![0m

abort() was called at PC 0x40089c07 on core 0


Backtrace: 0x400817d2:0x3ffbd290 0x400890dd:0x3ffbd2b0 0x40090895:0x3ffbd2d0 0x40089c07:0x3ffbd340




ELF file SHA256: a90f0ced6

Rebooting...
ets Jul 29 2019 12:21:46

rst:0xc (SW_CPU_RESET),boot:0x13 (SPI_FAST_FLASH_BOOT)
configsip: 0, SPIWP:0xee
clk_drv:0x00,q_drv:0x00,d_drv:0x00,cs0_drv:0x00,hd_drv:0x00,wp_drv:0x00
mode:DIO, clock div:2
load:0x3fff0030,len:7172
load:0x40078000,len:15540
load:0x40080400,len:4
ho 8 tail 4 room 4
load:0x40080404,len:3904
entry 0x40080640
[0;32mI (31) boot: ESP-IDF v5.2.1-dirty 2nd stage bootloader[0m
[0;32mI (31) boot: compile time May  7 2024 11:27:35[0m
[0;32mI (31) boot: Multicore bootloader[0m
[0;32mI (36) boot: chip revision: v3.1[0m
[0;32mI (40) boot.esp32: SPI Speed      : 40MHz[0m
[0;32mI (44) boot.esp32: SPI Mode       : DIO[0m
[0;32mI (49) boot.esp32: SPI Flash Size : 2MB[0m
[0;32mI (53) boot: Enabling RNG early entropy source...[0m
[0;32mI (59) boot: Partition Table:[0m
[0;32mI (62) boot: ## Label            Usage          Type ST Offset   Length[0m
[0;32mI (70) boot:  0 nvs              WiFi data        01 02 00009000 00006000[0m
[0;32mI (77) boot:  1 phy_init         RF data          01 01 0000f000 00001000[0m
[0;32mI (84) boot:  2 factory          factory app      00 00 00010000 00100000[0m
[0;32mI (92) boot:  3 storage          Unknown data     01 82 00110000 000f0000[0m
[0;32mI (99) boot: End of partition table[0m
[0;32mI (104) esp_image: segment 0: paddr=00010020 vaddr=3f400020 size=25860h (153696) map[0m
[0;32mI (165) esp_image: segment 1: paddr=00035888 vaddr=3ffb0000 size=03bech ( 15340) load[0m
[0;32mI (171) esp_image: segment 2: paddr=0003947c vaddr=40080000 size=06b9ch ( 27548) load[0m
[0;32mI (182) esp_image: segment 3: paddr=00040020 vaddr=400d0020 size=92690h (599696) map[0m
[0;32mI (388) esp_image: segment 4: paddr=000d26b8 vaddr=40086b9c size=0fae0h ( 64224) load[0m
[0;32mI (424) boot: Loaded app from partition at offset 0x10000[0m
[0;32mI (424) boot: Disabling RNG early entropy source...[0m
[0;32mI (436) cpu_start: Multicore app[0m
[0;32mI (445) cpu_start: Pro cpu start user code[0m
[0;32mI (445) cpu_start: cpu freq: 160000000 Hz[0m
[0;32mI (445) cpu_start: Application information:[0m
[0;32mI (448) cpu_start: Project name:     project-name[0m
[0;32mI (453) cpu_start: App version:      1[0m
[0;32mI (457) cpu_start: Compile time:     May  8 2024 04:05:34[0m
[0;32mI (464) cpu_start: ELF file SHA256:  a90f0ced6...[0m
[0;32mI (469) cpu_start: ESP-IDF:          v5.2.1-dirty[0m
[0;32mI (474) cpu_start: Min chip rev:     v0.0[0m
[0;32mI (479) cpu_start: Max chip rev:     v3.99 [0m
[0;32mI (484) cpu_start: Chip rev:         v3.1[0m
[0;32mI (489) heap_init: Initializing. RAM available for dynamic allocation:[0m
[0;32mI (496) heap_init: At 3FFAE6E0 len 00001920 (6 KiB): DRAM[0m
[0;32mI (502) heap_init: At 3FFB8118 len 00027EE8 (159 KiB): DRAM[0m
[0;32mI (508) heap_init: At 3FFE0440 len 00003AE0 (14 KiB): D/IRAM[0m
[0;32mI (514) heap_init: At 3FFE4350 len 0001BCB0 (111 KiB): D/IRAM[0m
[0;32mI (521) heap_init: At 4009667C len 00009984 (38 KiB): IRAM[0m
[0;32mI (529) spi_flash: detected chip: generic[0m
[0;32mI (532) spi_flash: flash io: dio[0m
[0;33mW (536) spi_flash: Detected size(4096k) larger than the size in the binary image header(2048k). Using the size in the binary image header.[0m
[0;32mI (550) main_task: Started on CPU0[0m
[0;32mI (560) main_task: Calling app_main()[0m
[0;32mI (670) SPIFFS: SPIFFS initialized successfully[0m
[0;32mI (670) SPIFFS: Partition size: total: 896321, used: 1757[0m
[0;32mI (740) SPIFFS: Content successfully written to file '/spiffs/ssid.txt'[0m
[0;32mI (740) SPIFFS: file is empty '/spiffs/ssid.txt'[0m
[0;32mI (800) SPIFFS: Content successfully written to file '/spiffs/password.txt'[0m
[0;32mI (800) SPIFFS: file is empty '/spiffs/password.txt'[0m
[0;32mI (800) SPIFFS: file is empty '/spiffs/topic.txt'[0m
[0;32mI (800) main: file is empty[0m
[0;32mI (810) SPIFFS: Content successfully written to file '/spiffs/topic.txt'[0m
[0;31mE (820) FreeRTOS: FreeRTOS Task "reset_file_task" should not return, Aborting now![0m

abort() was called at PC 0x40089c07 on core 0


Backtrace: 0x400817d2:0x3ffbd290 0x400890dd:0x3ffbd2b0 0x40090895:0x3ffbd2d0 0x40089c07:0x3ffbd340




ELF file SHA256: a90f0ced6

Rebooting...
ets Jul 29 2019 12:21:46

rst:0xc (SW_CPU_RESET),boot:0x13 (SPI_FAST_FLASH_BOOT)
configsip: 0, SPIWP:0xee
clk_drv:0x00,q_drv:0x00,d_drv:0x00,cs0_drv:0x00,hd_drv:0x00,wp_drv:0x00
mode:DIO, clock div:2
load:0x3fff0030,len:7172
load:0x40078000,len:15540
load:0x40080400,len:4
ho 8 tail 4 room 4
load:0x40080404,len:3904
entry 0x40080640
[0;32mI (31) boot: ESP-IDF v5.2.1-dirty 2nd stage bootloader[0m
[0;32mI (31) boot: compile time May  7 2024 11:27:35[0m
[0;32mI (31) boot: Multicore bootloader[0m
[0;32mI (36) boot: chip revision: v3.1[0m
[0;32mI (40) boot.esp32: SPI Speed      : 40MHz[0m
[0;32mI (44) boot.esp32: SPI Mode       : DIO[0m
[0;32mI (49) boot.esp32: SPI Flash Size : 2MB[0m
[0;32mI (53) boot: Enabling RNG early entropy source...[0m
[0;32mI (59) boot: Partition Table:[0m
[0;32mI (62) boot: ## Label            Usage          Type ST Offset   Length[0m
[0;32mI (70) boot:  0 nvs              WiFi data        01 02 00009000 00006000[0m
[0;32mI (77) boot:  1 phy_init         RF data          01 01 0000f000 00001000[0m
[0;32mI (84) boot:  2 factory          factory app      00 00 00010000 00100000[0m
[0;32mI (92) boot:  3 storage          Unknown data     01 82 00110000 000f0000[0m
[0;32mI (99) boot: End of partition table[0m
[0;32mI (104) esp_image: segment 0: paddr=00010020 vaddr=3f400020 size=25860h (153696) map[0m
[0;32mI (165) esp_image: segment 1: paddr=00035888 vaddr=3ffb0000 size=03bech ( 15340) load[0m
[0;32mI (171) esp_image: segment 2: paddr=0003947c vaddr=40080000 size=06b9ch ( 27548) load[0m
[0;32mI (182) esp_image: segment 3: paddr=00040020 vaddr=400d0020 size=92690h (599696) map[0m
[0;32mI (388) esp_image: segment 4: paddr=000d26b8 vaddr=40086b9c size=0fae0h ( 64224) load[0m
[0;32mI (424) boot: Loaded app from partition at offset 0x10000[0m
[0;32mI (424) boot: Disabling RNG early entropy source...[0m
[0;32mI (436) cpu_start: Multicore app[0m
[0;32mI (445) cpu_start: Pro cpu start user code[0m
[0;32mI (445) cpu_start: cpu freq: 160000000 Hz[0m
[0;32mI (445) cpu_start: Application information:[0m
[0;32mI (448) cpu_start: Project name:     project-name[0m
[0;32mI (453) cpu_start: App version:      1[0m
[0;32mI (457) cpu_start: Compile time:     May  8 2024 04:05:34[0m
[0;32mI (464) cpu_start: ELF file SHA256:  a90f0ced6...[0m
[0;32mI (469) cpu_start: ESP-IDF:          v5.2.1-dirty[0m
[0;32mI (474) cpu_start: Min chip rev:     v0.0[0m
[0;32mI (479) cpu_start: Max chip rev:     v3.99 [0m
[0;32mI (484) cpu_start: Chip rev:         v3.1[0m
[0;32mI (489) heap_init: Initializing. RAM available for dynamic allocation:[0m
[0;32mI (496) heap_init: At 3FFAE6E0 len 00001920 (6 KiB): DRAM[0m
[0;32mI (502) heap_init: At 3FFB8118 len 00027EE8 (159 KiB): DRAM[0m
[0;32mI (508) heap_init: At 3FFE0440 len 00003AE0 (14 KiB): D/IRAM[0m
[0;32mI (514) heap_init: At 3FFE4350 len 0001BCB0 (111 KiB): D/IRAM[0m
[0;32mI (521) heap_init: At 4009667C len 00009984 (38 KiB): IRAM[0m
[0;32mI (529) spi_flash: detected chip: generic[0m
[0;32mI (532) spi_flash: flash io: dio[0m
[0;33mW (536) spi_flash: Detected size(4096k) larger than the size in the binary image header(2048k). Using the size in the binary image header.[0m
[0;32mI (550) main_task: Started on CPU0[0m
[0;32mI (560) main_task: Calling app_main()[0m
[0;32mI (670) SPIFFS: SPIFFS initialized successfully[0m
[0;32mI (670) SPIFFS: Partition size: total: 896321, used: 1757[0m
[0;32mI (740) SPIFFS: Content successfully written to file '/spiffs/ssid.txt'[0m
[0;32mI (740) SPIFFS: file is empty '/spiffs/ssid.txt'[0m
[0;32mI (800) SPIFFS: Content successfully written to file '/spiffs/password.txt'[0m
[0;32mI (800) SPIFFS: file is empty '/spiffs/password.txt'[0m
[0;32mI (800) SPIFFS: file is empty '/spiffs/topic.txt'[0m
[0;32mI (800) main: file is empty[0m
[0;32mI (810) SPIFFS: Content successfully written to file '/spiffs/topic.txt'[0m
[0;31mE (820) FreeRTOS: FreeRTOS Task "reset_file_task" should not return, Aborting now![0m

abort() was called at PC 0x40089c07 on core 0


Backtrace: 0x400817d2:0x3ffbd290 0x400890dd:0x3ffbd2b0 0x40090895:0x3ffbd2d0 0x40089c07:0x3ffbd340




ELF file SHA256: a90f0ced6

Rebooting...
ets Jul 29 2019 12:21:46

rst:0xc (SW_CPU_RESET),boot:0x13 (SPI_FAST_FLASH_BOOT)
configsip: 0, SPIWP:0xee
clk_drv:0x00,q_drv:0x00,d_drv:0x00,cs0_drv:0x00,hd_drv:0x00,wp_drv:0x00
mode:DIO, clock div:2
load:0x3fff0030,len:7172
load:0x40078000,len:15540
load:0x40080400,len:4
ho 8 tail 4 room 4
load:0x40080404,len:3904
entry 0x40080640
[0;32mI (31) boot: ESP-IDF v5.2.1-dirty 2nd stage bootloader[0m
[0;32mI (31) boot: compile time May  7 2024 11:27:35[0m
[0;32mI (31) boot: Multicore bootloader[0m
[0;32mI (36) boot: chip revision: v3.1[0m
[0;32mI (40) boot.esp32: SPI Speed      : 40MHz[0m
[0;32mI (44) boot.esp32: SPI Mode       : DIO[0m
[0;32mI (49) boot.esp32: SPI Flash Size : 2MB[0m
[0;32mI (53) boot: Enabling RNG early entropy source...[0m
[0;32mI (59) boot: Partition Table:[0m
[0;32mI (62) boot: ## Label            Usage          Type ST Offset   Length[0m
[0;32mI (70) boot:  0 nvs              WiFi data        01 02 00009000 00006000[0m
[0;32mI (77) boot:  1 phy_init         RF data          01 01 0000f000 00001000[0m
[0;32mI (84) boot:  2 factory          factory app      00 00 00010000 00100000[0m
[0;32mI (92) boot:  3 storage          Unknown data     01 82 00110000 000f0000[0m
[0;32mI (99) boot: End of partition table[0m
[0;32mI (104) esp_image: segment 0: paddr=00010020 vaddr=3f400020 size=25860h (153696) map[0m
[0;32mI (165) esp_image: segment 1: paddr=00035888 vaddr=3ffb0000 size=03bech ( 15340) load[0m
[0;32mI (171) esp_image: segment 2: paddr=0003947c vaddr=40080000 size=06b9ch ( 27548) load[0m
[0;32mI (182) esp_image: segment 3: paddr=00040020 vaddr=400d0020 size=92690h (599696) map[0m
[0;32mI (388) esp_image: segment 4: paddr=000d26b8 vaddr=40086b9c size=0fae0h ( 64224) load[0m
[0;32mI (424) boot: Loaded app from partition at offset 0x10000[0m
[0;32mI (424) boot: Disabling RNG early entropy source...[0m
[0;32mI (436) cpu_start: Multicore app[0m
[0;32mI (445) cpu_start: Pro cpu start user code[0m
[0;32mI (445) cpu_start: cpu freq: 160000000 Hz[0m
[0;32mI (445) cpu_start: Application information:[0m
[0;32mI (448) cpu_start: Project name:     project-name[0m
[0;32mI (453) cpu_start: App version:      1[0m
[0;32mI (457) cpu_start: Compile time:     May  8 2024 04:05:34[0m
[0;32mI (464) cpu_start: ELF file SHA256:  a90f0ced6...[0m
[0;32mI (469) cpu_start: ESP-IDF:          v5.2.1-dirty[0m
[0;32mI (474) cpu_start: Min chip rev:     v0.0[0m
[0;32mI (479) cpu_start: Max chip rev:     v3.99 [0m
[0;32mI (484) cpu_start: Chip rev:         v3.1[0m
[0;32mI (489) heap_init: Initializing. RAM available for dynamic allocation:[0m
[0;32mI (496) heap_init: At 3FFAE6E0 len 00001920 (6 KiB): DRAM[0m
[0;32mI (502) heap_init: At 3FFB8118 len 00027EE8 (159 KiB): DRAM[0m
[0;32mI (508) heap_init: At 3FFE0440 len 00003AE0 (14 KiB): D/IRAM[0m
[0;32mI (514) heap_init: At 3FFE4350 len 0001BCB0 (111 KiB): D/IRAM[0m
[0;32mI (521) heap_init: At 4009667C len 00009984 (38 KiB): IRAM[0m
[0;32mI (529) spi_flash: detected chip: generic[0m
[0;32mI (532) spi_flash: flash io: dio[0m
[0;33mW (536) spi_flash: Detected size(4096k) larger than the size in the binary image header(2048k). Using the size in the binary image header.[0m
[0;32mI (550) main_task: Started on CPU0[0m
[0;32mI (560) main_task: Calling app_main()[0m
[0;32mI (670) SPIFFS: SPIFFS initialized successfully[0m
[0;32mI (670) SPIFFS: Partition size: total: 896321, used: 1757[0m
[0;32mI (740) SPIFFS: Content successfully written to file '/spiffs/ssid.txt'[0m
[0;32mI (740) SPIFFS: file is empty '/spiffs/ssid.txt'[0m
[0;32mI (800) SPIFFS: Content successfully written to file '/spiffs/password.txt'[0m
[0;32mI (800) SPIFFS: file is empty '/spiffs/password.txt'[0m
[0;32mI (800) SPIFFS: file is empty '/spiffs/topic.txt'[0m
[0;32mI (800) main: file is empty[0m
[0;32mI (810) SPIFFS: Content successfully written to file '/spiffs/topic.txt'[0m
[0;31mE (820) FreeRTOS: FreeRTOS Task "reset_file_task" should not return, Aborting now![0m

abort() was called at PC 0x40089c07 on core 0


Backtrace: 0x400817d2:0x3ffbd290 0x400890dd:0x3ffbd2b0 0x40090895:0x3ffbd2d0 0x40089c07:0x3ffbd340




ELF file SHA256: a90f0ced6

Rebooting...
ets Jul 29 2019 12:21:46

rst:0xc (SW_CPU_RESET),boot:0x13 (SPI_FAST_FLASH_BOOT)
configsip: 0, SPIWP:0xee
clk_drv:0x00,q_drv:0x00,d_drv:0x00,cs0_drv:0x00,hd_drv:0x00,wp_drv:0x00
mode:DIO, clock div:2
load:0x3fff0030,len:7172
load:0x40078000,len:15540
load:0x40080400,len:4
ho 8 tail 4 room 4
load:0x40080404,len:3904
entry 0x40080640
[0;32mI (31) boot: ESP-IDF v5.2.1-dirty 2nd stage bootloader[0m
[0;32mI (31) boot: compile time May  7 2024 11:27:35[0m
[0;32mI (31) boot: Multicore bootloader[0m
[0;32mI (36) boot: chip revision: v3.1[0m
[0;32mI (40) boot.esp32: SPI Speed      : 40MHz[0m
[0;32mI (44) boot.esp32: SPI Mode       : DIO[0m
[0;32mI (49) boot.esp32: SPI Flash Size : 2MB[0m
[0;32mI (53) boot: Enabling RNG early entropy source...[0m
[0;32mI (59) boot: Partition Table:[0m
[0;32mI (62) boot: ## Label            Usage          Type ST Offset   Length[0m
[0;32mI (70) boot:  0 nvs              WiFi data        01 02 00009000 00006000[0m
[0;32mI (77) boot:  1 phy_init         RF data          01 01 0000f000 00001000[0m
[0;32mI (84) boot:  2 factory          factory app      00 00 00010000 00100000[0m
[0;32mI (92) boot:  3 storage          Unknown data     01 82 00110000 000f0000[0m
[0;32mI (99) boot: End of partition table[0m
[0;32mI (104) esp_image: segment 0: paddr=00010020 vaddr=3f400020 size=25860h (153696) map[0m
[0;32mI (165) esp_image: segment 1: paddr=00035888 vaddr=3ffb0000 size=03bech ( 15340) load[0m
[0;32mI (171) esp_image: segment 2: paddr=0003947c vaddr=40080000 size=06b9ch ( 27548) load[0m
[0;32mI (182) esp_image: segment 3: paddr=00040020 vaddr=400d0020 size=92690h (599696) map[0m
[0;32mI (388) esp_image: segment 4: paddr=000d26b8 vaddr=40086b9c size=0fae0h ( 64224) load[0m
[0;32mI (424) boot: Loaded app from partition at offset 0x10000[0m
[0;32mI (424) boot: Disabling RNG early entropy source...[0m
[0;32mI (436) cpu_start: Multicore app[0m
[0;32mI (445) cpu_start: Pro cpu start user code[0m
[0;32mI (445) cpu_start: cpu freq: 160000000 Hz[0m
[0;32mI (445) cpu_start: Application information:[0m
[0;32mI (448) cpu_start: Project name:     project-name[0m
[0;32mI (453) cpu_start: App version:      1[0m
[0;32mI (457) cpu_start: Compile time:     May  8 2024 04:05:34[0m
[0;32mI (464) cpu_start: ELF file SHA256:  a90f0ced6...[0m
[0;32mI (469) cpu_start: ESP-IDF:          v5.2.1-dirty[0m
[0;32mI (474) cpu_start: Min chip rev:     v0.0[0m
[0;32mI (479) cpu_start: Max chip rev:     v3.99 [0m
[0;32mI (484) cpu_start: Chip rev:         v3.1[0m
[0;32mI (489) heap_init: Initializing. RAM available for dynamic allocation:[0m
[0;32mI (496) heap_init: At 3FFAE6E0 len 00001920 (6 KiB): DRAM[0m
[0;32mI (502) heap_init: At 3FFB8118 len 00027EE8 (159 KiB): DRAM[0m
[0;32mI (508) heap_init: At 3FFE0440 len 00003AE0 (14 KiB): D/IRAM[0m
[0;32mI (514) heap_init: At 3FFE4350 len 0001BCB0 (111 KiB): D/IRAM[0m
[0;32mI (521) heap_init: At 4009667C len 00009984 (38 KiB): IRAM[0m
[0;32mI (529) spi_flash: detected chip: generic[0m
[0;32mI (532) spi_flash: flash io: dio[0m
[0;33mW (536) spi_flash: Detected size(4096k) larger than the size in the binary image header(2048k). Using the size in the binary image header.[0m
[0;32mI (550) main_task: Started on CPU0[0m
[0;32mI (560) main_task: Calling app_main()[0m
[0;32mI (670) SPIFFS: SPIFFS initialized successfully[0m
[0;32mI (670) SPIFFS: Partition size: total: 896321, used: 1757[0m
[0;32mI (740) SPIFFS: Content successfully written to file '/spiffs/ssid.txt'[0m
[0;32mI (740) SPIFFS: file is empty '/spiffs/ssid.txt'[0m
[0;32mI (800) SPIFFS: Content successfully written to file '/spiffs/password.txt'[0m
[0;32mI (800) SPIFFS: file is empty '/spiffs/password.txt'[0m
[0;32mI (800) SPIFFS: file is empty '/spiffs/topic.txt'[0m
[0;32mI (800) main: file is empty[0m
[0;32mI (810) SPIFFS: Content successfully written to file '/spiffs/topic.txt'[0m
[0;31mE (820) FreeRTOS: FreeRTOS Task "reset_file_task" should not return, Aborting now![0m

abort() was called at PC 0x40089c07 on core 0


Backtrace: 0x400817d2:0x3ffbd290 0x400890dd:0x3ffbd2b0 0x40090895:0x3ffbd2d0 0x40089c07:0x3ffbd340




ELF file SHA256: a90f0ced6

Rebooting...
ets Jul 29 2019 12:21:46

rst:0xc (SW_CPU_RESET),boot:0x13 (SPI_FAST_FLASH_BOOT)
configsip: 0, SPIWP:0xee
clk_drv:0x00,q_drv:0x00,d_drv:0x00,cs0_drv:0x00,hd_drv:0x00,wp_drv:0x00
mode:DIO, clock div:2
load:0x3fff0030,len:7172
load:0x40078000,len:15540
load:0x40080400,len:4
ho 8 tail 4 room 4
load:0x40080404,len:3904
entry 0x40080640
[0;32mI (31) boot: ESP-IDF v5.2.1-dirty 2nd stage bootloader[0m
[0;32mI (31) boot: compile time May  7 2024 11:27:35[0m
[0;32mI (31) boot: Multicore bootloader[0m
[0;32mI (36) boot: chip revision: v3.1[0m
[0;32mI (40) boot.esp32: SPI Speed      : 40MHz[0m
[0;32mI (44) boot.esp32: SPI Mode       : DIO[0m
[0;32mI (49) boot.esp32: SPI Flash Size : 2MB[0m
[0;32mI (53) boot: Enabling RNG early entropy source...[0m
[0;32mI (59) boot: Partition Table:[0m
[0;32mI (62) boot: ## Label            Usage          Type ST Offset   Length[0m
[0;32mI (70) boot:  0 nvs              WiFi data        01 02 00009000 00006000[0m
[0;32mI (77) boot:  1 phy_init         RF data          01 01 0000f000 00001000[0m
[0;32mI (84) boot:  2 factory          factory app      00 00 00010000 00100000[0m
[0;32mI (92) boot:  3 storage          Unknown data     01 82 00110000 000f0000[0m
[0;32mI (99) boot: End of partition table[0m
[0;32mI (104) esp_image: segment 0: paddr=00010020 vaddr=3f400020 size=25860h (153696) map[0m
[0;32mI (165) esp_image: segment 1: paddr=00035888 vaddr=3ffb0000 size=03bech ( 15340) load[0m
[0;32mI (171) esp_image: segment 2: paddr=0003947c vaddr=40080000 size=06b9ch ( 27548) load[0m
[0;32mI (182) esp_image: segment 3: paddr=00040020 vaddr=400d0020 size=92690h (599696) map[0m
[0;32mI (388) esp_image: segment 4: paddr=000d26b8 vaddr=40086b9c size=0fae0h ( 64224) load[0m
[0;32mI (424) boot: Loaded app from partition at offset 0x10000[0m
[0;32mI (424) boot: Disabling RNG early entropy source...[0m
[0;32mI (436) cpu_start: Multicore app[0m
[0;32mI (445) cpu_start: Pro cpu start user code[0m
[0;32mI (445) cpu_start: cpu freq: 160000000 Hz[0m
[0;32mI (445) cpu_start: Application information:[0m
[0;32mI (448) cpu_start: Project name:     project-name[0m
[0;32mI (453) cpu_start: App version:      1[0m
[0;32mI (457) cpu_start: Compile time:     May  8 2024 04:05:34[0m
[0;32mI (464) cpu_start: ELF file SHA256:  a90f0ced6...[0m
[0;32mI (469) cpu_start: ESP-IDF:          v5.2.1-dirty[0m
[0;32mI (474) cpu_start: Min chip rev:     v0.0[0m
[0;32mI (479) cpu_start: Max chip rev:     v3.99 [0m
[0;32mI (484) cpu_start: Chip rev:         v3.1[0m
[0;32mI (489) heap_init: Initializing. RAM available for dynamic allocation:[0m
[0;32mI (496) heap_init: At 3FFAE6E0 len 00001920 (6 KiB): DRAM[0m
[0;32mI (502) heap_init: At 3FFB8118 len 00027EE8 (159 KiB): DRAM[0m
[0;32mI (508) heap_init: At 3FFE0440 len 00003AE0 (14 KiB): D/IRAM[0m
[0;32mI (514) heap_init: At 3FFE4350 len 0001BCB0 (111 KiB): D/IRAM[0m
[0;32mI (521) heap_init: At 4009667C len 00009984 (38 KiB): IRAM[0m
[0;32mI (529) spi_flash: detected chip: generic[0m
[0;32mI (532) spi_flash: flash io: dio[0m
[0;33mW (536) spi_flash: Detected size(4096k) larger than the size in the binary image header(2048k). Using the size in the binary image header.[0m
[0;32mI (550) main_task: Started on CPU0[0m
[0;32mI (560) main_task: Calling app_main()[0m
[0;32mI (670) SPIFFS: SPIFFS initialized successfully[0m
[0;32mI (670) SPIFFS: Partition size: total: 896321, used: 1757[0m
[0;32mI (740) SPIFFS: Content successfully written to file '/spiffs/ssid.txt'[0m
[0;32mI (740) SPIFFS: file is empty '/spiffs/ssid.txt'[0m
[0;32mI (800) SPIFFS: Content successfully written to file '/spiffs/password.txt'[0m
[0;32mI (800) SPIFFS: file is empty '/spiffs/password.txt'[0m
[0;32mI (800) SPIFFS: file is empty '/spiffs/topic.txt'[0m
[0;32mI (800) main: file is empty[0m
[0;32mI (810) SPIFFS: Content successfully written to file '/spiffs/topic.txt'[0m
[0;31mE (820) FreeRTOS: FreeRTOS Task "reset_file_task" should not return, Aborting now![0m

abort() was called at PC 0x40089c07 on core 0


Backtrace: 0x400817d2:0x3ffbd290 0x400890dd:0x3ffbd2b0 0x40090895:0x3ffbd2d0 0x40089c07:0x3ffbd340




ELF file SHA256: a90f0ced6

Rebooting...
ets Jul 29 2019 12:21:46

rst:0xc (SW_CPU_RESET),boot:0x13 (SPI_FAST_FLASH_BOOT)
configsip: 0, SPIWP:0xee
clk_drv:0x00,q_drv:0x00,d_drv:0x00,cs0_drv:0x00,hd_drv:0x00,wp_drv:0x00
mode:DIO, clock div:2
load:0x3fff0030,len:7172
load:0x40078000,len:15540
load:0x40080400,len:4
ho 8 tail 4 room 4
load:0x40080404,len:3904
entry 0x40080640
[0;32mI (31) boot: ESP-IDF v5.2.1-dirty 2nd stage bootloader[0m
[0;32mI (31) boot: compile time May  7 2024 11:27:35[0m
[0;32mI (31) boot: Multicore bootloader[0m
[0;32mI (36) boot: chip revision: v3.1[0m
[0;32mI (40) boot.esp32: SPI Speed      : 40MHz[0m
[0;32mI (44) boot.esp32: SPI Mode       : DIO[0m
[0;32mI (49) boot.esp32: SPI Flash Size : 2MB[0m
[0;32mI (53) boot: Enabling RNG early entropy source...[0m
[0;32mI (59) boot: Partition Table:[0m
[0;32mI (62) boot: ## Label            Usage          Type ST Offset   Length[0m
[0;32mI (70) boot:  0 nvs              WiFi data        01 02 00009000 00006000[0m
[0;32mI (77) boot:  1 phy_init         RF data          01 01 0000f000 00001000[0m
[0;32mI (84) boot:  2 factory          factory app      00 00 00010000 00100000[0m
[0;32mI (92) boot:  3 storage          Unknown data     01 82 00110000 000f0000[0m
[0;32mI (99) boot: End of partition table[0m
[0;32mI (104) esp_image: segment 0: paddr=00010020 vaddr=3f400020 size=25860h (153696) map[0m
[0;32mI (165) esp_image: segment 1: paddr=00035888 vaddr=3ffb0000 size=03bech ( 15340) load[0m
[0;32mI (171) esp_image: segment 2: paddr=0003947c vaddr=40080000 size=06b9ch ( 27548) load[0m
[0;32mI (182) esp_image: segment 3: paddr=00040020 vaddr=400d0020 size=92690h (599696) map[0m
[0;32mI (388) esp_image: segment 4: paddr=000d26b8 vaddr=40086b9c size=0fae0h ( 64224) load[0m
[0;32mI (424) boot: Loaded app from partition at offset 0x10000[0m
[0;32mI (424) boot: Disabling RNG early entropy source...[0m
[0;32mI (436) cpu_start: Multicore app[0m
[0;32mI (445) cpu_start: Pro cpu start user code[0m
[0;32mI (445) cpu_start: cpu freq: 160000000 Hz[0m
[0;32mI (445) cpu_start: Application information:[0m
[0;32mI (448) cpu_start: Project name:     project-name[0m
[0;32mI (453) cpu_start: App version:      1[0m
[0;32mI (457) cpu_start: Compile time:     May  8 2024 04:05:34[0m
[0;32mI (464) cpu_start: ELF file SHA256:  a90f0ced6...[0m
[0;32mI (469) cpu_start: ESP-IDF:          v5.2.1-dirty[0m
[0;32mI (474) cpu_start: Min chip rev:     v0.0[0m
[0;32mI (479) cpu_start: Max chip rev:     v3.99 [0m
[0;32mI (484) cpu_start: Chip rev:         v3.1[0m
[0;32mI (489) heap_init: Initializing. RAM available for dynamic allocation:[0m
[0;32mI (496) heap_init: At 3FFAE6E0 len 00001920 (6 KiB): DRAM[0m
[0;32mI (502) heap_init: At 3FFB8118 len 00027EE8 (159 KiB): DRAM[0m
[0;32mI (508) heap_init: At 3FFE0440 len 00003AE0 (14 KiB): D/IRAM[0m
[0;32mI (514) heap_init: At 3FFE4350 len 0001BCB0 (111 KiB): D/IRAM[0m
[0;32mI (521) heap_init: At 4009667C len 00009984 (38 KiB): IRAM[0m
[0;32mI (529) spi_flash: detected chip: generic[0m
[0;32mI (532) spi_flash: flash io: dio[0m
[0;33mW (536) spi_flash: Detected size(4096k) larger than the size in the binary image header(2048k). Using the size in the binary image header.[0m
[0;32mI (550) main_task: Started on CPU0[0m
[0;32mI (560) main_task: Calling app_main()[0m
[0;32mI (670) SPIFFS: SPIFFS initialized successfully[0m
[0;32mI (670) SPIFFS: Partition size: total: 896321, used: 1757[0m
[0;32mI (740) SPIFFS: Content successfully written to file '/spiffs/ssid.txt'[0m
[0;32mI (740) SPIFFS: file is empty '/spiffs/ssid.txt'[0m
[0;32mI (800) SPIFFS: Content successfully written to file '/spiffs/password.txt'[0m
[0;32mI (800) SPIFFS: file is empty '/spiffs/password.txt'[0m
[0;32mI (800) SPIFFS: file is empty '/spiffs/topic.txt'[0m
[0;32mI (800) main: file is empty[0m
[0;32mI (810) SPIFFS: Content successfully written to file '/spiffs/topic.txt'[0m
[0;31mE (820) FreeRTOS: FreeRTOS Task "reset_file_task" should not return, Aborting now![0m

abort() was called at PC 0x40089c07 on core 0


Backtrace: 0x400817d2:0x3ffbd290 0x400890dd:0x3ffbd2b0 0x40090895:0x3ffbd2d0 0x40089c07:0x3ffbd340




ELF file SHA256: a90f0ced6

Rebooting...
ets Jul 29 2019 12:21:46

rst:0xc (SW_CPU_RESET),boot:0x13 (SPI_FAST_FLASH_BOOT)
configsip: 0, SPIWP:0xee
clk_drv:0x00,q_drv:0x00,d_drv:0x00,cs0_drv:0x00,hd_drv:0x00,wp_drv:0x00
mode:DIO, clock div:2
load:0x3fff0030,len:7172
load:0x40078000,len:15540
load:0x40080400,len:4
ho 8 tail 4 room 4
load:0x40080404,len:3904
entry 0x40080640
[0;32mI (31) boot: ESP-IDF v5.2.1-dirty 2nd stage bootloader[0m
[0;32mI (31) boot: compile time May  7 2024 11:27:35[0m
[0;32mI (31) boot: Multicore bootloader[0m
[0;32mI (36) boot: chip revision: v3.1[0m
[0;32mI (40) boot.esp32: SPI Speed      : 40MHz[0m
[0;32mI (44) boot.esp32: SPI Mode       : DIO[0m
[0;32mI (49) boot.esp32: SPI Flash Size : 2MB[0m
[0;32mI (53) boot: Enabling RNG early entropy source...[0m
[0;32mI (59) boot: Partition Table:[0m
[0;32mI (62) boot: ## Label            Usage          Type ST Offset   Length[0m
[0;32mI (70) boot:  0 nvs              WiFi data        01 02 00009000 00006000[0m
[0;32mI (77) boot:  1 phy_init         RF data          01 01 0000f000 00001000[0m
[0;32mI (84) boot:  2 factory          factory app      00 00 00010000 00100000[0m
[0;32mI (92) boot:  3 storage          Unknown data     01 82 00110000 000f0000[0m
[0;32mI (99) boot: End of partition table[0m
[0;32mI (104) esp_image: segment 0: paddr=00010020 vaddr=3f400020 size=25860h (153696) map[0m
[0;32mI (165) esp_image: segment 1: paddr=00035888 vaddr=3ffb0000 size=03bech ( 15340) load[0m
[0;32mI (171) esp_image: segment 2: paddr=0003947c vaddr=40080000 size=06b9ch ( 27548) load[0m
[0;32mI (182) esp_image: segment 3: paddr=00040020 vaddr=400d0020 size=92690h (599696) map[0m
[0;32mI (388) esp_image: segment 4: paddr=000d26b8 vaddr=40086b9c size=0fae0h ( 64224) load[0m
[0;32mI (424) boot: Loaded app from partition at offset 0x10000[0m
[0;32mI (424) boot: Disabling RNG early entropy source...[0m
[0;32mI (436) cpu_start: Multicore app[0m
[0;32mI (445) cpu_start: Pro cpu start user code[0m
[0;32mI (445) cpu_start: cpu freq: 160000000 Hz[0m
[0;32mI (445) cpu_start: Application information:[0m
[0;32mI (448) cpu_start: Project name:     project-name[0m
[0;32mI (453) cpu_start: App version:      1[0m
[0;32mI (457) cpu_start: Compile time:     May  8 2024 04:05:34[0m
[0;32mI (464) cpu_start: ELF file SHA256:  a90f0ced6...[0m
[0;32mI (469) cpu_start: ESP-IDF:          v5.2.1-dirty[0m
[0;32mI (474) cpu_start: Min chip rev:     v0.0[0m
[0;32mI (479) cpu_start: Max chip rev:     v3.99 [0m
[0;32mI (484) cpu_start: Chip rev:         v3.1[0m
[0;32mI (489) heap_init: Initializing. RAM available for dynamic allocation:[0m
[0;32mI (496) heap_init: At 3FFAE6E0 len 00001920 (6 KiB): DRAM[0m
[0;32mI (502) heap_init: At 3FFB8118 len 00027EE8 (159 KiB): DRAM[0m
[0;32mI (508) heap_init: At 3FFE0440 len 00003AE0 (14 KiB): D/IRAM[0m
[0;32mI (514) heap_init: At 3FFE4350 len 0001BCB0 (111 KiB): D/IRAM[0m
[0;32mI (521) heap_init: At 4009667C len 00009984 (38 KiB): IRAM[0m
[0;32mI (529) spi_flash: detected chip: generic[0m
[0;32mI (532) spi_flash: flash io: dio[0m
[0;33mW (536) spi_flash: Detected size(4096k) larger than the size in the binary image header(2048k). Using the size in the binary image header.[0m
[0;32mI (550) main_task: Started on CPU0[0m
[0;32mI (560) main_task: Calling app_main()[0m
[0;32mI (670) SPIFFS: SPIFFS initialized successfully[0m
[0;32mI (670) SPIFFS: Partition size: total: 896321, used: 1757[0m
[0;32mI (740) SPIFFS: Content successfully written to file '/spiffs/ssid.txt'[0m
[0;32mI (740) SPIFFS: file is empty '/spiffs/ssid.txt'[0m
[0;32mI (800) SPIFFS: Content successfully written to file '/spiffs/password.txt'[0m
[0;32mI (800) SPIFFS: file is empty '/spiffs/password.txt'[0m
[0;32mI (800) SPIFFS: file is empty '/spiffs/topic.txt'[0m
[0;32mI (800) main: file is empty[0m
[0;32mI (810) SPIFFS: Content successfully written to file '/spiffs/topic.txt'[0m
[0;31mE (820) FreeRTOS: FreeRTOS Task "reset_file_task" should not return, Aborting now![0m

abort() was called at PC 0x40089c07 on core 0


Backtrace: 0x400817d2:0x3ffbd290 0x400890dd:0x3ffbd2b0 0x40090895:0x3ffbd2d0 0x40089c07:0x3ffbd340




ELF file SHA256: a90f0ced6

Rebooting...
ets Jul 29 2019 12:21:46

rst:0xc (SW_CPU_RESET),boot:0x13 (SPI_FAST_FLASH_BOOT)
configsip: 0, SPIWP:0xee
clk_drv:0x00,q_drv:0x00,d_drv:0x00,cs0_drv:0x00,hd_drv:0x00,wp_drv:0x00
mode:DIO, clock div:2
load:0x3fff0030,len:7172
load:0x40078000,len:15540
load:0x40080400,len:4
ho 8 tail 4 room 4
load:0x40080404,len:3904
entry 0x40080640
[0;32mI (31) boot: ESP-IDF v5.2.1-dirty 2nd stage bootloader[0m
[0;32mI (31) boot: compile time May  7 2024 11:27:35[0m
[0;32mI (31) boot: Multicore bootloader[0m
[0;32mI (36) boot: chip revision: v3.1[0m
[0;32mI (40) boot.esp32: SPI Speed      : 40MHz[0m
[0;32mI (44) boot.esp32: SPI Mode       : DIO[0m
[0;32mI (49) boot.esp32: SPI Flash Size : 2MB[0m
[0;32mI (53) boot: Enabling RNG early entropy source...[0m
[0;32mI (59) boot: Partition Table:[0m
[0;32mI (62) boot: ## Label            Usage          Type ST Offset   Length[0m
[0;32mI (70) boot:  0 nvs              WiFi data        01 02 00009000 00006000[0m
[0;32mI (77) boot:  1 phy_init         RF data          01 01 0000f000 00001000[0m
[0;32mI (84) boot:  2 factory          factory app      00 00 00010000 00100000[0m
[0;32mI (92) boot:  3 storage          Unknown data     01 82 00110000 000f0000[0m
[0;32mI (99) boot: End of partition table[0m
[0;32mI (104) esp_image: segment 0: paddr=00010020 vaddr=3f400020 size=25860h (153696) map[0m
[0;32mI (165) esp_image: segment 1: paddr=00035888 vaddr=3ffb0000 size=03bech ( 15340) load[0m
[0;32mI (171) esp_image: segment 2: paddr=0003947c vaddr=40080000 size=06b9ch ( 27548) load[0m
[0;32mI (182) esp_image: segment 3: paddr=00040020 vaddr=400d0020 size=92690h (599696) map[0m
[0;32mI (388) esp_image: segment 4: paddr=000d26b8 vaddr=40086b9c size=0fae0h ( 64224) load[0m
[0;32mI (424) boot: Loaded app from partition at offset 0x10000[0m
[0;32mI (424) boot: Disabling RNG early entropy source...[0m
[0;32mI (436) cpu_start: Multicore app[0m
[0;32mI (445) cpu_start: Pro cpu start user code[0m
[0;32mI (445) cpu_start: cpu freq: 160000000 Hz[0m
[0;32mI (445) cpu_start: Application information:[0m
[0;32mI (448) cpu_start: Project name:     project-name[0m
[0;32mI (453) cpu_start: App version:      1[0m
[0;32mI (457) cpu_start: Compile time:     May  8 2024 04:05:34[0m
[0;32mI (464) cpu_start: ELF file SHA256:  a90f0ced6...[0m
[0;32mI (469) cpu_start: ESP-IDF:          v5.2.1-dirty[0m
[0;32mI (474) cpu_start: Min chip rev:     v0.0[0m
[0;32mI (479) cpu_start: Max chip rev:     v3.99 [0m
[0;32mI (484) cpu_start: Chip rev:         v3.1[0m
[0;32mI (489) heap_init: Initializing. RAM available for dynamic allocation:[0m
[0;32mI (496) heap_init: At 3FFAE6E0 len 00001920 (6 KiB): DRAM[0m
[0;32mI (502) heap_init: At 3FFB8118 len 00027EE8 (159 KiB): DRAM[0m
[0;32mI (508) heap_init: At 3FFE0440 len 00003AE0 (14 KiB): D/IRAM[0m
[0;32mI (514) heap_init: At 3FFE4350 len 0001BCB0 (111 KiB): D/IRAM[0m
[0;32mI (521) heap_init: At 4009667C len 00009984 (38 KiB): IRAM[0m
[0;32mI (529) spi_flash: detected chip: generic[0m
[0;32mI (532) spi_flash: flash io: dio[0m
[0;33mW (536) spi_flash: Detected size(4096k) larger than the size in the binary image header(2048k). Using the size in the binary image header.[0m
[0;32mI (550) main_task: Started on CPU0[0m
[0;32mI (560) main_task: Calling app_main()[0m
[0;32mI (670) SPIFFS: SPIFFS initialized successfully[0m
[0;32mI (670) SPIFFS: Partition size: total: 896321, used: 1757[0m
[0;32mI (740) SPIFFS: Content successfully written to file '/spiffs/ssid.txt'[0m
[0;32mI (740) SPIFFS: file is empty '/spiffs/ssid.txt'[0m
[0;32mI (800) SPIFFS: Content successfully written to file '/spiffs/password.txt'[0m
[0;32mI (800) SPIFFS: file is empty '/spiffs/password.txt'[0m
[0;32mI (800) SPIFFS: file is empty '/spiffs/topic.txt'[0m
[0;32mI (800) main: file is empty[0m
[0;32mI (810) SPIFFS: Content successfully written to file '/spiffs/topic.txt'[0m
[0;31mE (820) FreeRTOS: FreeRTOS Task "reset_file_task" should not return, Aborting now![0m

abort() was called at PC 0x40089c07 on core 0


Backtrace: 0x400817d2:0x3ffbd290 0x400890dd:0x3ffbd2b0 0x40090895:0x3ffbd2d0 0x40089c07:0x3ffbd340




ELF file SHA256: a90f0ced6

Rebooting...
ets Jul 29 2019 12:21:46

rst:0xc (SW_CPU_RESET),boot:0x13 (SPI_FAST_FLASH_BOOT)
configsip: 0, SPIWP:0xee
clk_drv:0x00,q_drv:0x00,d_drv:0x00,cs0_drv:0x00,hd_drv:0x00,wp_drv:0x00
mode:DIO, clock div:2
load:0x3fff0030,len:7172
load:0x40078000,len:15540
load:0x40080400,len:4
ho 8 tail 4 room 4
load:0x40080404,len:3904
entry 0x40080640
[0;32mI (31) boot: ESP-IDF v5.2.1-dirty 2nd stage bootloader[0m
[0;32mI (31) boot: compile time May  7 2024 11:27:35[0m
[0;32mI (31) boot: Multicore bootloader[0m
[0;32mI (36) boot: chip revision: v3.1[0m
[0;32mI (40) boot.esp32: SPI Speed      : 40MHz[0m
[0;32mI (44) boot.esp32: SPI Mode       : DIO[0m
[0;32mI (49) boot.esp32: SPI Flash Size : 2MB[0m
[0;32mI (53) boot: Enabling RNG early entropy source...[0m
[0;32mI (59) boot: Partition Table:[0m
[0;32mI (62) boot: ## Label            Usage          Type ST Offset   Length[0m
[0;32mI (70) boot:  0 nvs              WiFi data        01 02 00009000 00006000[0m
[0;32mI (77) boot:  1 phy_init         RF data          01 01 0000f000 00001000[0m
[0;32mI (84) boot:  2 factory          factory app      00 00 00010000 00100000[0m
[0;32mI (92) boot:  3 storage          Unknown data     01 82 00110000 000f0000[0m
[0;32mI (99) boot: End of partition table[0m
[0;32mI (104) esp_image: segment 0: paddr=00010020 vaddr=3f400020 size=25860h (153696) map[0m
[0;32mI (165) esp_image: segment 1: paddr=00035888 vaddr=3ffb0000 size=03bech ( 15340) load[0m
[0;32mI (171) esp_image: segment 2: paddr=0003947c vaddr=40080000 size=06b9ch ( 27548) load[0m
[0;32mI (182) esp_image: segment 3: paddr=00040020 vaddr=400d0020 size=92690h (599696) map[0m
[0;32mI (388) esp_image: segment 4: paddr=000d26b8 vaddr=40086b9c size=0fae0h ( 64224) load[0m
[0;32mI (424) boot: Loaded app from partition at offset 0x10000[0m
[0;32mI (424) boot: Disabling RNG early entropy source...[0m
[0;32mI (436) cpu_start: Multicore app[0m
[0;32mI (445) cpu_start: Pro cpu start user code[0m
[0;32mI (445) cpu_start: cpu freq: 160000000 Hz[0m
[0;32mI (445) cpu_start: Application information:[0m
[0;32mI (448) cpu_start: Project name:     project-name[0m
[0;32mI (453) cpu_start: App version:      1[0m
[0;32mI (458) cpu_start: Compile time:     May  8 2024 04:05:34[0m
[0;32mI (464) cpu_start: ELF file SHA256:  a90f0ced6...[0m
[0;32mI (469) cpu_start: ESP-IDF:          v5.2.1-dirty[0m
[0;32mI (474) cpu_start: Min chip rev:     v0.0[0m
[0;32mI (479) cpu_start: Max chip rev:     v3.99 [0m
[0;32mI (484) cpu_start: Chip rev:         v3.1[0m
[0;32mI (489) heap_init: Initializing. RAM available for dynamic allocation:[0m
[0;32mI (496) heap_init: At 3FFAE6E0 len 00001920 (6 KiB): DRAM[0m
[0;32mI (502) heap_init: At 3FFB8118 len 00027EE8 (159 KiB): DRAM[0m
[0;32mI (508) heap_init: At 3FFE0440 len 00003AE0 (14 KiB): D/IRAM[0m
[0;32mI (514) heap_init: At 3FFE4350 len 0001BCB0 (111 KiB): D/IRAM[0m
[0;32mI (521) heap_init: At 4009667C len 00009984 (38 KiB): IRAM[0m
[0;32mI (529) spi_flash: detected chip: generic[0m
[0;32mI (532) spi_flash: flash io: dio[0m
[0;33mW (536) spi_flash: Detected size(4096k) larger than the size in the binary image header(2048k). Using the size in the binary image header.[0m
[0;32mI (550) main_task: Started on CPU0[0m
[0;32mI (560) main_task: Calling app_main()[0m
[0;32mI (670) SPIFFS: SPIFFS initialized successfully[0m
[0;32mI (670) SPIFFS: Partition size: total: 896321, used: 1757[0m
[0;32mI (740) SPIFFS: Content successfully written to file '/spiffs/ssid.txt'[0m
[0;32mI (740) SPIFFS: file is empty '/spiffs/ssid.txt'[0m
[0;32mI (800) SPIFFS: Content successfully written to file '/spiffs/password.txt'[0m
[0;32mI (800) SPIFFS: file is empty '/spiffs/password.txt'[0m
[0;32mI (800) SPIFFS: file is empty '/spiffs/topic.txt'[0m
[0;32mI (800) main: file is empty[0m
[0;32mI (810) SPIFFS: Content successfully written to file '/spiffs/topic.txt'[0m
[0;31mE (820) FreeRTOS: FreeRTOS Task "reset_file_task" should not return, Aborting now![0m

abort() was called at PC 0x40089c07 on core 0


Backtrace: 0x400817d2:0x3ffbd290 0x400890dd:0x3ffbd2b0 0x40090895:0x3ffbd2d0 0x40089c07:0x3ffbd340




ELF file SHA256: a90f0ced6

Rebooting...
ets Jul 29 2019 12:21:46

rst:0xc (SW_CPU_RESET),boot:0x13 (SPI_FAST_FLASH_BOOT)
configsip: 0, SPIWP:0xee
clk_drv:0x00,q_drv:0x00,d_drv:0x00,cs0_drv:0x00,hd_drv:0x00,wp_drv:0x00
mode:DIO, clock div:2
load:0x3fff0030,len:7172
load:0x40078000,len:15540
load:0x40080400,len:4
ho 8 tail 4 room 4
load:0x40080404,len:3904
entry 0x40080640
[0;32mI (31) boot: ESP-IDF v5.2.1-dirty 2nd stage bootloader[0m
[0;32mI (31) boot: compile time May  7 2024 11:27:35[0m
[0;32mI (31) boot: Multicore bootloader[0m
[0;32mI (36) boot: chip revision: v3.1[0m
[0;32mI (40) boot.esp32: SPI Speed      : 40MHz[0m
[0;32mI (44) boot.esp32: SPI Mode       : DIO[0m
[0;32mI (49) boot.esp32: SPI Flash Size : 2MB[0m
[0;32mI (53) boot: Enabling RNG early entropy source...[0m
[0;32mI (59) boot: Partition Table:[0m
[0;32mI (62) boot: ## Label            Usage          Type ST Offset   Length[0m
[0;32mI (70) boot:  0 nvs              WiFi data        01 02 00009000 00006000[0m
[0;32mI (77) boot:  1 phy_init         RF data          01 01 0000f000 00001000[0m
[0;32mI (84) boot:  2 factory          factory app      00 00 00010000 00100000[0m
[0;32mI (92) boot:  3 storage          Unknown data     01 82 00110000 000f0000[0m
[0;32mI (99) boot: End of partition table[0m
[0;32mI (104) esp_image: segment 0: paddr=00010020 vaddr=3f400020 size=25860h (153696) map[0m
[0;32mI (165) esp_image: segment 1: paddr=00035888 vaddr=3ffb0000 size=03bech ( 15340) load[0m
[0;32mI (171) esp_image: segment 2: paddr=0003947c vaddr=40080000 size=06b9ch ( 27548) load[0m
[0;32mI (182) esp_image: segment 3: paddr=00040020 vaddr=400d0020 size=92690h (599696) map[0m
[0;32mI (388) esp_image: segment 4: paddr=000d26b8 vaddr=40086b9c size=0fae0h ( 64224) load[0m
[0;32mI (424) boot: Loaded app from partition at offset 0x10000[0m
[0;32mI (424) boot: Disabling RNG early entropy source...[0m
[0;32mI (436) cpu_start: Multicore app[0m
[0;32mI (445) cpu_start: Pro cpu start user code[0m
[0;32mI (445) cpu_start: cpu freq: 160000000 Hz[0m
[0;32mI (445) cpu_start: Application information:[0m
[0;32mI (448) cpu_start: Project name:     project-name[0m
[0;32mI (453) cpu_start: App version:      1[0m
[0;32mI (458) cpu_start: Compile time:     May  8 2024 04:05:34[0m
[0;32mI (464) cpu_start: ELF file SHA256:  a90f0ced6...[0m
[0;32mI (469) cpu_start: ESP-IDF:          v5.2.1-dirty[0m
[0;32mI (474) cpu_start: Min chip rev:     v0.0[0m
[0;32mI (479) cpu_start: Max chip rev:     v3.99 [0m
[0;32mI (484) cpu_start: Chip rev:         v3.1[0m
[0;32mI (489) heap_init: Initializing. RAM available for dynamic allocation:[0m
[0;32mI (496) heap_init: At 3FFAE6E0 len 00001920 (6 KiB): DRAM[0m
[0;32mI (502) heap_init: At 3FFB8118 len 00027EE8 (159 KiB): DRAM[0m
[0;32mI (508) heap_init: At 3FFE0440 len 00003AE0 (14 KiB): D/IRAM[0m
[0;32mI (514) heap_init: At 3FFE4350 len 0001BCB0 (111 KiB): D/IRAM[0m
[0;32mI (521) heap_init: At 4009667C len 00009984 (38 KiB): IRAM[0m
[0;32mI (529) spi_flash: detected chip: generic[0m
[0;32mI (532) spi_flash: flash io: dio[0m
[0;33mW (536) spi_flash: Detected size(4096k) larger than the size in the binary image header(2048k). Using the size in the binary image header.[0m
[0;32mI (550) main_task: Started on CPU0[0m
[0;32mI (560) main_task: Calling app_main()[0m
[0;32mI (670) SPIFFS: SPIFFS initialized successfully[0m
[0;32mI (670) SPIFFS: Partition size: total: 896321, used: 1757[0m
[0;32mI (740) SPIFFS: Content successfully written to file '/spiffs/ssid.txt'[0m
[0;32mI (740) SPIFFS: file is empty '/spiffs/ssid.txt'[0m
[0;32mI (800) SPIFFS: Content successfully written to file '/spiffs/password.txt'[0m
[0;32mI (800) SPIFFS: file is empty '/spiffs/password.txt'[0m
[0;32mI (800) SPIFFS: file is empty '/spiffs/topic.txt'[0m
[0;32mI (800) main: file is empty[0m
[0;32mI (810) SPIFFS: Content successfully written to file '/spiffs/topic.txt'[0m
[0;31mE (820) FreeRTOS: FreeRTOS Task "reset_file_task" should not return, Aborting now![0m

abort() was called at PC 0x40089c07 on core 0


Backtrace: 0x400817d2:0x3ffbd290 0x400890dd:0x3ffbd2b0 0x40090895:0x3ffbd2d0 0x40089c07:0x3ffbd340




ELF file SHA256: a90f0ced6

Rebooting...
ets Jul 29 2019 12:21:46

rst:0xc (SW_CPU_RESET),boot:0x13 (SPI_FAST_FLASH_BOOT)
configsip: 0, SPIWP:0xee
clk_drv:0x00,q_drv:0x00,d_drv:0x00,cs0_drv:0x00,hd_drv:0x00,wp_drv:0x00
mode:DIO, clock div:2
load:0x3fff0030,len:7172
load:0x40078000,len:15540
load:0x40080400,len:4
ho 8 tail 4 room 4
load:0x40080404,len:3904
entry 0x40080640
[0;32mI (31) boot: ESP-IDF v5.2.1-dirty 2nd stage bootloader[0m
[0;32mI (31) boot: compile time May  7 2024 11:27:35[0m
[0;32mI (31) boot: Multicore bootloader[0m
[0;32mI (36) boot: chip revision: v3.1[0m
[0;32mI (40) boot.esp32: SPI Speed      : 40MHz[0m
[0;32mI (44) boot.esp32: SPI Mode       : DIO[0m
[0;32mI (49) boot.esp32: SPI Flash Size : 2MB[0m
[0;32mI (53) boot: Enabling RNG early entropy source...[0m
[0;32mI (59) boot: Partition Table:[0m
[0;32mI (62) boot: ## Label            Usage          Type ST Offset   Length[0m
[0;32mI (70) boot:  0 nvs              WiFi data        01 02 00009000 00006000[0m
[0;32mI (77) boot:  1 phy_init         RF data          01 01 0000f000 00001000[0m
[0;32mI (84) boot:  2 factory          factory app      00 00 00010000 00100000[0m
[0;32mI (92) boot:  3 storage          Unknown data     01 82 00110000 000f0000[0m
[0;32mI (99) boot: End of partition table[0m
[0;32mI (104) esp_image: segment 0: paddr=00010020 vaddr=3f400020 size=25860h (153696) map[0m
[0;32mI (165) esp_image: segment 1: paddr=00035888 vaddr=3ffb0000 size=03bech ( 15340) load[0m
[0;32mI (171) esp_image: segment 2: paddr=0003947c vaddr=40080000 size=06b9ch ( 27548) load[0m
[0;32mI (182) esp_image: segment 3: paddr=00040020 vaddr=400d0020 size=92690h (599696) map[0m
[0;32mI (388) esp_image: segment 4: paddr=000d26b8 vaddr=40086b9c size=0fae0h ( 64224) load[0m
[0;32mI (424) boot: Loaded app from partition at offset 0x10000[0m
[0;32mI (424) boot: Disabling RNG early entropy source...[0m
[0;32mI (436) cpu_start: Multicore app[0m
[0;32mI (445) cpu_start: Pro cpu start user code[0m
[0;32mI (445) cpu_start: cpu freq: 160000000 Hz[0m
[0;32mI (445) cpu_start: Application information:[0m
[0;32mI (448) cpu_start: Project name:     project-name[0m
[0;32mI (453) cpu_start: App version:      1[0m
[0;32mI (457) cpu_start: Compile time:     May  8 2024 04:05:34[0m
[0;32mI (464) cpu_start: ELF file SHA256:  a90f0ced6...[0m
[0;32mI (469) cpu_start: ESP-IDF:          v5.2.1-dirty[0m
[0;32mI (474) cpu_start: Min chip rev:     v0.0[0m
[0;32mI (479) cpu_start: Max chip rev:     v3.99 [0m
[0;32mI (484) cpu_start: Chip rev:         v3.1[0m
[0;32mI (489) heap_init: Initializing. RAM available for dynamic allocation:[0m
[0;32mI (496) heap_init: At 3FFAE6E0 len 00001920 (6 KiB): DRAM[0m
[0;32mI (502) heap_init: At 3FFB8118 len 00027EE8 (159 KiB): DRAM[0m
[0;32mI (508) heap_init: At 3FFE0440 len 00003AE0 (14 KiB): D/IRAM[0m
[0;32mI (514) heap_init: At 3FFE4350 len 0001BCB0 (111 KiB): D/IRAM[0m
[0;32mI (521) heap_init: At 4009667C len 00009984 (38 KiB): IRAM[0m
[0;32mI (529) spi_flash: detected chip: generic[0m
[0;32mI (532) spi_flash: flash io: dio[0m
[0;33mW (536) spi_flash: Detected size(4096k) larger than the size in the binary image header(2048k). Using the size in the binary image header.[0m
[0;32mI (550) main_task: Started on CPU0[0m
[0;32mI (560) main_task: Calling app_main()[0m
[0;32mI (670) SPIFFS: SPIFFS initialized successfully[0m
[0;32mI (670) SPIFFS: Partition size: total: 896321, used: 1757[0m
[0;32mI (740) SPIFFS: Content successfully written to file '/spiffs/ssid.txt'[0m
[0;32mI (740) SPIFFS: file is empty '/spiffs/ssid.txt'[0m
[0;32mI (800) SPIFFS: Content successfully written to file '/spiffs/password.txt'[0m
[0;32mI (800) SPIFFS: file is empty '/spiffs/password.txt'[0m
[0;32mI (800) SPIFFS: file is empty '/spiffs/topic.txt'[0m
[0;32mI (800) main: file is empty[0m
[0;32mI (810) SPIFFS: Content successfully written to file '/spiffs/topic.txt'[0m
[0;31mE (820) FreeRTOS: FreeRTOS Task "reset_file_task" should not return, Aborting now![0m

abort() was called at PC 0x40089c07 on core 0


Backtrace: 0x400817d2:0x3ffbd290 0x400890dd:0x3ffbd2b0 0x40090895:0x3ffbd2d0 0x40089c07:0x3ffbd340




ELF file SHA256: a90f0ced6

Rebooting...
ets Jul 29 2019 12:21:46

rst:0xc (SW_CPU_RESET),boot:0x13 (SPI_FAST_FLASH_BOOT)
configsip: 0, SPIWP:0xee
clk_drv:0x00,q_drv:0x00,d_drv:0x00,cs0_drv:0x00,hd_drv:0x00,wp_drv:0x00
mode:DIO, clock div:2
load:0x3fff0030,len:7172
load:0x40078000,len:15540
load:0x40080400,len:4
ho 8 tail 4 room 4
load:0x40080404,len:3904
entry 0x40080640
[0;32mI (31) boot: ESP-IDF v5.2.1-dirty 2nd stage bootloader[0m
[0;32mI (31) boot: compile time May  7 2024 11:27:35[0m
[0;32mI (31) boot: Multicore bootloader[0m
[0;32mI (36) boot: chip revision: v3.1[0m
[0;32mI (40) boot.esp32: SPI Speed      : 40MHz[0m
[0;32mI (44) boot.esp32: SPI Mode       : DIO[0m
[0;32mI (49) boot.esp32: SPI Flash Size : 2MB[0m
[0;32mI (53) boot: Enabling RNG early entropy source...[0m
[0;32mI (59) boot: Partition Table:[0m
[0;32mI (62) boot: ## Label            Usage          Type ST Offset   Length[0m
[0;32mI (70) boot:  0 nvs              WiFi data        01 02 00009000 00006000[0m
[0;32mI (77) boot:  1 phy_init         RF data          01 01 0000f000 00001000[0m
[0;32mI (84) boot:  2 factory          factory app      00 00 00010000 00100000[0m
[0;32mI (92) boot:  3 storage          Unknown data     01 82 00110000 000f0000[0m
[0;32mI (99) boot: End of partition table[0m
[0;32mI (104) esp_image: segment 0: paddr=00010020 vaddr=3f400020 size=25860h (153696) map[0m
[0;32mI (165) esp_image: segment 1: paddr=00035888 vaddr=3ffb0000 size=03bech ( 15340) load[0m
[0;32mI (171) esp_image: segment 2: paddr=0003947c vaddr=40080000 size=06b9ch ( 27548) load[0m
[0;32mI (182) esp_image: segment 3: paddr=00040020 vaddr=400d0020 size=92690h (599696) map[0m
[0;32mI (388) esp_image: segment 4: paddr=000d26b8 vaddr=40086b9c size=0fae0h ( 64224) load[0m
[0;32mI (424) boot: Loaded app from partition at offset 0x10000[0m
[0;32mI (424) boot: Disabling RNG early entropy source...[0m
[0;32mI (436) cpu_start: Multicore app[0m
[0;32mI (445) cpu_start: Pro cpu start user code[0m
[0;32mI (445) cpu_start: cpu freq: 160000000 Hz[0m
[0;32mI (445) cpu_start: Application information:[0m
[0;32mI (448) cpu_start: Project name:     project-name[0m
[0;32mI (453) cpu_start: App version:      1[0m
[0;32mI (457) cpu_start: Compile time:     May  8 2024 04:05:34[0m
[0;32mI (464) cpu_start: ELF file SHA256:  a90f0ced6...[0m
[0;32mI (469) cpu_start: ESP-IDF:          v5.2.1-dirty[0m
[0;32mI (474) cpu_start: Min chip rev:     v0.0[0m
[0;32mI (479) cpu_start: Max chip rev:     v3.99 [0m
[0;32mI (484) cpu_start: Chip rev:         v3.1[0m
[0;32mI (489) heap_init: Initializing. RAM available for dynamic allocation:[0m
[0;32mI (496) heap_init: At 3FFAE6E0 len 00001920 (6 KiB): DRAM[0m
[0;32mI (502) heap_init: At 3FFB8118 len 00027EE8 (159 KiB): DRAM[0m
[0;32mI (508) heap_init: At 3FFE0440 len 00003AE0 (14 KiB): D/IRAM[0m
[0;32mI (514) heap_init: At 3FFE4350 len 0001BCB0 (111 KiB): D/IRAM[0m
[0;32mI (521) heap_init: At 4009667C len 00009984 (38 KiB): IRAM[0m
[0;32mI (529) spi_flash: detected chip: generic[0m
[0;32mI (532) spi_flash: flash io: dio[0m
[0;33mW (536) spi_flash: Detected size(4096k) larger than the size in the binary image header(2048k). Using the size in the binary image header.[0m
[0;32mI (550) main_task: Started on CPU0[0m
[0;32mI (560) main_task: Calling app_main()[0m
[0;32mI (670) SPIFFS: SPIFFS initialized successfully[0m
[0;32mI (670) SPIFFS: Partition size: total: 896321, used: 1757[0m
[0;32mI (740) SPIFFS: Content successfully written to file '/spiffs/ssid.txt'[0m
[0;32mI (740) SPIFFS: file is empty '/spiffs/ssid.txt'[0m
[0;32mI (800) SPIFFS: Content successfully written to file '/spiffs/password.txt'[0m
[0;32mI (800) SPIFFS: file is empty '/spiffs/password.txt'[0m
[0;32mI (800) SPIFFS: file is empty '/spiffs/topic.txt'[0m
[0;32mI (800) main: file is empty[0m
[0;32mI (810) SPIFFS: Content successfully written to file '/spiffs/topic.txt'[0m
[0;31mE (820) FreeRTOS: FreeRTOS Task "reset_file_task" should not return, Aborting now![0m

abort() was called at PC 0x40089c07 on core 0


Backtrace: 0x400817d2:0x3ffbd290 0x400890dd:0x3ffbd2b0 0x40090895:0x3ffbd2d0 0x40089c07:0x3ffbd340




ELF file SHA256: a90f0ced6

Rebooting...
ets Jul 29 2019 12:21:46

rst:0xc (SW_CPU_RESET),boot:0x13 (SPI_FAST_FLASH_BOOT)
configsip: 0, SPIWP:0xee
clk_drv:0x00,q_drv:0x00,d_drv:0x00,cs0_drv:0x00,hd_drv:0x00,wp_drv:0x00
mode:DIO, clock div:2
load:0x3fff0030,len:7172
load:0x40078000,len:15540
load:0x40080400,len:4
ho 8 tail 4 room 4
load:0x40080404,len:3904
entry 0x40080640
[0;32mI (31) boot: ESP-IDF v5.2.1-dirty 2nd stage bootloader[0m
[0;32mI (31) boot: compile time May  7 2024 11:27:35[0m
[0;32mI (31) boot: Multicore bootloader[0m
[0;32mI (36) boot: chip revision: v3.1[0m
[0;32mI (40) boot.esp32: SPI Speed      : 40MHz[0m
[0;32mI (44) boot.esp32: SPI Mode       : DIO[0m
[0;32mI (49) boot.esp32: SPI Flash Size : 2MB[0m
[0;32mI (53) boot: Enabling RNG early entropy source...[0m
[0;32mI (59) boot: Partition Table:[0m
[0;32mI (62) boot: ## Label            Usage          Type ST Offset   Length[0m
[0;32mI (70) boot:  0 nvs              WiFi data        01 02 00009000 00006000[0m
[0;32mI (77) boot:  1 phy_init         RF data          01 01 0000f000 00001000[0m
[0;32mI (84) boot:  2 factory          factory app      00 00 00010000 00100000[0m
[0;32mI (92) boot:  3 storage          Unknown data     01 82 00110000 000f0000[0m
[0;32mI (99) boot: End of partition table[0m
[0;32mI (104) esp_image: segment 0: paddr=00010020 vaddr=3f400020 size=25860h (153696) map[0m
[0;32mI (165) esp_image: segment 1: paddr=00035888 vaddr=3ffb0000 size=03bech ( 15340) load[0m
[0;32mI (171) esp_image: segment 2: paddr=0003947c vaddr=40080000 size=06b9ch ( 27548) load[0m
[0;32mI (182) esp_image: segment 3: paddr=00040020 vaddr=400d0020 size=92690h (599696) map[0m
[0;32mI (388) esp_image: segment 4: paddr=000d26b8 vaddr=40086b9c size=0fae0h ( 64224) load[0m
[0;32mI (424) boot: Loaded app from partition at offset 0x10000[0m
[0;32mI (424) boot: Disabling RNG early entropy source...[0m
[0;32mI (436) cpu_start: Multicore app[0m
[0;32mI (445) cpu_start: Pro cpu start user code[0m
[0;32mI (445) cpu_start: cpu freq: 160000000 Hz[0m
[0;32mI (445) cpu_start: Application information:[0m
[0;32mI (448) cpu_start: Project name:     project-name[0m
[0;32mI (453) cpu_start: App version:      1[0m
[0;32mI (457) cpu_start: Compile time:     May  8 2024 04:05:34[0m
[0;32mI (464) cpu_start: ELF file SHA256:  a90f0ced6...[0m
[0;32mI (469) cpu_start: ESP-IDF:          v5.2.1-dirty[0m
[0;32mI (474) cpu_start: Min chip rev:     v0.0[0m
[0;32mI (479) cpu_start: Max chip rev:     v3.99 [0m
[0;32mI (484) cpu_start: Chip rev:         v3.1[0m
[0;32mI (489) heap_init: Initializing. RAM available for dynamic allocation:[0m
[0;32mI (496) heap_init: At 3FFAE6E0 len 00001920 (6 KiB): DRAM[0m
[0;32mI (502) heap_init: At 3FFB8118 len 00027EE8 (159 KiB): DRAM[0m
[0;32mI (508) heap_init: At 3FFE0440 len 00003AE0 (14 KiB): D/IRAM[0m
[0;32mI (514) heap_init: At 3FFE4350 len 0001BCB0 (111 KiB): D/IRAM[0m
[0;32mI (521) heap_init: At 4009667C len 00009984 (38 KiB): IRAM[0m
[0;32mI (529) spi_flash: detected chip: generic[0m
[0;32mI (532) spi_flash: flash io: dio[0m
[0;33mW (536) spi_flash: Detected size(4096k) larger than the size in the binary image header(2048k). Using the size in the binary image header.[0m
[0;32mI (550) main_task: Started on CPU0[0m
[0;32mI (560) main_task: Calling app_main()[0m
[0;32mI (670) SPIFFS: SPIFFS initialized successfully[0m
[0;32mI (670) SPIFFS: Partition size: total: 896321, used: 1757[0m
[0;32mI (740) SPIFFS: Content successfully written to file '/spiffs/ssid.txt'[0m
[0;32mI (740) SPIFFS: file is empty '/spiffs/ssid.txt'[0m
[0;32mI (800) SPIFFS: Content successfully written to file '/spiffs/password.txt'[0m
[0;32mI (800) SPIFFS: file is empty '/spiffs/password.txt'[0m
[0;32mI (800) SPIFFS: file is empty '/spiffs/topic.txt'[0m
[0;32mI (800) main: file is empty[0m
[0;32mI (810) SPIFFS: Content successfully written to file '/spiffs/topic.txt'[0m
[0;31mE (820) FreeRTOS: FreeRTOS Task "reset_file_task" should not return, Aborting now![0m

abort() was called at PC 0x40089c07 on core 0


Backtrace: 0x400817d2:0x3ffbd290 0x400890dd:0x3ffbd2b0 0x40090895:0x3ffbd2d0 0x40089c07:0x3ffbd340




ELF file SHA256: a90f0ced6

Rebooting...
ets Jul 29 2019 12:21:46

rst:0xc (SW_CPU_RESET),boot:0x13 (SPI_FAST_FLASH_BOOT)
configsip: 0, SPIWP:0xee
clk_drv:0x00,q_drv:0x00,d_drv:0x00,cs0_drv:0x00,hd_drv:0x00,wp_drv:0x00
mode:DIO, clock div:2
load:0x3fff0030,len:7172
load:0x40078000,len:15540
load:0x40080400,len:4
ho 8 tail 4 room 4
load:0x40080404,len:3904
entry 0x40080640
[0;32mI (31) boot: ESP-IDF v5.2.1-dirty 2nd stage bootloader[0m
[0;32mI (31) boot: compile time May  7 2024 11:27:35[0m
[0;32mI (31) boot: Multicore bootloader[0m
[0;32mI (36) boot: chip revision: v3.1[0m
[0;32mI (40) boot.esp32: SPI Speed      : 40MHz[0m
[0;32mI (44) boot.esp32: SPI Mode       : DIO[0m
[0;32mI (49) boot.esp32: SPI Flash Size : 2MB[0m
[0;32mI (53) boot: Enabling RNG early entropy source...[0m
[0;32mI (59) boot: Partition Table:[0m
[0;32mI (62) boot: ## Label            Usage          Type ST Offset   Length[0m
[0;32mI (70) boot:  0 nvs              WiFi data        01 02 00009000 00006000[0m
[0;32mI (77) boot:  1 phy_init         RF data          01 01 0000f000 00001000[0m
[0;32mI (84) boot:  2 factory          factory app      00 00 00010000 00100000[0m
[0;32mI (92) boot:  3 storage          Unknown data     01 82 00110000 000f0000[0m
[0;32mI (99) boot: End of partition table[0m
[0;32mI (104) esp_image: segment 0: paddr=00010020 vaddr=3f400020 size=25860h (153696) map[0m
[0;32mI (165) esp_image: segment 1: paddr=00035888 vaddr=3ffb0000 size=03bech ( 15340) load[0m
[0;32mI (171) esp_image: segment 2: paddr=0003947c vaddr=40080000 size=06b9ch ( 27548) load[0m
[0;32mI (182) esp_image: segment 3: paddr=00040020 vaddr=400d0020 size=92690h (599696) map[0m
[0;32mI (388) esp_image: segment 4: paddr=000d26b8 vaddr=40086b9c size=0fae0h ( 64224) load[0m
[0;32mI (424) boot: Loaded app from partition at offset 0x10000[0m
[0;32mI (424) boot: Disabling RNG early entropy source...[0m
[0;32mI (436) cpu_start: Multicore app[0m
[0;32mI (445) cpu_start: Pro cpu start user code[0m
[0;32mI (445) cpu_start: cpu freq: 160000000 Hz[0m
[0;32mI (445) cpu_start: Application information:[0m
[0;32mI (448) cpu_start: Project name:     project-name[0m
[0;32mI (453) cpu_start: App version:      1[0m
[0;32mI (457) cpu_start: Compile time:     May  8 2024 04:05:34[0m
[0;32mI (464) cpu_start: ELF file SHA256:  a90f0ced6...[0m
[0;32mI (469) cpu_start: ESP-IDF:          v5.2.1-dirty[0m
[0;32mI (474) cpu_start: Min chip rev:     v0.0[0m
[0;32mI (479) cpu_start: Max chip rev:     v3.99 [0m
[0;32mI (484) cpu_start: Chip rev:         v3.1[0m
[0;32mI (489) heap_init: Initializing. RAM available for dynamic allocation:[0m
[0;32mI (496) heap_init: At 3FFAE6E0 len 00001920 (6 KiB): DRAM[0m
[0;32mI (502) heap_init: At 3FFB8118 len 00027EE8 (159 KiB): DRAM[0m
[0;32mI (508) heap_init: At 3FFE0440 len 00003AE0 (14 KiB): D/IRAM[0m
[0;32mI (514) heap_init: At 3FFE4350 len 0001BCB0 (111 KiB): D/IRAM[0m
[0;32mI (521) heap_init: At 4009667C len 00009984 (38 KiB): IRAM[0m
[0;32mI (529) spi_flash: detected chip: generic[0m
[0;32mI (532) spi_flash: flash io: dio[0m
[0;33mW (536) spi_flash: Detected size(4096k) larger than the size in the binary image header(2048k). Using the size in the binary image header.[0m
[0;32mI (550) main_task: Started on CPU0[0m
[0;32mI (560) main_task: Calling app_main()[0m
[0;32mI (670) SPIFFS: SPIFFS initialized successfully[0m
[0;32mI (670) SPIFFS: Partition size: total: 896321, used: 1757[0m
[0;32mI (740) SPIFFS: Content successfully written to file '/spiffs/ssid.txt'[0m
[0;32mI (740) SPIFFS: file is empty '/spiffs/ssid.txt'[0m
[0;32mI (800) SPIFFS: Content successfully written to file '/spiffs/password.txt'[0m
[0;32mI (800) SPIFFS: file is empty '/spiffs/password.txt'[0m
[0;32mI (800) SPIFFS: file is empty '/spiffs/topic.txt'[0m
[0;32mI (800) main: file is empty[0m
[0;32mI (810) SPIFFS: Content successfully written to file '/spiffs/topic.txt'[0m
[0;31mE (820) FreeRTOS: FreeRTOS Task "reset_file_task" should not return, Aborting now![0m

abort() was called at PC 0x40089c07 on core 0


Backtrace: 0x400817d2:0x3ffbd290 0x400890dd:0x3ffbd2b0 0x40090895:0x3ffbd2d0 0x40089c07:0x3ffbd340




ELF file SHA256: a90f0ced6

Rebooting...
ets Jul 29 2019 12:21:46

rst:0xc (SW_CPU_RESET),boot:0x13 (SPI_FAST_FLASH_BOOT)
configsip: 0, SPIWP:0xee
clk_drv:0x00,q_drv:0x00,d_drv:0x00,cs0_drv:0x00,hd_drv:0x00,wp_drv:0x00
mode:DIO, clock div:2
load:0x3fff0030,len:7172
load:0x40078000,len:15540
load:0x40080400,len:4
ho 8 tail 4 room 4
load:0x40080404,len:3904
entry 0x40080640
[0;32mI (31) boot: ESP-IDF v5.2.1-dirty 2nd stage bootloader[0m
[0;32mI (31) boot: compile time May  7 2024 11:27:35[0m
[0;32mI (31) boot: Multicore bootloader[0m
[0;32mI (36) boot: chip revision: v3.1[0m
[0;32mI (40) boot.esp32: SPI Speed      : 40MHz[0m
[0;32mI (44) boot.esp32: SPI Mode       : DIO[0m
[0;32mI (49) boot.esp32: SPI Flash Size : 2MB[0m
[0;32mI (53) boot: Enabling RNG early entropy source...[0m
[0;32mI (59) boot: Partition Table:[0m
[0;32mI (62) boot: ## Label            Usage          Type ST Offset   Length[0m
[0;32mI (70) boot:  0 nvs              WiFi data        01 02 00009000 00006000[0m
[0;32mI (77) boot:  1 phy_init         RF data          01 01 0000f000 00001000[0m
[0;32mI (84) boot:  2 factory          factory app      00 00 00010000 00100000[0m
[0;32mI (92) boot:  3 storage          Unknown data     01 82 00110000 000f0000[0m
[0;32mI (99) boot: End of partition table[0m
[0;32mI (104) esp_image: segment 0: paddr=00010020 vaddr=3f400020 size=25860h (153696) map[0m
[0;32mI (165) esp_image: segment 1: paddr=00035888 vaddr=3ffb0000 size=03bech ( 15340) load[0m
[0;32mI (171) esp_image: segment 2: paddr=0003947c vaddr=40080000 size=06b9ch ( 27548) load[0m
[0;32mI (182) esp_image: segment 3: paddr=00040020 vaddr=400d0020 size=92690h (599696) map[0m
[0;32mI (388) esp_image: segment 4: paddr=000d26b8 vaddr=40086b9c size=0fae0h ( 64224) load[0m
[0;32mI (424) boot: Loaded app from partition at offset 0x10000[0m
[0;32mI (424) boot: Disabling RNG early entropy source...[0m
[0;32mI (436) cpu_start: Multicore app[0m
[0;32mI (445) cpu_start: Pro cpu start user code[0m
[0;32mI (445) cpu_start: cpu freq: 160000000 Hz[0m
[0;32mI (445) cpu_start: Application information:[0m
[0;32mI (448) cpu_start: Project name:     project-name[0m
[0;32mI (453) cpu_start: App version:      1[0m
[0;32mI (457) cpu_start: Compile time:     May  8 2024 04:05:34[0m
[0;32mI (464) cpu_start: ELF file SHA256:  a90f0ced6...[0m
[0;32mI (469) cpu_start: ESP-IDF:          v5.2.1-dirty[0m
[0;32mI (474) cpu_start: Min chip rev:     v0.0[0m
[0;32mI (479) cpu_start: Max chip rev:     v3.99 [0m
[0;32mI (484) cpu_start: Chip rev:         v3.1[0m
[0;32mI (489) heap_init: Initializing. RAM available for dynamic allocation:[0m
[0;32mI (496) heap_init: At 3FFAE6E0 len 00001920 (6 KiB): DRAM[0m
[0;32mI (502) heap_init: At 3FFB8118 len 00027EE8 (159 KiB): DRAM[0m
[0;32mI (508) heap_init: At 3FFE0440 len 00003AE0 (14 KiB): D/IRAM[0m
[0;32mI (514) heap_init: At 3FFE4350 len 0001BCB0 (111 KiB): D/IRAM[0m
[0;32mI (521) heap_init: At 4009667C len 00009984 (38 KiB): IRAM[0m
[0;32mI (529) spi_flash: detected chip: generic[0m
[0;32mI (532) spi_flash: flash io: dio[0m
[0;33mW (536) spi_flash: Detected size(4096k) larger than the size in the binary image header(2048k). Using the size in the binary image header.[0m
[0;32mI (550) main_task: Started on CPU0[0m
[0;32mI (560) main_task: Calling app_main()[0m
[0;32mI (670) SPIFFS: SPIFFS initialized successfully[0m
[0;32mI (670) SPIFFS: Partition size: total: 896321, used: 1757[0m
[0;32mI (740) SPIFFS: Content successfully written to file '/spiffs/ssid.txt'[0m
[0;32mI (740) SPIFFS: file is empty '/spiffs/ssid.txt'[0m
[0;32mI (800) SPIFFS: Content successfully written to file '/spiffs/password.txt'[0m
[0;32mI (800) SPIFFS: file is empty '/spiffs/password.txt'[0m
[0;32mI (800) SPIFFS: file is empty '/spiffs/topic.txt'[0m
[0;32mI (800) main: file is empty[0m
[0;32mI (810) SPIFFS: Content successfully written to file '/spiffs/topic.txt'[0m
[0;31mE (820) FreeRTOS: FreeRTOS Task "reset_file_task" should not return, Aborting now![0m

abort() was called at PC 0x40089c07 on core 0


Backtrace: 0x400817d2:0x3ffbd290 0x400890dd:0x3ffbd2b0 0x40090895:0x3ffbd2d0 0x40089c07:0x3ffbd340




ELF file SHA256: a90f0ced6

Rebooting...
ets Jul 29 2019 12:21:46

rst:0xc (SW_CPU_RESET),boot:0x13 (SPI_FAST_FLASH_BOOT)
configsip: 0, SPIWP:0xee
clk_drv:0x00,q_drv:0x00,d_drv:0x00,cs0_drv:0x00,hd_drv:0x00,wp_drv:0x00
mode:DIO, clock div:2
load:0x3fff0030,len:7172
load:0x40078000,len:15540
load:0x40080400,len:4
ho 8 tail 4 room 4
load:0x40080404,len:3904
entry 0x40080640
[0;32mI (31) boot: ESP-IDF v5.2.1-dirty 2nd stage bootloader[0m
[0;32mI (31) boot: compile time May  7 2024 11:27:35[0m
[0;32mI (31) boot: Multicore bootloader[0m
[0;32mI (36) boot: chip revision: v3.1[0m
[0;32mI (40) boot.esp32: SPI Speed      : 40MHz[0m
[0;32mI (44) boot.esp32: SPI Mode       : DIO[0m
[0;32mI (49) boot.esp32: SPI Flash Size : 2MB[0m
[0;32mI (53) boot: Enabling RNG early entropy source...[0m
[0;32mI (59) boot: Partition Table:[0m
[0;32mI (62) boot: ## Label            Usage          Type ST Offset   Length[0m
[0;32mI (70) boot:  0 nvs              WiFi data        01 02 00009000 00006000[0m
[0;32mI (77) boot:  1 phy_init         RF data          01 01 0000f000 00001000[0m
[0;32mI (84) boot:  2 factory          factory app      00 00 00010000 00100000[0m
[0;32mI (92) boot:  3 storage          Unknown data     01 82 00110000 000f0000[0m
[0;32mI (99) boot: End of partition table[0m
[0;32mI (104) esp_image: segment 0: paddr=00010020 vaddr=3f400020 size=25860h (153696) map[0m
[0;32mI (165) esp_image: segment 1: paddr=00035888 vaddr=3ffb0000 size=03bech ( 15340) load[0m
[0;32mI (171) esp_image: segment 2: paddr=0003947c vaddr=40080000 size=06b9ch ( 27548) load[0m
[0;32mI (182) esp_image: segment 3: paddr=00040020 vaddr=400d0020 size=92690h (599696) map[0m
[0;32mI (388) esp_image: segment 4: paddr=000d26b8 vaddr=40086b9c size=0fae0h ( 64224) load[0m
[0;32mI (424) boot: Loaded app from partition at offset 0x10000[0m
[0;32mI (424) boot: Disabling RNG early entropy source...[0m
[0;32mI (436) cpu_start: Multicore app[0m
[0;32mI (445) cpu_start: Pro cpu start user code[0m
[0;32mI (445) cpu_start: cpu freq: 160000000 Hz[0m
[0;32mI (445) cpu_start: Application information:[0m
[0;32mI (448) cpu_start: Project name:     project-name[0m
[0;32mI (453) cpu_start: App version:      1[0m
[0;32mI (457) cpu_start: Compile time:     May  8 2024 04:05:34[0m
[0;32mI (464) cpu_start: ELF file SHA256:  a90f0ced6...[0m
[0;32mI (469) cpu_start: ESP-IDF:          v5.2.1-dirty[0m
[0;32mI (474) cpu_start: Min chip rev:     v0.0[0m
[0;32mI (479) cpu_start: Max chip rev:     v3.99 [0m
[0;32mI (484) cpu_start: Chip rev:         v3.1[0m
[0;32mI (489) heap_init: Initializing. RAM available for dynamic allocation:[0m
[0;32mI (496) heap_init: At 3FFAE6E0 len 00001920 (6 KiB): DRAM[0m
